<html>
<body>
<pre>
<h1>礦ision Build Log</h1>
<h2>Tool Versions:</h2>
IDE-Version: μVision V5.25.3.0
Copyright (C) 2018 ARM Ltd and ARM Germany GmbH. All rights reserved.
License Information: kk 王茗康, kkk, LIC=32B1Q-N09LR-74QS0-BSX01-JSC46-RVYQL
 
Tool Versions:
Toolchain:       MDK-ARM Plus  Version: 5.14.0.0
Toolchain Path:  D:\keil\ARM\ARMCC\Bin
C Compiler:      Armcc.exe V5.05 update 1 (build 106)
Assembler:       Armasm.exe V5.05 update 1 (build 106)
Linker/Locator:  ArmLink.exe V5.05 update 1 (build 106)
Library Manager: ArmAr.exe V5.05 update 1 (build 106)
Hex Converter:   FromElf.exe V5.05 update 1 (build 106)
CPU DLL:         SARMCM3.DLL V5.14.0.0
Dialog DLL:      DCM.DLL V1.13.1.0
Target DLL:      CMSIS_AGDI.dll V1.21.0.0
Dialog DLL:      TCM.DLL V1.14.4.0
 
<h2>Project:</h2>
D:\GitHub kk\GDUT-RC-CONTROL\第三组\no.7 NEW DEMO 1\USER\FreeRTOS.uvprojx
Project File Date:  11/06/2022

<h2>Output:</h2>
*** Using Compiler 'V5.05 update 1 (build 106)', folder: 'D:\keil\ARM\ARMCC\Bin'
Build target 'FreeRTOS'
compiling Auto_Task.c...
compiling m3508.c...
..\HARDWARE\m3508.c(126): warning:  #175-D: subscript out of range
  			M3508_CHASSIS_MOTOR_REAL_INFO[3].ANGLE   = (msg -> Data[0] << 8) | msg -> Data[1];  // 转子机械角度
..\HARDWARE\m3508.c(127): warning:  #175-D: subscript out of range
  			M3508_CHASSIS_MOTOR_REAL_INFO[3].RPM     = (msg -> Data[2] << 8) | msg -> Data[3];  // 实际转子转速
..\HARDWARE\m3508.c(128): warning:  #175-D: subscript out of range
  			M3508_CHASSIS_MOTOR_REAL_INFO[3].CURRENT = (msg -> Data[4] << 8) | msg -> Data[5];  // 实际转矩电流
..\HARDWARE\m3508.c(178): warning:  #175-D: subscript out of range
  	tx_message_1.Data[6] = (uint8_t)(M3508_CHASSIS_MOTOR_REAL_INFO[3].TARGET_CURRENT >> 8);
..\HARDWARE\m3508.c(179): warning:  #175-D: subscript out of range
  	tx_message_1.Data[7] = (uint8_t) M3508_CHASSIS_MOTOR_REAL_INFO[3].TARGET_CURRENT;
..\HARDWARE\m3508.c(327): warning:  #1035-D: single-precision operand implicitly converted to double-precision
  	if(ABS(S-Ssu)<0.0001){up_finished=1;}
..\HARDWARE\m3508.c: 6 warnings, 0 errors
linking...
Program Size: Code=31610 RO-data=718 RW-data=804 ZI-data=25116  
FromELF: creating hex file...
"..\OBJ\LED.axf" - 0 Error(s), 6 Warning(s).

<h2>Software Packages used:</h2>

Package Vendor: Keil
                http://www.keil.com/pack/Keil.STM32F4xx_DFP.2.13.0.pack
                Keil.STM32F4xx_DFP.2.13.0
                STMicroelectronics STM32F4 Series Device Support, Drivers and Examples

<h2>Collection of Component include folders:</h2>
  .\RTE\_FreeRTOS
  D:\keil\ARM\PACK\Keil\STM32F4xx_DFP\2.13.0\Drivers\CMSIS\Device\ST\STM32F4xx\Include

<h2>Collection of Component Files used:</h2>
Build Time Elapsed:  00:00:04
</pre>
</body>
</html>
