Component: ARM Compiler 5.05 update 1 (build 106) Tool: armlink [4d0efa]

==============================================================================

Section Cross References

    main.o(i.main) refers to misc.o(i.NVIC_PriorityGroupConfig) for NVIC_PriorityGroupConfig
    main.o(i.main) refers to delay.o(i.delay_init) for delay_init
    main.o(i.main) refers to move.o(i.MoveInit) for MoveInit
    main.o(i.main) refers to fsm.o(i.FSM_Init) for FSM_Init
    main.o(i.main) refers to can.o(i.CAN1_Init) for CAN1_Init
    main.o(i.main) refers to mit.o(i.AK80_Init) for AK80_Init
    main.o(i.main) refers to m3508.o(i.M3508_Motor_Init) for M3508_Motor_Init
    main.o(i.main) refers to tmotor.o(i.TMOTOR_init) for TMOTOR_init
    main.o(i.main) refers to delay.o(i.delay_ms) for delay_ms
    main.o(i.main) refers to bsp_air.o(i.bsp_Air_Init) for bsp_Air_Init
    main.o(i.main) refers to usart.o(i.uart_init) for uart_init
    main.o(i.main) refers to laser.o(i.usart2_init) for usart2_init
    main.o(i.main) refers to bsp_air.o(i.TIM2_GET_TIM_Init) for TIM2_GET_TIM_Init
    main.o(i.main) refers to action.o(i.Location_Init) for Location_Init
    main.o(i.main) refers to tasks.o(i.xTaskCreate) for xTaskCreate
    main.o(i.main) refers to tasks.o(i.vTaskStartScheduler) for vTaskStartScheduler
    main.o(i.main) refers to main.o(.data) for .data
    main.o(i.main) refers to main.o(i.start_task) for start_task
    main.o(i.start_task) refers to port.o(i.vPortEnterCritical) for vPortEnterCritical
    main.o(i.start_task) refers to tasks.o(i.xTaskCreate) for xTaskCreate
    main.o(i.start_task) refers to tasks.o(i.vTaskDelete) for vTaskDelete
    main.o(i.start_task) refers to port.o(i.vPortExitCritical) for vPortExitCritical
    main.o(i.start_task) refers to main.o(.data) for .data
    main.o(i.start_task) refers to move_task.o(i.move_task) for move_task
    main.o(i.start_task) refers to robot_state_task.o(i.Robot_state_task) for Robot_state_task
    main.o(i.start_task) refers to auto_task.o(i.Auto_Task) for Auto_Task
    main.o(i.start_task) refers to robot_state_task.o(i.Motor_Control) for Motor_Control
    main.o(i.start_task) refers to data_update.o(i.data_update) for data_update
    system_stm32f4xx.o(i.SystemCoreClockUpdate) refers to system_stm32f4xx.o(.data) for .data
    system_stm32f4xx.o(i.SystemInit) refers to system_stm32f4xx.o(i.SetSysClock) for SetSysClock
    action.o(i.Action_Uart_init) refers to stm32f4xx_rcc.o(i.RCC_AHB1PeriphClockCmd) for RCC_AHB1PeriphClockCmd
    action.o(i.Action_Uart_init) refers to stm32f4xx_rcc.o(i.RCC_APB1PeriphClockCmd) for RCC_APB1PeriphClockCmd
    action.o(i.Action_Uart_init) refers to stm32f4xx_gpio.o(i.GPIO_PinAFConfig) for GPIO_PinAFConfig
    action.o(i.Action_Uart_init) refers to stm32f4xx_gpio.o(i.GPIO_Init) for GPIO_Init
    action.o(i.Action_Uart_init) refers to stm32f4xx_usart.o(i.USART_Init) for USART_Init
    action.o(i.Action_Uart_init) refers to stm32f4xx_usart.o(i.USART_Cmd) for USART_Cmd
    action.o(i.Action_Uart_init) refers to misc.o(i.NVIC_Init) for NVIC_Init
    action.o(i.Action_Uart_init) refers to stm32f4xx_usart.o(i.USART_ITConfig) for USART_ITConfig
    action.o(i.Jiguang_Action_Update) refers to move.o(i.YawAdjust) for YawAdjust
    action.o(i.Jiguang_Action_Update) refers to jiguang.o(.data) for UPDATE_x
    action.o(i.Jiguang_Action_Update) refers to action.o(.bss) for .bss
    action.o(i.Location_Init) refers to action.o(i.Action_Uart_init) for Action_Uart_init
    action.o(i.UART4_IRQHandler) refers to stm32f4xx_usart.o(i.USART_GetITStatus) for USART_GetITStatus
    action.o(i.UART4_IRQHandler) refers to stm32f4xx_usart.o(i.USART_ReceiveData) for USART_ReceiveData
    action.o(i.UART4_IRQHandler) refers to action.o(i.Update_Action_gl_position) for Update_Action_gl_position
    action.o(i.UART4_IRQHandler) refers to stm32f4xx_usart.o(i.USART_ClearITPendingBit) for USART_ClearITPendingBit
    action.o(i.UART4_IRQHandler) refers to main.o(.data) for action_start_flag
    action.o(i.UART4_IRQHandler) refers to action.o(.data) for .data
    action.o(i.UART4_IRQHandler) refers to action.o(.bss) for .bss
    action.o(i.USART_SendString) refers to stm32f4xx_usart.o(i.USART_ClearFlag) for USART_ClearFlag
    action.o(i.USART_SendString) refers to stm32f4xx_usart.o(i.USART_SendData) for USART_SendData
    action.o(i.USART_SendString) refers to stm32f4xx_usart.o(i.USART_GetFlagStatus) for USART_GetFlagStatus
    action.o(i.Update_Action_gl_position) refers to f2d.o(x$fpl$f2d) for __aeabi_f2d
    action.o(i.Update_Action_gl_position) refers to sin.o(i.__hardfp_sin) for __hardfp_sin
    action.o(i.Update_Action_gl_position) refers to daddsub_clz.o(x$fpl$dadd) for __aeabi_dadd
    action.o(i.Update_Action_gl_position) refers to d2f.o(x$fpl$d2f) for __aeabi_d2f
    action.o(i.Update_Action_gl_position) refers to cos.o(i.__hardfp_cos) for __hardfp_cos
    action.o(i.Update_Action_gl_position) refers to daddsub_clz.o(x$fpl$dsub) for __aeabi_dsub
[...]
    _printf_percent                          0x0800023d   Thumb Code     0  _printf_percent.o(.ARM.Collect$$_printf_percent$$00000000)
    _printf_s                                0x08000243   Thumb Code     0  _printf_s.o(.ARM.Collect$$_printf_percent$$00000014)
    _printf_percent_end                      0x08000249   Thumb Code     0  _printf_percent_end.o(.ARM.Collect$$_printf_percent$$00000017)
    __rt_lib_init                            0x0800024d   Thumb Code     0  libinit.o(.ARM.Collect$$libinit$$00000000)
    __rt_lib_init_fp_1                       0x0800024f   Thumb Code     0  libinit2.o(.ARM.Collect$$libinit$$00000001)
    __rt_lib_init_alloca_1                   0x08000253   Thumb Code     0  libinit2.o(.ARM.Collect$$libinit$$0000002E)
    __rt_lib_init_argv_1                     0x08000253   Thumb Code     0  libinit2.o(.ARM.Collect$$libinit$$0000002C)
    __rt_lib_init_atexit_1                   0x08000253   Thumb Code     0  libinit2.o(.ARM.Collect$$libinit$$0000001B)
    __rt_lib_init_clock_1                    0x08000253   Thumb Code     0  libinit2.o(.ARM.Collect$$libinit$$00000021)
    __rt_lib_init_cpp_1                      0x08000253   Thumb Code     0  libinit2.o(.ARM.Collect$$libinit$$00000032)
    __rt_lib_init_exceptions_1               0x08000253   Thumb Code     0  libinit2.o(.ARM.Collect$$libinit$$00000030)
    __rt_lib_init_fp_trap_1                  0x08000253   Thumb Code     0  libinit2.o(.ARM.Collect$$libinit$$0000001F)
    __rt_lib_init_getenv_1                   0x08000253   Thumb Code     0  libinit2.o(.ARM.Collect$$libinit$$00000023)
    __rt_lib_init_heap_1                     0x08000253   Thumb Code     0  libinit2.o(.ARM.Collect$$libinit$$0000000A)
    __rt_lib_init_lc_collate_1               0x08000253   Thumb Code     0  libinit2.o(.ARM.Collect$$libinit$$00000011)
    __rt_lib_init_lc_ctype_1                 0x08000253   Thumb Code     0  libinit2.o(.ARM.Collect$$libinit$$00000013)
    __rt_lib_init_lc_monetary_1              0x08000253   Thumb Code     0  libinit2.o(.ARM.Collect$$libinit$$00000015)
    __rt_lib_init_lc_numeric_1               0x08000253   Thumb Code     0  libinit2.o(.ARM.Collect$$libinit$$00000017)
    __rt_lib_init_lc_time_1                  0x08000253   Thumb Code     0  libinit2.o(.ARM.Collect$$libinit$$00000019)
    __rt_lib_init_preinit_1                  0x08000253   Thumb Code     0  libinit2.o(.ARM.Collect$$libinit$$00000004)
    __rt_lib_init_rand_1                     0x08000253   Thumb Code     0  libinit2.o(.ARM.Collect$$libinit$$0000000E)
    __rt_lib_init_return                     0x08000253   Thumb Code     0  libinit2.o(.ARM.Collect$$libinit$$00000033)
    __rt_lib_init_signal_1                   0x08000253   Thumb Code     0  libinit2.o(.ARM.Collect$$libinit$$0000001D)
    __rt_lib_init_stdio_1                    0x08000253   Thumb Code     0  libinit2.o(.ARM.Collect$$libinit$$00000025)
    __rt_lib_init_user_alloc_1               0x08000253   Thumb Code     0  libinit2.o(.ARM.Collect$$libinit$$0000000C)
    __rt_lib_shutdown                        0x08000255   Thumb Code     0  libshutdown.o(.ARM.Collect$$libshutdown$$00000000)
    __rt_lib_shutdown_fp_trap_1              0x08000257   Thumb Code     0  libshutdown2.o(.ARM.Collect$$libshutdown$$00000006)
    __rt_lib_shutdown_heap_1                 0x08000257   Thumb Code     0  libshutdown2.o(.ARM.Collect$$libshutdown$$0000000E)
    __rt_lib_shutdown_return                 0x08000257   Thumb Code     0  libshutdown2.o(.ARM.Collect$$libshutdown$$0000000F)
    __rt_lib_shutdown_signal_1               0x08000257   Thumb Code     0  libshutdown2.o(.ARM.Collect$$libshutdown$$00000009)
    __rt_lib_shutdown_stdio_1                0x08000257   Thumb Code     0  libshutdown2.o(.ARM.Collect$$libshutdown$$00000003)
    __rt_lib_shutdown_user_alloc_1           0x08000257   Thumb Code     0  libshutdown2.o(.ARM.Collect$$libshutdown$$0000000B)
    __rt_entry                               0x08000259   Thumb Code     0  __rtentry.o(.ARM.Collect$$rtentry$$00000000)
    __rt_entry_presh_1                       0x08000259   Thumb Code     0  __rtentry2.o(.ARM.Collect$$rtentry$$00000002)
    __rt_entry_sh                            0x08000259   Thumb Code     0  __rtentry4.o(.ARM.Collect$$rtentry$$00000004)
    __rt_entry_li                            0x0800025f   Thumb Code     0  __rtentry2.o(.ARM.Collect$$rtentry$$0000000A)
    __rt_entry_postsh_1                      0x0800025f   Thumb Code     0  __rtentry2.o(.ARM.Collect$$rtentry$$00000009)
    __rt_entry_main                          0x08000263   Thumb Code     0  __rtentry2.o(.ARM.Collect$$rtentry$$0000000D)
    __rt_entry_postli_1                      0x08000263   Thumb Code     0  __rtentry2.o(.ARM.Collect$$rtentry$$0000000C)
    __rt_exit                                0x0800026b   Thumb Code     0  rtexit.o(.ARM.Collect$$rtexit$$00000000)
    __rt_exit_ls                             0x0800026d   Thumb Code     0  rtexit2.o(.ARM.Collect$$rtexit$$00000003)
    __rt_exit_prels_1                        0x0800026d   Thumb Code     0  rtexit2.o(.ARM.Collect$$rtexit$$00000002)
    __rt_exit_exit                           0x08000271   Thumb Code     0  rtexit2.o(.ARM.Collect$$rtexit$$00000004)
    SVC_Handler                              0x08000279   Thumb Code    28  port.o(.emb_text)
    __asm___6_port_c_39a90d8d__prvStartFirstTask 0x08000299   Thumb Code    28  port.o(.emb_text)
    __asm___6_port_c_39a90d8d__prvEnableVFP  0x080002b9   Thumb Code    16  port.o(.emb_text)
    PendSV_Handler                           0x080002cd   Thumb Code    88  port.o(.emb_text)
    vPortGetIPSR                             0x08000329   Thumb Code     6  port.o(.emb_text)
    Reset_Handler                            0x08000331   Thumb Code     8  startup_stm32f40_41xxx.o(.text)
    ADC_IRQHandler                           0x0800034b   Thumb Code     0  startup_stm32f40_41xxx.o(.text)
    CAN1_RX1_IRQHandler                      0x0800034b   Thumb Code     0  startup_stm32f40_41xxx.o(.text)
    CAN1_SCE_IRQHandler                      0x0800034b   Thumb Code     0  startup_stm32f40_41xxx.o(.text)
    CAN2_RX1_IRQHandler                      0x0800034b   Thumb Code     0  startup_stm32f40_41xxx.o(.text)
    CAN2_SCE_IRQHandler                      0x0800034b   Thumb Code     0  startup_stm32f40_41xxx.o(.text)
    CRYP_IRQHandler                          0x0800034b   Thumb Code     0  startup_stm32f40_41xxx.o(.text)
    DCMI_IRQHandler                          0x0800034b   Thumb Code     0  startup_stm32f40_41xxx.o(.text)
    DMA1_Stream0_IRQHandler                  0x0800034b   Thumb Code     0  startup_stm32f40_41xxx.o(.text)
    DMA1_Stream1_IRQHandler                  0x0800034b   Thumb Code     0  startup_stm32f40_41xxx.o(.text)
    DMA1_Stream2_IRQHandler                  0x0800034b   Thumb Code     0  startup_stm32f40_41xxx.o(.text)
    DMA1_Stream3_IRQHandler                  0x0800034b   Thumb Code     0  startup_stm32f40_41xxx.o(.text)
    DMA1_Stream4_IRQHandler                  0x0800034b   Thumb Code     0  startup_stm32f40_41xxx.o(.text)
    DMA1_Stream5_IRQHandler                  0x0800034b   Thumb Code     0  startup_stm32f40_41xxx.o(.text)
    DMA1_Stream6_IRQHandler                  0x0800034b   Thumb Code     0  startup_stm32f40_41xxx.o(.text)
    DMA1_Stream7_IRQHandler                  0x0800034b   Thumb Code     0  startup_stm32f40_41xxx.o(.text)
    DMA2_Stream0_IRQHandler                  0x0800034b   Thumb Code     0  startup_stm32f40_41xxx.o(.text)
    DMA2_Stream1_IRQHandler                  0x0800034b   Thumb Code     0  startup_stm32f40_41xxx.o(.text)
    DMA2_Stream2_IRQHandler                  0x0800034b   Thumb Code     0  startup_stm32f40_41xxx.o(.text)
    DMA2_Stream3_IRQHandler                  0x0800034b   Thumb Code     0  startup_stm32f40_41xxx.o(.text)
    DMA2_Stream4_IRQHandler                  0x0800034b   Thumb Code     0  startup_stm32f40_41xxx.o(.text)
    DMA2_Stream5_IRQHandler                  0x0800034b   Thumb Code     0  startup_stm32f40_41xxx.o(.text)
    DMA2_Stream6_IRQHandler                  0x0800034b   Thumb Code     0  startup_stm32f40_41xxx.o(.text)
    DMA2_Stream7_IRQHandler                  0x0800034b   Thumb Code     0  startup_stm32f40_41xxx.o(.text)
    ETH_IRQHandler                           0x0800034b   Thumb Code     0  startup_stm32f40_41xxx.o(.text)
    ETH_WKUP_IRQHandler                      0x0800034b   Thumb Code     0  startup_stm32f40_41xxx.o(.text)
    EXTI0_IRQHandler                         0x0800034b   Thumb Code     0  startup_stm32f40_41xxx.o(.text)
    EXTI15_10_IRQHandler                     0x0800034b   Thumb Code     0  startup_stm32f40_41xxx.o(.text)
    EXTI1_IRQHandler                         0x0800034b   Thumb Code     0  startup_stm32f40_41xxx.o(.text)
    EXTI2_IRQHandler                         0x0800034b   Thumb Code     0  startup_stm32f40_41xxx.o(.text)
    EXTI3_IRQHandler                         0x0800034b   Thumb Code     0  startup_stm32f40_41xxx.o(.text)
    EXTI4_IRQHandler                         0x0800034b   Thumb Code     0  startup_stm32f40_41xxx.o(.text)
    FLASH_IRQHandler                         0x0800034b   Thumb Code     0  startup_stm32f40_41xxx.o(.text)
    FPU_IRQHandler                           0x0800034b   Thumb Code     0  startup_stm32f40_41xxx.o(.text)
    FSMC_IRQHandler                          0x0800034b   Thumb Code     0  startup_stm32f40_41xxx.o(.text)
    HASH_RNG_IRQHandler                      0x0800034b   Thumb Code     0  startup_stm32f40_41xxx.o(.text)
    I2C1_ER_IRQHandler                       0x0800034b   Thumb Code     0  startup_stm32f40_41xxx.o(.text)
    I2C1_EV_IRQHandler                       0x0800034b   Thumb Code     0  startup_stm32f40_41xxx.o(.text)
    I2C2_ER_IRQHandler                       0x0800034b   Thumb Code     0  startup_stm32f40_41xxx.o(.text)
    I2C2_EV_IRQHandler                       0x0800034b   Thumb Code     0  startup_stm32f40_41xxx.o(.text)
    I2C3_ER_IRQHandler                       0x0800034b   Thumb Code     0  startup_stm32f40_41xxx.o(.text)
    I2C3_EV_IRQHandler                       0x0800034b   Thumb Code     0  startup_stm32f40_41xxx.o(.text)
    OTG_FS_IRQHandler                        0x0800034b   Thumb Code     0  startup_stm32f40_41xxx.o(.text)
    OTG_FS_WKUP_IRQHandler                   0x0800034b   Thumb Code     0  startup_stm32f40_41xxx.o(.text)
    OTG_HS_EP1_IN_IRQHandler                 0x0800034b   Thumb Code     0  startup_stm32f40_41xxx.o(.text)
    OTG_HS_EP1_OUT_IRQHandler                0x0800034b   Thumb Code     0  startup_stm32f40_41xxx.o(.text)
    OTG_HS_IRQHandler                        0x0800034b   Thumb Code     0  startup_stm32f40_41xxx.o(.text)
    OTG_HS_WKUP_IRQHandler                   0x0800034b   Thumb Code     0  startup_stm32f40_41xxx.o(.text)
    PVD_IRQHandler                           0x0800034b   Thumb Code     0  startup_stm32f40_41xxx.o(.text)
    RCC_IRQHandler                           0x0800034b   Thumb Code     0  startup_stm32f40_41xxx.o(.text)
    RTC_Alarm_IRQHandler                     0x0800034b   Thumb Code     0  startup_stm32f40_41xxx.o(.text)
    RTC_WKUP_IRQHandler                      0x0800034b   Thumb Code     0  startup_stm32f40_41xxx.o(.text)
    SDIO_IRQHandler                          0x0800034b   Thumb Code     0  startup_stm32f40_41xxx.o(.text)
    SPI1_IRQHandler                          0x0800034b   Thumb Code     0  startup_stm32f40_41xxx.o(.text)
    SPI2_IRQHandler                          0x0800034b   Thumb Code     0  startup_stm32f40_41xxx.o(.text)
    SPI3_IRQHandler                          0x0800034b   Thumb Code     0  startup_stm32f40_41xxx.o(.text)
    TAMP_STAMP_IRQHandler                    0x0800034b   Thumb Code     0  startup_stm32f40_41xxx.o(.text)
    TIM1_BRK_TIM9_IRQHandler                 0x0800034b   Thumb Code     0  startup_stm32f40_41xxx.o(.text)
    TIM1_CC_IRQHandler                       0x0800034b   Thumb Code     0  startup_stm32f40_41xxx.o(.text)
    TIM1_TRG_COM_TIM11_IRQHandler            0x0800034b   Thumb Code     0  startup_stm32f40_41xxx.o(.text)
    TIM1_UP_TIM10_IRQHandler                 0x0800034b   Thumb Code     0  startup_stm32f40_41xxx.o(.text)
    TIM3_IRQHandler                          0x0800034b   Thumb Code     0  startup_stm32f40_41xxx.o(.text)
    TIM4_IRQHandler                          0x0800034b   Thumb Code     0  startup_stm32f40_41xxx.o(.text)
    TIM5_IRQHandler                          0x0800034b   Thumb Code     0  startup_stm32f40_41xxx.o(.text)
    TIM6_DAC_IRQHandler                      0x0800034b   Thumb Code     0  startup_stm32f40_41xxx.o(.text)
    TIM7_IRQHandler                          0x0800034b   Thumb Code     0  startup_stm32f40_41xxx.o(.text)
    TIM8_BRK_TIM12_IRQHandler                0x0800034b   Thumb Code     0  startup_stm32f40_41xxx.o(.text)
    TIM8_CC_IRQHandler                       0x0800034b   Thumb Code     0  startup_stm32f40_41xxx.o(.text)
    TIM8_TRG_COM_TIM14_IRQHandler            0x0800034b   Thumb Code     0  startup_stm32f40_41xxx.o(.text)
    TIM8_UP_TIM13_IRQHandler                 0x0800034b   Thumb Code     0  startup_stm32f40_41xxx.o(.text)
    UART5_IRQHandler                         0x0800034b   Thumb Code     0  startup_stm32f40_41xxx.o(.text)
    USART3_IRQHandler                        0x0800034b   Thumb Code     0  startup_stm32f40_41xxx.o(.text)
    USART6_IRQHandler                        0x0800034b   Thumb Code     0  startup_stm32f40_41xxx.o(.text)
    WWDG_IRQHandler                          0x0800034b   Thumb Code     0  startup_stm32f40_41xxx.o(.text)
    __user_initial_stackheap                 0x0800034d   Thumb Code     0  startup_stm32f40_41xxx.o(.text)
    __use_no_semihosting                     0x08000371   Thumb Code     2  use_no_semi_2.o(.text)
    __2printf                                0x08000375   Thumb Code    20  noretval__2printf.o(.text)
    __printf                                 0x0800038d   Thumb Code   104  __printf.o(.text)
    _printf_str                              0x080003f5   Thumb Code    82  _printf_str.o(.text)
    _printf_int_dec                          0x08000449   Thumb Code   104  _printf_dec.o(.text)
    __aeabi_memcpy                           0x080004c1   Thumb Code     0  rt_memcpy_v6.o(.text)
    __rt_memcpy                              0x080004c1   Thumb Code   138  rt_memcpy_v6.o(.text)
    _memcpy_lastbytes                        0x08000527   Thumb Code     0  rt_memcpy_v6.o(.text)
    __aeabi_memset                           0x0800054b   Thumb Code    16  aeabi_memset.o(.text)
    __aeabi_memclr4                          0x0800055b   Thumb Code     0  rt_memclr_w.o(.text)
    __aeabi_memclr8                          0x0800055b   Thumb Code     0  rt_memclr_w.o(.text)
    __rt_memclr_w                            0x0800055b   Thumb Code    78  rt_memclr_w.o(.text)
    _memset_w                                0x0800055f   Thumb Code     0  rt_memclr_w.o(.text)
    __use_two_region_memory                  0x080005a9   Thumb Code     2  heapauxi.o(.text)
    __rt_heap_escrow$2region                 0x080005ab   Thumb Code     2  heapauxi.o(.text)
    __rt_heap_expand$2region                 0x080005ad   Thumb Code     2  heapauxi.o(.text)
    __I$use$semihosting                      0x080005af   Thumb Code     0  use_no_semi.o(.text)
    __use_no_semihosting_swi                 0x080005af   Thumb Code     2  use_no_semi.o(.text)
    __read_errno                             0x080005b1   Thumb Code    10  _rserrno.o(.text)
    __set_errno                              0x080005bb   Thumb Code    12  _rserrno.o(.text)
    _printf_int_common                       0x080005c7   Thumb Code   178  _printf_intcommon.o(.text)
    _printf_char_common                      0x08000683   Thumb Code    32  _printf_char_common.o(.text)
    _printf_cs_common                        0x080006a9   Thumb Code    20  _printf_char.o(.text)
    _printf_char                             0x080006bd   Thumb Code    16  _printf_char.o(.text)
    _printf_string                           0x080006cd   Thumb Code     8  _printf_char.o(.text)
    _printf_char_file                        0x080006d5   Thumb Code    32  _printf_char_file.o(.text)
    __aeabi_memcpy4                          0x080006f9   Thumb Code     0  rt_memcpy_w.o(.text)
    __aeabi_memcpy8                          0x080006f9   Thumb Code     0  rt_memcpy_w.o(.text)
    __rt_memcpy_w                            0x080006f9   Thumb Code   100  rt_memcpy_w.o(.text)
    _memcpy_lastbytes_aligned                0x08000741   Thumb Code     0  rt_memcpy_w.o(.text)
    __aeabi_memclr                           0x0800075d   Thumb Code     0  rt_memclr.o(.text)
    __rt_memclr                              0x0800075d   Thumb Code    68  rt_memclr.o(.text)
    _memset                                  0x08000761   Thumb Code     0  rt_memclr.o(.text)
    __aeabi_errno_addr                       0x080007a1   Thumb Code     8  rt_errno_addr_intlibspace.o(.text)
    __errno$intlibspace                      0x080007a1   Thumb Code     0  rt_errno_addr_intlibspace.o(.text)
    __rt_errno_addr$intlibspace              0x080007a1   Thumb Code     0  rt_errno_addr_intlibspace.o(.text)
    ferror                                   0x080007a9   Thumb Code     8  ferror.o(.text)
    __user_libspace                          0x080007b1   Thumb Code     8  libspace.o(.text)
    __user_perproc_libspace                  0x080007b1   Thumb Code     0  libspace.o(.text)
    __user_perthread_libspace                0x080007b1   Thumb Code     0  libspace.o(.text)
    __user_setup_stackheap                   0x080007b9   Thumb Code    74  sys_stackheap_outer.o(.text)
    exit                                     0x08000803   Thumb Code    12  exit.o(.text)
    AK80_Init                                0x0800080f   Thumb Code    26  mit.o(i.AK80_Init)
    AK80_Speed_Control                       0x08000829   Thumb Code    74  mit.o(i.AK80_Speed_Control)
    AK80_update_info                         0x08000879   Thumb Code   284  mit.o(i.AK80_update_info)
    Action_Uart_init                         0x080009a1   Thumb Code   164  action.o(i.Action_Uart_init)
    AngleLimit                               0x08000a4d   Thumb Code    70  move.o(i.AngleLimit)
    Auto_Task                                0x08000aa5   Thumb Code   236  auto_task.o(i.Auto_Task)
    BusFault_Handler                         0x08000bc9   Thumb Code     2  stm32f4xx_it.o(i.BusFault_Handler)
    CAN1_Init                                0x08000bcd   Thumb Code   250  can.o(i.CAN1_Init)
    CAN1_RX0_IRQHandler                      0x08000cd1   Thumb Code    46  can.o(i.CAN1_RX0_IRQHandler)
    CAN1_TX_IRQHandler                       0x08000d05   Thumb Code    30  can.o(i.CAN1_TX_IRQHandler)
    CAN2_Init                                0x08000d29   Thumb Code   266  can.o(i.CAN2_Init)
    CAN2_RX0_IRQHandler                      0x08000e3d   Thumb Code    46  can.o(i.CAN2_RX0_IRQHandler)
    CAN2_TX_IRQHandler                       0x08000e71   Thumb Code    30  can.o(i.CAN2_TX_IRQHandler)
    CAN_ClearITPendingBit                    0x08000e95   Thumb Code   116  stm32f4xx_can.o(i.CAN_ClearITPendingBit)
    CAN_DeInit                               0x08000f0d   Thumb Code    38  stm32f4xx_can.o(i.CAN_DeInit)
    CAN_FilterInit                           0x08000f39   Thumb Code   194  stm32f4xx_can.o(i.CAN_FilterInit)
    CAN_GetITStatus                          0x08001005   Thumb Code   162  stm32f4xx_can.o(i.CAN_GetITStatus)
    CAN_ITConfig                             0x080010ad   Thumb Code    16  stm32f4xx_can.o(i.CAN_ITConfig)
    CAN_Init                                 0x080010bd   Thumb Code   232  stm32f4xx_can.o(i.CAN_Init)
    CAN_Receive                              0x080011a5   Thumb Code   142  stm32f4xx_can.o(i.CAN_Receive)
    CAN_StructInit                           0x08001233   Thumb Code    32  stm32f4xx_can.o(i.CAN_StructInit)
    CAN_Transmit                             0x08001253   Thumb Code   164  stm32f4xx_can.o(i.CAN_Transmit)
    DebugMon_Handler                         0x08001303   Thumb Code     2  stm32f4xx_it.o(i.DebugMon_Handler)
    EXTI9_5_IRQHandler                       0x08001305   Thumb Code   138  bsp_air.o(i.EXTI9_5_IRQHandler)
    EXTI_ClearITPendingBit                   0x08001399   Thumb Code     6  stm32f4xx_exti.o(i.EXTI_ClearITPendingBit)
    EXTI_GetITStatus                         0x080013a5   Thumb Code    16  stm32f4xx_exti.o(i.EXTI_GetITStatus)
    EXTI_Init                                0x080013b9   Thumb Code   108  stm32f4xx_exti.o(i.EXTI_Init)
    FSM_Init                                 0x08001429   Thumb Code    14  fsm.o(i.FSM_Init)
    Free_Control                             0x08001441   Thumb Code   174  control.o(i.Free_Control)
    Free_Control_Limit                       0x080014fd   Thumb Code   196  control.o(i.Free_Control_Limit)
    GPIO_Init                                0x080015d5   Thumb Code   120  stm32f4xx_gpio.o(i.GPIO_Init)
    GPIO_PinAFConfig                         0x0800164d   Thumb Code    32  stm32f4xx_gpio.o(i.GPIO_PinAFConfig)
    HardFault_Handler                        0x0800166d   Thumb Code     2  stm32f4xx_it.o(i.HardFault_Handler)
    LADRC_Init                               0x0800166f   Thumb Code    30  ladrc.o(i.LADRC_Init)
    LaserLockPoint                           0x0800168d   Thumb Code    78  move.o(i.LaserLockPoint)
    Location_Init                            0x080016e1   Thumb Code     8  action.o(i.Location_Init)
    M3508AngleIntegral                       0x080016e9   Thumb Code   182  m3508.o(i.M3508AngleIntegral)
    M3508_Motor_Init                         0x080017b5   Thumb Code   400  m3508.o(i.M3508_Motor_Init)
    MemManage_Handler                        0x08001971   Thumb Code     2  stm32f4xx_it.o(i.MemManage_Handler)
    Motor_Control                            0x08001973   Thumb Code    12  robot_state_task.o(i.Motor_Control)
    MoveInit                                 0x08001981   Thumb Code   470  move.o(i.MoveInit)
    NMI_Handler                              0x08001b95   Thumb Code     2  stm32f4xx_it.o(i.NMI_Handler)
    NVIC_Init                                0x08001b99   Thumb Code    96  misc.o(i.NVIC_Init)
    NVIC_PriorityGroupConfig                 0x08001bfd   Thumb Code    10  misc.o(i.NVIC_PriorityGroupConfig)
    PDController                             0x08001c11   Thumb Code  1114  move.o(i.PDController)
    PID_abs_limit                            0x0800206b   Thumb Code    34  pid.o(i.PID_abs_limit)
    PID_incremental_PID_calculation          0x0800208d   Thumb Code   180  pid.o(i.PID_incremental_PID_calculation)
    PID_parameter_init                       0x08002145   Thumb Code    56  pid.o(i.PID_parameter_init)
    PID_position_PID_calculation_by_error    0x08002181   Thumb Code   178  pid.o(i.PID_position_PID_calculation_by_error)
    PUSH                                     0x08002239   Thumb Code    50  control.o(i.PUSH)
    PathPlan                                 0x08002281   Thumb Code   506  move.o(i.PathPlan)
    RCC_AHB1PeriphClockCmd                   0x08002491   Thumb Code    18  stm32f4xx_rcc.o(i.RCC_AHB1PeriphClockCmd)
    RCC_APB1PeriphClockCmd                   0x080024a9   Thumb Code    18  stm32f4xx_rcc.o(i.RCC_APB1PeriphClockCmd)
    RCC_APB1PeriphResetCmd                   0x080024c1   Thumb Code    18  stm32f4xx_rcc.o(i.RCC_APB1PeriphResetCmd)
    RCC_APB2PeriphClockCmd                   0x080024d9   Thumb Code    18  stm32f4xx_rcc.o(i.RCC_APB2PeriphClockCmd)
    RCC_GetClocksFreq                        0x080024f1   Thumb Code   132  stm32f4xx_rcc.o(i.RCC_GetClocksFreq)
    RPM_MOTOR_PLANNING                       0x08002581   Thumb Code    88  control.o(i.RPM_MOTOR_PLANNING)
    Robot_state_task                         0x080025f1   Thumb Code    90  robot_state_task.o(i.Robot_state_task)
    SYSCFG_EXTILineConfig                    0x0800266d   Thumb Code    42  stm32f4xx_syscfg.o(i.SYSCFG_EXTILineConfig)
    SysTick_CLKSourceConfig                  0x08002751   Thumb Code    24  misc.o(i.SysTick_CLKSourceConfig)
    SysTick_Handler                          0x08002769   Thumb Code    20  delay.o(i.SysTick_Handler)
    SystemInit                               0x0800277d   Thumb Code    74  system_stm32f4xx.o(i.SystemInit)
    TIM10_PWM_Init                           0x080027d9   Thumb Code   152  tmotor.o(i.TIM10_PWM_Init)
    TIM13_PWM_Init                           0x08002879   Thumb Code   152  tmotor.o(i.TIM13_PWM_Init)
    TIM14_PWM_Init                           0x08002919   Thumb Code   152  tmotor.o(i.TIM14_PWM_Init)
    TIM2_GET_TIM_Init                        0x080029b9   Thumb Code    92  bsp_air.o(i.TIM2_GET_TIM_Init)
    TIM2_IRQHandler                          0x08002a15   Thumb Code    98  bsp_air.o(i.TIM2_IRQHandler)
    TIM9_PWM_Init                            0x08002a7d   Thumb Code   152  tmotor.o(i.TIM9_PWM_Init)
    TIM_ARRPreloadConfig                     0x08002b1d   Thumb Code    20  stm32f4xx_tim.o(i.TIM_ARRPreloadConfig)
    TIM_ClearITPendingBit                    0x08002b31   Thumb Code     6  stm32f4xx_tim.o(i.TIM_ClearITPendingBit)
    TIM_Cmd                                  0x08002b37   Thumb Code    20  stm32f4xx_tim.o(i.TIM_Cmd)
    TIM_GetITStatus                          0x08002b4b   Thumb Code    24  stm32f4xx_tim.o(i.TIM_GetITStatus)
    TIM_ITConfig                             0x08002b63   Thumb Code    16  stm32f4xx_tim.o(i.TIM_ITConfig)
    TIM_OC1Init                              0x08002b75   Thumb Code    88  stm32f4xx_tim.o(i.TIM_OC1Init)
    TIM_OC1PreloadConfig                     0x08002bd5   Thumb Code    12  stm32f4xx_tim.o(i.TIM_OC1PreloadConfig)
    TIM_SetCompare1                          0x08002be1   Thumb Code     4  stm32f4xx_tim.o(i.TIM_SetCompare1)
    TIM_TimeBaseInit                         0x08002be5   Thumb Code    96  stm32f4xx_tim.o(i.TIM_TimeBaseInit)
    TMOTOR_init                              0x08002c61   Thumb Code   148  tmotor.o(i.TMOTOR_init)
    U8_contorl_2                             0x08002d05   Thumb Code     8  tmotor.o(i.U8_contorl_2)
    UART4_IRQHandler                         0x08002d11   Thumb Code   148  action.o(i.UART4_IRQHandler)
    USART1_IRQHandler                        0x08002db5   Thumb Code    54  ros.o(i.USART1_IRQHandler)
    USART2_IRQHandler                        0x08002df5   Thumb Code    68  laser.o(i.USART2_IRQHandler)
    USART_ClearFlag                          0x08002e41   Thumb Code     6  stm32f4xx_usart.o(i.USART_ClearFlag)
    USART_ClearITPendingBit                  0x08002e47   Thumb Code    12  stm32f4xx_usart.o(i.USART_ClearITPendingBit)
    USART_Cmd                                0x08002e53   Thumb Code    20  stm32f4xx_usart.o(i.USART_Cmd)
    USART_GetITStatus                        0x08002e67   Thumb Code    62  stm32f4xx_usart.o(i.USART_GetITStatus)
    USART_ITConfig                           0x08002ea5   Thumb Code    48  stm32f4xx_usart.o(i.USART_ITConfig)
    USART_Init                               0x08002ed5   Thumb Code   164  stm32f4xx_usart.o(i.USART_Init)
    USART_ReceiveData                        0x08002f81   Thumb Code     8  stm32f4xx_usart.o(i.USART_ReceiveData)
    USART_Send_String                        0x08002f89   Thumb Code    36  ros.o(i.USART_Send_String)
    Update_Action_gl_position                0x08002fb5   Thumb Code   248  action.o(i.Update_Action_gl_position)
    UsageFault_Handler                       0x080030c5   Thumb Code     2  stm32f4xx_it.o(i.UsageFault_Handler)
    World_3wheels                            0x080030c9   Thumb Code   448  control.o(i.World_3wheels)
    YawAdjust                                0x080032a9   Thumb Code   138  move.o(i.YawAdjust)
    __ARM_fpclassify                         0x08003345   Thumb Code    48  fpclassify.o(i.__ARM_fpclassify)
    __hardfp_cos                             0x08003379   Thumb Code   180  cos.o(i.__hardfp_cos)
    __hardfp_sin                             0x08003441   Thumb Code   180  sin.o(i.__hardfp_sin)
    __hardfp_sqrt                            0x08003509   Thumb Code   122  sqrt.o(i.__hardfp_sqrt)
    __ieee754_rem_pio2                       0x08003589   Thumb Code   938  rred.o(i.__ieee754_rem_pio2)
    __kernel_cos                             0x080039c1   Thumb Code   322  cos_i.o(i.__kernel_cos)
    __kernel_poly                            0x08003b31   Thumb Code   248  poly.o(i.__kernel_poly)
    __kernel_sin                             0x08003c29   Thumb Code   280  sin_i.o(i.__kernel_sin)
    __mathlib_dbl_infnan                     0x08003d59   Thumb Code    20  dunder.o(i.__mathlib_dbl_infnan)
    __mathlib_dbl_invalid                    0x08003d71   Thumb Code    24  dunder.o(i.__mathlib_dbl_invalid)
    __mathlib_dbl_underflow                  0x08003d91   Thumb Code    24  dunder.o(i.__mathlib_dbl_underflow)
    _sys_exit                                0x08003db1   Thumb Code     2  usart.o(i._sys_exit)
    ad_plan_arm_motor_RPM_TRANSATE1          0x08003db5   Thumb Code   522  m3508.o(i.ad_plan_arm_motor_RPM_TRANSATE1)
    ad_plan_arm_motor_RPM_UP                 0x08003fcd   Thumb Code   484  m3508.o(i.ad_plan_arm_motor_RPM_UP)
    ad_plan_arm_motor_RPM_YAW                0x080041b9   Thumb Code   434  m3508.o(i.ad_plan_arm_motor_RPM_YAW)
    ak80_control_cmd                         0x08004371   Thumb Code    94  mit.o(i.ak80_control_cmd)
    bsp_Air_Init                             0x080043d5   Thumb Code   102  bsp_air.o(i.bsp_Air_Init)
    chassis_m3508_m2006_send_motor_currents_can1 0x08004441   Thumb Code    84  m3508.o(i.chassis_m3508_m2006_send_motor_currents_can1)
    chassis_m3508_send_motor_currents_can1   0x0800449d   Thumb Code    88  m3508.o(i.chassis_m3508_send_motor_currents_can1)
    data_update                              0x080044fd   Thumb Code   112  data_update.o(i.data_update)
    delay_init                               0x08004579   Thumb Code    50  delay.o(i.delay_init)
    delay_ms                                 0x080045b1   Thumb Code    52  delay.o(i.delay_ms)
    delay_us                                 0x080045e9   Thumb Code    48  delay.o(i.delay_us)
    fabs                                     0x0800461d   Thumb Code    24  fabs.o(i.fabs)
    fputc                                    0x08004635   Thumb Code    18  usart.o(i.fputc)
    getCrc8                                  0x0800464d   Thumb Code    46  ros.o(i.getCrc8)
    m3508_update_m3508_info_can1             0x0800467d   Thumb Code   214  m3508.o(i.m3508_update_m3508_info_can1)
    main                                     0x0800475d   Thumb Code   112  main.o(i.main)
    move                                     0x080047e1   Thumb Code   146  control.o(i.move)
    move_task                                0x08004885   Thumb Code   630  move_task.o(i.move_task)
    moving_point_track                       0x08004b35   Thumb Code   214  move.o(i.moving_point_track)
    near_pillar                              0x08004c1d   Thumb Code    76  move.o(i.near_pillar)
    pvPortMalloc                             0x080054d9   Thumb Code   214  heap_4.o(i.pvPortMalloc)
    pvTaskIncrementMutexHeldCount            0x080055ed   Thumb Code    18  tasks.o(i.pvTaskIncrementMutexHeldCount)
    pxPortInitialiseStack                    0x08005605   Thumb Code    40  port.o(i.pxPortInitialiseStack)
    start_task                               0x08005631   Thumb Code   132  main.o(i.start_task)
    uart_init                                0x08005715   Thumb Code   164  usart.o(i.uart_init)
    uint_to_float                            0x080057c1   Thumb Code    40  mit.o(i.uint_to_float)
    usart2_init                              0x080057e9   Thumb Code   170  laser.o(i.usart2_init)
    usartReceiveOneData                      0x0800589d   Thumb Code   336  ros.o(i.usartReceiveOneData)
    usartSendData                            0x08005a19   Thumb Code   186  ros.o(i.usartSendData)
    uxListRemove                             0x08005add   Thumb Code    36  list.o(i.uxListRemove)
    vListInitialise                          0x08005b01   Thumb Code    22  list.o(i.vListInitialise)
    vListInitialiseItem                      0x08005b17   Thumb Code     6  list.o(i.vListInitialiseItem)
    vListInsert                              0x08005b1d   Thumb Code    48  list.o(i.vListInsert)
    vListInsertEnd                           0x08005b4d   Thumb Code    24  list.o(i.vListInsertEnd)
    vPortEnterCritical                       0x08005b65   Thumb Code    50  port.o(i.vPortEnterCritical)
    vPortExitCritical                        0x08005bdd   Thumb Code    34  port.o(i.vPortExitCritical)
    vPortFree                                0x08005c41   Thumb Code    94  heap_4.o(i.vPortFree)
    vPortSetupTimerInterrupt                 0x08005cdd   Thumb Code    26  port.o(i.vPortSetupTimerInterrupt)
    vPortValidateInterruptPriority           0x08005cfd   Thumb Code    70  port.o(i.vPortValidateInterruptPriority)
    vQueueAddToRegistry                      0x08005d89   Thumb Code    32  queue.o(i.vQueueAddToRegistry)
    vQueueWaitForMessageRestricted           0x08005dad   Thumb Code    68  queue.o(i.vQueueWaitForMessageRestricted)
    vTaskDelay                               0x08005df1   Thumb Code    62  tasks.o(i.vTaskDelay)
    vTaskDelayUntil                          0x08005e5d   Thumb Code   128  tasks.o(i.vTaskDelayUntil)
    vTaskDelete                              0x08005f09   Thumb Code   152  tasks.o(i.vTaskDelete)
    vTaskMissedYield                         0x08005fd5   Thumb Code     8  tasks.o(i.vTaskMissedYield)
    vTaskPlaceOnEventList                    0x08005fe1   Thumb Code    44  tasks.o(i.vTaskPlaceOnEventList)
    vTaskPlaceOnEventListRestricted          0x08006035   Thumb Code    52  tasks.o(i.vTaskPlaceOnEventListRestricted)
    vTaskPriorityInherit                     0x08006091   Thumb Code   124  tasks.o(i.vTaskPriorityInherit)
    vTaskSetTimeOutState                     0x08006115   Thumb Code    30  tasks.o(i.vTaskSetTimeOutState)
    vTaskStartScheduler                      0x0800615d   Thumb Code    96  tasks.o(i.vTaskStartScheduler)
    vTaskSuspendAll                          0x080061f1   Thumb Code    10  tasks.o(i.vTaskSuspendAll)
    vTaskSwitchContext                       0x08006201   Thumb Code    80  tasks.o(i.vTaskSwitchContext)
    xPortStartScheduler                      0x0800627d   Thumb Code   196  port.o(i.xPortStartScheduler)
    xPortSysTickHandler                      0x08006391   Thumb Code    38  port.o(i.xPortSysTickHandler)
    xQueueGenericCreate                      0x080063bd   Thumb Code    82  queue.o(i.xQueueGenericCreate)
    xQueueGenericReceive                     0x08006435   Thumb Code   348  queue.o(i.xQueueGenericReceive)
    xQueueGenericReset                       0x080065b9   Thumb Code   128  queue.o(i.xQueueGenericReset)
    xQueueGenericSend                        0x08006661   Thumb Code   350  queue.o(i.xQueueGenericSend)
    xQueueGenericSendFromISR                 0x080067e9   Thumb Code   188  queue.o(i.xQueueGenericSendFromISR)
    xTaskCheckForTimeOut                     0x080068c9   Thumb Code    94  tasks.o(i.xTaskCheckForTimeOut)
    xTaskCreate                              0x08006951   Thumb Code    86  tasks.o(i.xTaskCreate)
    xTaskGetSchedulerState                   0x080069a9   Thumb Code    22  tasks.o(i.xTaskGetSchedulerState)
    xTaskGetTickCount                        0x080069c5   Thumb Code     6  tasks.o(i.xTaskGetTickCount)
    xTaskIncrementTick                       0x080069d1   Thumb Code   188  tasks.o(i.xTaskIncrementTick)
    xTaskPriorityDisinherit                  0x08006ab9   Thumb Code   136  tasks.o(i.xTaskPriorityDisinherit)
    xTaskRemoveFromEventList                 0x08006b6d   Thumb Code   102  tasks.o(i.xTaskRemoveFromEventList)
    xTaskResumeAll                           0x08006c05   Thumb Code   180  tasks.o(i.xTaskResumeAll)
    xTimerCreate                             0x08006ce9   Thumb Code    74  timers.o(i.xTimerCreate)
    xTimerCreateTimerTask                    0x08006d5d   Thumb Code    58  timers.o(i.xTimerCreateTimerTask)
    xTimerGenericCommand                     0x08006dd1   Thumb Code    98  timers.o(i.xTimerGenericCommand)
    __aeabi_dneg                             0x08006e61   Thumb Code     0  basic.o(x$fpl$basic)
    _dneg                                    0x08006e61   Thumb Code     6  basic.o(x$fpl$basic)
    __aeabi_fneg                             0x08006e67   Thumb Code     0  basic.o(x$fpl$basic)
    _fneg                                    0x08006e67   Thumb Code     6  basic.o(x$fpl$basic)
    _dabs                                    0x08006e6d   Thumb Code     6  basic.o(x$fpl$basic)
    _fabs                                    0x08006e73   Thumb Code     6  basic.o(x$fpl$basic)
    __aeabi_d2f                              0x08006e79   Thumb Code     0  d2f.o(x$fpl$d2f)
    _d2f                                     0x08006e79   Thumb Code    98  d2f.o(x$fpl$d2f)
    __aeabi_dadd                             0x08006edd   Thumb Code     0  daddsub_clz.o(x$fpl$dadd)
    _dadd                                    0x08006edd   Thumb Code   332  daddsub_clz.o(x$fpl$dadd)
    __aeabi_ddiv                             0x0800702d   Thumb Code     0  ddiv.o(x$fpl$ddiv)
    _ddiv                                    0x0800702d   Thumb Code   552  ddiv.o(x$fpl$ddiv)
    __aeabi_d2iz                             0x080072dd   Thumb Code     0  dfix.o(x$fpl$dfix)
    _dfix                                    0x080072dd   Thumb Code    94  dfix.o(x$fpl$dfix)
    __aeabi_i2d                              0x0800733b   Thumb Code     0  dflt_clz.o(x$fpl$dflt)
    _dflt                                    0x0800733b   Thumb Code    46  dflt_clz.o(x$fpl$dflt)
    __aeabi_ui2d                             0x08007369   Thumb Code     0  dflt_clz.o(x$fpl$dfltu)
    _dfltu                                   0x08007369   Thumb Code    38  dflt_clz.o(x$fpl$dfltu)
    __aeabi_dmul                             0x08007391   Thumb Code     0  dmul.o(x$fpl$dmul)
    _dmul                                    0x08007391   Thumb Code   332  dmul.o(x$fpl$dmul)
    __fpl_dnaninf                            0x080074e5   Thumb Code   156  dnaninf.o(x$fpl$dnaninf)
    __fpl_dretinf                            0x08007581   Thumb Code    12  dretinf.o(x$fpl$dretinf)
    __aeabi_drsub                            0x0800758d   Thumb Code     0  daddsub_clz.o(x$fpl$drsb)
    _drsb                                    0x0800758d   Thumb Code    22  daddsub_clz.o(x$fpl$drsb)
    _dsqrt                                   0x080075a5   Thumb Code   404  dsqrt_umaal.o(x$fpl$dsqrt)
    __aeabi_dsub                             0x0800773d   Thumb Code     0  daddsub_clz.o(x$fpl$dsub)
    _dsub                                    0x0800773d   Thumb Code   464  daddsub_clz.o(x$fpl$dsub)
    __aeabi_f2d                              0x08007911   Thumb Code     0  f2d.o(x$fpl$f2d)
    _f2d                                     0x08007911   Thumb Code    86  f2d.o(x$fpl$f2d)
    __fpl_fnaninf                            0x08007967   Thumb Code   140  fnaninf.o(x$fpl$fnaninf)
    _fp_init                                 0x080079f3   Thumb Code    10  fpinit.o(x$fpl$fpinit)
    __fplib_config_fpu_vfp                   0x080079fb   Thumb Code     0  fpinit.o(x$fpl$fpinit)
    __fplib_config_pureend_doubles           0x080079fb   Thumb Code     0  fpinit.o(x$fpl$fpinit)
    __fpl_fretinf                            0x080079fd   Thumb Code    10  fretinf.o(x$fpl$fretinf)
    __I$use$fp                               0x08007a06   Number         0  usenofp.o(x$fpl$usenofp)
    header                                   0x08007a06   Data           2  ros.o(.constdata)
    Region$$Table$$Base                      0x08007b28   Number         0  anon$$obj.o(Region$$Table)
    Region$$Table$$Limit                     0x08007b48   Number         0  anon$$obj.o(Region$$Table)
    mode_flag                                0x20000000   Data           4  main.o(.data)
    action_start_flag                        0x20000004   Data           4  main.o(.data)
    StartTask_Handler                        0x20000008   Data           4  main.o(.data)
    Robot_state_task_Handler                 0x2000000c   Data           4  main.o(.data)
    Auto_Task_Handler                        0x20000010   Data           4  main.o(.data)
    move_task_Handler                        0x20000014   Data           4  main.o(.data)
    Motor_Control_Handler                    0x20000018   Data           4  main.o(.data)
    data_update_Handler                      0x2000001c   Data           4  main.o(.data)
    SystemCoreClock                          0x20000020   Data           4  system_stm32f4xx.o(.data)
    AHBPrescTable                            0x20000024   Data          16  system_stm32f4xx.o(.data)
    OFFSET_YAW                               0x20000038   Data           4  action.o(.data)
    ppm_update_flag                          0x20000048   Data           1  bsp_air.o(.data)
    Microsecond_Cnt                          0x2000004c   Data           2  bsp_air.o(.data)
    now_ppm_time_send                        0x20000050   Data           4  bsp_air.o(.data)
    TIME_ISR_CNT                             0x20000054   Data           4  bsp_air.o(.data)
    LAST_TIME_ISR_CNT                        0x20000058   Data           4  bsp_air.o(.data)
    Time_Sys                                 0x20000064   Data           8  bsp_air.o(.data)
    kp_x                                     0x20000070   Data           4  move.o(.data)
    kd_x                                     0x20000074   Data           4  move.o(.data)
    kp_y                                     0x20000078   Data           4  move.o(.data)
    kd_y                                     0x2000007c   Data           4  move.o(.data)
    kp_yaw                                   0x20000080   Data           4  move.o(.data)
    kd_yaw                                   0x20000084   Data           4  move.o(.data)
    first_time_flag                          0x20000088   Data           4  move.o(.data)
    error_X                                  0x2000008c   Data           4  move.o(.data)
    error_Y                                  0x20000090   Data           4  move.o(.data)
    error_x                                  0x20000094   Data           4  move.o(.data)
    error_y                                  0x20000098   Data           4  move.o(.data)
    error_Yaw                                0x2000009c   Data           4  move.o(.data)
    now_yaw                                  0x200000a0   Data           4  move.o(.data)
    u_output                                 0x200000a4   Data           4  move.o(.data)
    v_output                                 0x200000a8   Data           4  move.o(.data)
    w_ouput                                  0x200000ac   Data           4  move.o(.data)
    k                                        0x200000b0   Data           4  move.o(.data)
    t                                        0x200000b4   Data           4  move.o(.data)
    f1s                                      0x200000b8   Data           4  move.o(.data)
    f2s                                      0x200000bc   Data           4  move.o(.data)
    f3s                                      0x200000c0   Data           4  move.o(.data)
    f4s                                      0x200000c4   Data           4  move.o(.data)
    last_X                                   0x200000c8   Data           4  move.o(.data)
    last_Y                                   0x200000cc   Data           4  move.o(.data)
    last_Yaw                                 0x200000d0   Data           4  move.o(.data)
    Hz                                       0x200000d4   Data           4  move.o(.data)
    MOVE_STATE                               0x200000d8   Data           1  move.o(.data)
    X                                        0x200000dc   Data          52  path.o(.data)
    Y                                        0x20000110   Data          52  path.o(.data)
    UP_ON1                                   0x20000144   Data          28  m3508.o(.data)
    UP_ON2                                   0x20000160   Data          28  m3508.o(.data)
    UP_ON3                                   0x2000017c   Data          28  m3508.o(.data)
    UP_DOWN3                                 0x20000198   Data          28  m3508.o(.data)
    TRANSATE_1                               0x200001b4   Data          32  m3508.o(.data)
    UP_MOTOR_TARGET_RPM                      0x200001d4   Data           2  m3508.o(.data)
    YAW_MOTOR_TARGET_RPM                     0x200001d6   Data           2  m3508.o(.data)
    TRANSATE_MOTOR_TARGET_RPM                0x200001d8   Data           2  m3508.o(.data)
    transate_finished                        0x200001dc   Data           4  m3508.o(.data)
    UP_ARM_NOW_MOTION                        0x200001e0   Data           4  m3508.o(.data)
    YAW_ARM_NOW_MOTION                       0x200001e4   Data           4  m3508.o(.data)
    TRANSATE_NOW_MOTION                      0x200001e8   Data           4  m3508.o(.data)
    laser_test_1                             0x200001ec   Data           4  laser.o(.data)
    laser_test_2                             0x200001f0   Data           4  laser.o(.data)
    __stdout                                 0x200001fc   Data           4  usart.o(.data)
    pxCurrentTCB                             0x20000200   Data           4  tasks.o(.data)
    move_time_counter                        0x20000274   Data           4  auto_task.o(.data)
    ROBOT_SHOOTING                           0x2000028c   Data           1  fsm.o(.data)
    AUTO_SHOOTING                            0x2000028d   Data           1  fsm.o(.data)
    rosctrl_flag                             0x20000290   Data           1  ros.o(.data)
    ros_vx                                   0x2000029c   Data           4  ros.o(.data)
    ros_vy                                   0x200002a0   Data           4  ros.o(.data)
    ros_vz                                   0x200002a4   Data           4  ros.o(.data)
    new_x                                    0x200002a8   Data           4  ros.o(.data)
    new_y                                    0x200002ac   Data           4  ros.o(.data)
    new_z                                    0x200002b0   Data           4  ros.o(.data)
    VXNow                                    0x200002b8   Data           6  ros.o(.data)
    VYNow                                    0x200002be   Data           6  ros.o(.data)
    VZNow                                    0x200002c4   Data           6  ros.o(.data)
    RobotX                                   0x200002ca   Data           6  ros.o(.data)
    RobotY                                   0x200002d0   Data           6  ros.o(.data)
    RobotZ                                   0x200002d6   Data           6  ros.o(.data)
    VXSet                                    0x200002dc   Data           6  ros.o(.data)
    VYSet                                    0x200002e2   Data           6  ros.o(.data)
    VZSet                                    0x200002e8   Data           6  ros.o(.data)
    update_X                                 0x200002ee   Data           6  ros.o(.data)
    update_Y                                 0x200002f4   Data           6  ros.o(.data)
    update_Z                                 0x200002fa   Data           6  ros.o(.data)
    ROBOT_REAL_POS_DATA                      0x20000300   Data          12  action.o(.bss)
    ACTION_GL_POS_DATA                       0x2000030c   Data          48  action.o(.bss)
    Robot_Chassis                            0x20000354   Data          52  action.o(.bss)
    PPM_Databuf                              0x2000039c   Data          20  bsp_air.o(.bss)
    ROBOT_TARGET_VELOCITY_DATA               0x200003b0   Data          24  control.o(.bss)
    CHASSIS_MOTOR_TARGET_RPM                 0x200003c8   Data          12  control.o(.bss)
    yaw_pid                                  0x200003d4   Data          56  move.o(.bss)
    yaw_pid_ladar                            0x2000040c   Data          56  move.o(.bss)
    point_X_pid                              0x20000444   Data          56  move.o(.bss)
    point_Y_pid                              0x2000047c   Data          56  move.o(.bss)
    laser_X_pid                              0x200004b4   Data          56  move.o(.bss)
    laser_Y_pid                              0x200004ec   Data          56  move.o(.bss)
    point_pid                                0x20000524   Data          56  move.o(.bss)
    arc_pid                                  0x2000055c   Data          56  move.o(.bss)
    point_traker_x_pid                       0x20000594   Data          56  move.o(.bss)
    point_traker_y_pid                       0x200005cc   Data          56  move.o(.bss)
    point_traker_yaw_pid                     0x20000604   Data          56  move.o(.bss)
    point_traker_ladar_y_pid                 0x2000063c   Data          56  move.o(.bss)
    point_traker_ladar_x_pid                 0x20000674   Data          56  move.o(.bss)
    now_path_point                           0x200006ac   Data          24  move.o(.bss)
    Yaw                                      0x200006c4   Data          52  path.o(.bss)
    M3508_CHASSIS_MOTOR_REAL_INFO            0x200006f8   Data          60  m3508.o(.bss)
    M3508_CHASSIS_MOTOR_PID_RPM              0x20000734   Data         168  m3508.o(.bss)
    M3508_UP                                 0x200007dc   Data          84  m3508.o(.bss)
    M3508_YAW                                0x20000830   Data          84  m3508.o(.bss)
    M3508_TRANSATE                           0x20000884   Data          84  m3508.o(.bss)
    UP_INIT                                  0x200008d8   Data          28  m3508.o(.bss)
    ADRC_M3508_CHASIS                        0x200008f4   Data         252  ladrc.o(.bss)
    ADRC_M3508_UP                            0x200009f0   Data          84  ladrc.o(.bss)
    ADRC_M3508_TRANSATE                      0x20000a44   Data          84  ladrc.o(.bss)
    MIT_DRIVER_REAL_INFO                     0x20000a98   Data          84  mit.o(.bss)
    xQueueRegistry                           0x20000aec   Data          64  queue.o(.bss)
    receiveBuff                              0x20005e38   Data          32  ros.o(.bss)
    __libspace_start                         0x20005e58   Data          96  libspace.o(.bss)
    __temporary_stack_top$libspace           0x20005eb8   Data           0  libspace.o(.bss)



==============================================================================

Memory Map of the image

  Image Entry point : 0x08000189

  Load Region LR_IROM1 (Base: 0x08000000, Size: 0x00007e48, Max: 0x00100000, ABSOLUTE, COMPRESSED[0x00007be8])

    Execution Region ER_IROM1 (Base: 0x08000000, Size: 0x00007b48, Max: 0x00100000, ABSOLUTE)

    Base Addr    Size         Type   Attr      Idx    E Section Name        Object

    0x08000000   0x00000188   Data   RO         1419    RESET               startup_stm32f40_41xxx.o
    0x08000188   0x00000008   Code   RO         7423  * !!!main             c_w.l(__main.o)
    0x08000190   0x00000034   Code   RO         7724    !!!scatter          c_w.l(__scatter.o)
    0x080001c4   0x0000005a   Code   RO         7722    !!dczerorl2         c_w.l(__dczerorl2.o)
    0x0800021e   0x00000002   PAD
    0x08000220   0x0000001c   Code   RO         7726    !!handler_zi        c_w.l(__scatter_zi.o)
    0x0800023c   0x00000000   Code   RO         7410    .ARM.Collect$$_printf_percent$$00000000  c_w.l(_printf_percent.o)
    0x0800023c   0x00000006   Code   RO         7408    .ARM.Collect$$_printf_percent$$00000009  c_w.l(_printf_d.o)
    0x08000242   0x00000006   Code   RO         7407    .ARM.Collect$$_printf_percent$$00000014  c_w.l(_printf_s.o)
    0x08000248   0x00000004   Code   RO         7504    .ARM.Collect$$_printf_percent$$00000017  c_w.l(_printf_percent_end.o)
    0x0800024c   0x00000002   Code   RO         7600    .ARM.Collect$$libinit$$00000000  c_w.l(libinit.o)
    0x0800024e   0x00000004   Code   RO         7603    .ARM.Collect$$libinit$$00000001  c_w.l(libinit2.o)
    0x08000252   0x00000000   Code   RO         7606    .ARM.Collect$$libinit$$00000004  c_w.l(libinit2.o)
    0x08000252   0x00000000   Code   RO         7609    .ARM.Collect$$libinit$$0000000A  c_w.l(libinit2.o)
    0x08000252   0x00000000   Code   RO         7611    .ARM.Collect$$libinit$$0000000C  c_w.l(libinit2.o)
    0x08000252   0x00000000   Code   RO         7613    .ARM.Collect$$libinit$$0000000E  c_w.l(libinit2.o)
    0x08000252   0x00000000   Code   RO         7616    .ARM.Collect$$libinit$$00000011  c_w.l(libinit2.o)
    0x08000252   0x00000000   Code   RO         7618    .ARM.Collect$$libinit$$00000013  c_w.l(libinit2.o)
    0x08000252   0x00000000   Code   RO         7620    .ARM.Collect$$libinit$$00000015  c_w.l(libinit2.o)
    0x08000252   0x00000000   Code   RO         7622    .ARM.Collect$$libinit$$00000017  c_w.l(libinit2.o)
    0x08000252   0x00000000   Code   RO         7624    .ARM.Collect$$libinit$$00000019  c_w.l(libinit2.o)
    0x08000252   0x00000000   Code   RO         7626    .ARM.Collect$$libinit$$0000001B  c_w.l(libinit2.o)
    0x08000252   0x00000000   Code   RO         7628    .ARM.Collect$$libinit$$0000001D  c_w.l(libinit2.o)
    0x08000252   0x00000000   Code   RO         7630    .ARM.Collect$$libinit$$0000001F  c_w.l(libinit2.o)
    0x08000252   0x00000000   Code   RO         7632    .ARM.Collect$$libinit$$00000021  c_w.l(libinit2.o)
    0x08000252   0x00000000   Code   RO         7634    .ARM.Collect$$libinit$$00000023  c_w.l(libinit2.o)
    0x08000252   0x00000000   Code   RO         7636    .ARM.Collect$$libinit$$00000025  c_w.l(libinit2.o)
    0x08000252   0x00000000   Code   RO         7640    .ARM.Collect$$libinit$$0000002C  c_w.l(libinit2.o)
    0x08000252   0x00000000   Code   RO         7642    .ARM.Collect$$libinit$$0000002E  c_w.l(libinit2.o)
    0x08000252   0x00000000   Code   RO         7644    .ARM.Collect$$libinit$$00000030  c_w.l(libinit2.o)
    0x08000252   0x00000000   Code   RO         7646    .ARM.Collect$$libinit$$00000032  c_w.l(libinit2.o)
    0x08000252   0x00000002   Code   RO         7647    .ARM.Collect$$libinit$$00000033  c_w.l(libinit2.o)
    0x08000254   0x00000002   Code   RO         7665    .ARM.Collect$$libshutdown$$00000000  c_w.l(libshutdown.o)
    0x08000256   0x00000000   Code   RO         7676    .ARM.Collect$$libshutdown$$00000003  c_w.l(libshutdown2.o)
    0x08000256   0x00000000   Code   RO         7679    .ARM.Collect$$libshutdown$$00000006  c_w.l(libshutdown2.o)
    0x08000256   0x00000000   Code   RO         7682    .ARM.Collect$$libshutdown$$00000009  c_w.l(libshutdown2.o)
    0x08000256   0x00000000   Code   RO         7684    .ARM.Collect$$libshutdown$$0000000B  c_w.l(libshutdown2.o)
    0x08000256   0x00000000   Code   RO         7687    .ARM.Collect$$libshutdown$$0000000E  c_w.l(libshutdown2.o)
    0x08000256   0x00000002   Code   RO         7688    .ARM.Collect$$libshutdown$$0000000F  c_w.l(libshutdown2.o)
    0x08000258   0x00000000   Code   RO         7491    .ARM.Collect$$rtentry$$00000000  c_w.l(__rtentry.o)
    0x08000258   0x00000000   Code   RO         7551    .ARM.Collect$$rtentry$$00000002  c_w.l(__rtentry2.o)
    0x08000258   0x00000006   Code   RO         7563    .ARM.Collect$$rtentry$$00000004  c_w.l(__rtentry4.o)
    0x0800025e   0x00000000   Code   RO         7553    .ARM.Collect$$rtentry$$00000009  c_w.l(__rtentry2.o)
    0x0800025e   0x00000004   Code   RO         7554    .ARM.Collect$$rtentry$$0000000A  c_w.l(__rtentry2.o)
    0x08000262   0x00000000   Code   RO         7556    .ARM.Collect$$rtentry$$0000000C  c_w.l(__rtentry2.o)
    0x08000262   0x00000008   Code   RO         7557    .ARM.Collect$$rtentry$$0000000D  c_w.l(__rtentry2.o)
    0x0800026a   0x00000002   Code   RO         7601    .ARM.Collect$$rtexit$$00000000  c_w.l(rtexit.o)
    0x0800026c   0x00000000   Code   RO         7649    .ARM.Collect$$rtexit$$00000002  c_w.l(rtexit2.o)
    0x0800026c   0x00000004   Code   RO         7650    .ARM.Collect$$rtexit$$00000003  c_w.l(rtexit2.o)
    0x08000270   0x00000006   Code   RO         7651    .ARM.Collect$$rtexit$$00000004  c_w.l(rtexit2.o)
    0x08000276   0x00000002   PAD
    0x08000278   0x000000b6   Code   RO         2317    .emb_text           port.o
    0x0800032e   0x00000002   PAD
    0x08000330   0x00000040   Code   RO         1420    .text               startup_stm32f40_41xxx.o
    0x08000370   0x00000002   Code   RO         7370    .text               c_w.l(use_no_semi_2.o)
    0x08000372   0x00000002   PAD
    0x08000374   0x00000018   Code   RO         7376    .text               c_w.l(noretval__2printf.o)
    0x0800038c   0x00000068   Code   RO         7380    .text               c_w.l(__printf.o)
    0x080003f4   0x00000052   Code   RO         7382    .text               c_w.l(_printf_str.o)
    0x08000446   0x00000002   PAD
    0x08000448   0x00000078   Code   RO         7384    .text               c_w.l(_printf_dec.o)
    0x080004c0   0x0000008a   Code   RO         7415    .text               c_w.l(rt_memcpy_v6.o)
    0x0800054a   0x00000010   Code   RO         7417    .text               c_w.l(aeabi_memset.o)
    0x0800055a   0x0000004e   Code   RO         7419    .text               c_w.l(rt_memclr_w.o)
    0x080005a8   0x00000006   Code   RO         7421    .text               c_w.l(heapauxi.o)
    0x080005ae   0x00000002   Code   RO         7489    .text               c_w.l(use_no_semi.o)
    0x080005b0   0x00000016   Code   RO         7492    .text               c_w.l(_rserrno.o)
    0x080005c6   0x000000b2   Code   RO         7494    .text               c_w.l(_printf_intcommon.o)
    0x08000678   0x00000030   Code   RO         7496    .text               c_w.l(_printf_char_common.o)
    0x080006a8   0x0000002c   Code   RO         7500    .text               c_w.l(_printf_char.o)
    0x080006d4   0x00000024   Code   RO         7502    .text               c_w.l(_printf_char_file.o)
    0x080006f8   0x00000064   Code   RO         7505    .text               c_w.l(rt_memcpy_w.o)
    0x0800075c   0x00000044   Code   RO         7507    .text               c_w.l(rt_memclr.o)
    0x080007a0   0x00000008   Code   RO         7568    .text               c_w.l(rt_errno_addr_intlibspace.o)
    0x080007a8   0x00000008   Code   RO         7572    .text               c_w.l(ferror.o)
    0x080007b0   0x00000008   Code   RO         7588    .text               c_w.l(libspace.o)
    0x080007b8   0x0000004a   Code   RO         7591    .text               c_w.l(sys_stackheap_outer.o)
    0x08000802   0x0000000c   Code   RO         7593    .text               c_w.l(exit.o)
    0x0800080e   0x0000001a   Code   RO         1194    i.AK80_Init         mit.o
    0x08000828   0x00000050   Code   RO         1195    i.AK80_Speed_Control  mit.o
    0x08000878   0x00000128   Code   RO         1196    i.AK80_update_info  mit.o
    0x080009a0   0x000000ac   Code   RO          380    i.Action_Uart_init  action.o
    0x08000a4c   0x00000058   Code   RO          659    i.AngleLimit        move.o
    0x08000aa4   0x00000124   Code   RO         2459    i.Auto_Task         auto_task.o
    0x08000bc8   0x00000002   Code   RO          264    i.BusFault_Handler  stm32f4xx_it.o
    0x08000bca   0x00000002   PAD
    0x08000bcc   0x00000104   Code   RO          514    i.CAN1_Init         can.o
    0x08000cd0   0x00000034   Code   RO          515    i.CAN1_RX0_IRQHandler  can.o
    0x08000d04   0x00000024   Code   RO          516    i.CAN1_TX_IRQHandler  can.o
    0x08000d28   0x00000114   Code   RO          517    i.CAN2_Init         can.o
    0x08000e3c   0x00000034   Code   RO          518    i.CAN2_RX0_IRQHandler  can.o
    0x08000e70   0x00000024   Code   RO          519    i.CAN2_TX_IRQHandler  can.o
    0x08000e94   0x00000078   Code   RO         2860    i.CAN_ClearITPendingBit  stm32f4xx_can.o
    0x08000f0c   0x0000002c   Code   RO         2862    i.CAN_DeInit        stm32f4xx_can.o
    0x08000f38   0x000000cc   Code   RO         2864    i.CAN_FilterInit    stm32f4xx_can.o
    0x08001004   0x000000a8   Code   RO         2866    i.CAN_GetITStatus   stm32f4xx_can.o
    0x080010ac   0x00000010   Code   RO         2870    i.CAN_ITConfig      stm32f4xx_can.o
    0x080010bc   0x000000e8   Code   RO         2871    i.CAN_Init          stm32f4xx_can.o
    0x080011a4   0x0000008e   Code   RO         2874    i.CAN_Receive       stm32f4xx_can.o
    0x08001232   0x00000020   Code   RO         2877    i.CAN_StructInit    stm32f4xx_can.o
    0x08001252   0x000000a4   Code   RO         2879    i.CAN_Transmit      stm32f4xx_can.o
    0x080012f6   0x0000000c   Code   RO         2882    i.CheckITStatus     stm32f4xx_can.o
    0x08001302   0x00000002   Code   RO          265    i.DebugMon_Handler  stm32f4xx_it.o
    0x08001304   0x00000094   Code   RO          464    i.EXTI9_5_IRQHandler  bsp_air.o
    0x08001398   0x0000000c   Code   RO         3819    i.EXTI_ClearITPendingBit  stm32f4xx_exti.o
    0x080013a4   0x00000014   Code   RO         3823    i.EXTI_GetITStatus  stm32f4xx_exti.o
    0x080013b8   0x00000070   Code   RO         3824    i.EXTI_Init         stm32f4xx_exti.o
    0x08001428   0x00000018   Code   RO         7287    i.FSM_Init          fsm.o
    0x08001440   0x000000bc   Code   RO          565    i.Free_Control      control.o
    0x080014fc   0x000000d8   Code   RO          566    i.Free_Control_Limit  control.o
    0x080015d4   0x00000078   Code   RO         4164    i.GPIO_Init         stm32f4xx_gpio.o
    0x0800164c   0x00000020   Code   RO         4165    i.GPIO_PinAFConfig  stm32f4xx_gpio.o
    0x0800166c   0x00000002   Code   RO          266    i.HardFault_Handler  stm32f4xx_it.o
    0x0800166e   0x0000001e   Code   RO         1135    i.LADRC_Init        ladrc.o
    0x0800168c   0x00000054   Code   RO          660    i.LaserLockPoint    move.o
    0x080016e0   0x00000008   Code   RO          382    i.Location_Init     action.o
    0x080016e8   0x000000cc   Code   RO          932    i.M3508AngleIntegral  m3508.o
    0x080017b4   0x000001bc   Code   RO          933    i.M3508_Motor_Init  m3508.o
    0x08001970   0x00000002   Code   RO          267    i.MemManage_Handler  stm32f4xx_it.o
    0x08001972   0x0000000c   Code   RO         2483    i.Motor_Control     robot_state_task.o
    0x0800197e   0x00000002   PAD
    0x08001980   0x00000214   Code   RO          662    i.MoveInit          move.o
    0x08001b94   0x00000002   Code   RO          268    i.NMI_Handler       stm32f4xx_it.o
    0x08001b96   0x00000002   PAD
    0x08001b98   0x00000064   Code   RO         2572    i.NVIC_Init         misc.o
    0x08001bfc   0x00000014   Code   RO         2573    i.NVIC_PriorityGroupConfig  misc.o
    0x08001c10   0x0000045a   Code   RO          663    i.PDController      move.o
    0x0800206a   0x00000022   Code   RO          772    i.PID_abs_limit     pid.o
    0x0800208c   0x000000b8   Code   RO          773    i.PID_incremental_PID_calculation  pid.o
    0x08002144   0x0000003c   Code   RO          775    i.PID_parameter_init  pid.o
    0x08002180   0x000000b8   Code   RO          777    i.PID_position_PID_calculation_by_error  pid.o
    0x08002238   0x00000048   Code   RO          568    i.PUSH              control.o
    0x08002280   0x00000210   Code   RO          664    i.PathPlan          move.o
    0x08002490   0x00000018   Code   RO         5028    i.RCC_AHB1PeriphClockCmd  stm32f4xx_rcc.o
    0x080024a8   0x00000018   Code   RO         5037    i.RCC_APB1PeriphClockCmd  stm32f4xx_rcc.o
    0x080024c0   0x00000018   Code   RO         5039    i.RCC_APB1PeriphResetCmd  stm32f4xx_rcc.o
    0x080024d8   0x00000018   Code   RO         5040    i.RCC_APB2PeriphClockCmd  stm32f4xx_rcc.o
    0x080024f0   0x00000090   Code   RO         5049    i.RCC_GetClocksFreq  stm32f4xx_rcc.o
    0x08002580   0x00000070   Code   RO          569    i.RPM_MOTOR_PLANNING  control.o
    0x080025f0   0x0000007c   Code   RO         2484    i.Robot_state_task  robot_state_task.o
    0x0800266c   0x00000030   Code   RO         6306    i.SYSCFG_EXTILineConfig  stm32f4xx_syscfg.o
    0x0800269c   0x000000b4   Code   RO          343    i.SetSysClock       system_stm32f4xx.o
    0x08002750   0x00000018   Code   RO         2576    i.SysTick_CLKSourceConfig  misc.o
    0x08002768   0x00000014   Code   RO         1292    i.SysTick_Handler   delay.o
    0x0800277c   0x0000005c   Code   RO          345    i.SystemInit        system_stm32f4xx.o
    0x080027d8   0x000000a0   Code   RO         1032    i.TIM10_PWM_Init    tmotor.o
    0x08002878   0x000000a0   Code   RO         1033    i.TIM13_PWM_Init    tmotor.o
    0x08002918   0x000000a0   Code   RO         1034    i.TIM14_PWM_Init    tmotor.o
    0x080029b8   0x0000005c   Code   RO          465    i.TIM2_GET_TIM_Init  bsp_air.o
    0x08002a14   0x00000068   Code   RO          466    i.TIM2_IRQHandler   bsp_air.o
    0x08002a7c   0x000000a0   Code   RO         1035    i.TIM9_PWM_Init     tmotor.o
    0x08002b1c   0x00000014   Code   RO         6361    i.TIM_ARRPreloadConfig  stm32f4xx_tim.o
    0x08002b30   0x00000006   Code   RO         6368    i.TIM_ClearITPendingBit  stm32f4xx_tim.o
    0x08002b36   0x00000014   Code   RO         6373    i.TIM_Cmd           stm32f4xx_tim.o
    0x08002b4a   0x00000018   Code   RO         6394    i.TIM_GetITStatus   stm32f4xx_tim.o
    0x08002b62   0x00000010   Code   RO         6398    i.TIM_ITConfig      stm32f4xx_tim.o
    0x08002b72   0x00000002   PAD
    0x08002b74   0x00000060   Code   RO         6402    i.TIM_OC1Init       stm32f4xx_tim.o
    0x08002bd4   0x0000000c   Code   RO         6405    i.TIM_OC1PreloadConfig  stm32f4xx_tim.o
    0x08002be0   0x00000004   Code   RO         6435    i.TIM_SetCompare1   stm32f4xx_tim.o
    0x08002be4   0x0000007c   Code   RO         6445    i.TIM_TimeBaseInit  stm32f4xx_tim.o
    0x08002c60   0x000000a4   Code   RO         1036    i.TMOTOR_init       tmotor.o
    0x08002d04   0x0000000c   Code   RO         1040    i.U8_contorl_2      tmotor.o
    0x08002d10   0x000000a4   Code   RO          383    i.UART4_IRQHandler  action.o
    0x08002db4   0x00000040   Code   RO         7313    i.USART1_IRQHandler  ros.o
    0x08002df4   0x0000004c   Code   RO         1100    i.USART2_IRQHandler  laser.o
    0x08002e40   0x00000006   Code   RO         6906    i.USART_ClearFlag   stm32f4xx_usart.o
    0x08002e46   0x0000000c   Code   RO         6907    i.USART_ClearITPendingBit  stm32f4xx_usart.o
    0x08002e52   0x00000014   Code   RO         6910    i.USART_Cmd         stm32f4xx_usart.o
    0x08002e66   0x0000003e   Code   RO         6914    i.USART_GetITStatus  stm32f4xx_usart.o
    0x08002ea4   0x00000030   Code   RO         6916    i.USART_ITConfig    stm32f4xx_usart.o
    0x08002ed4   0x000000ac   Code   RO         6917    i.USART_Init        stm32f4xx_usart.o
    0x08002f80   0x00000008   Code   RO         6924    i.USART_ReceiveData  stm32f4xx_usart.o
    0x08002f88   0x0000002c   Code   RO         7314    i.USART_Send_String  ros.o
    0x08002fb4   0x00000110   Code   RO          385    i.Update_Action_gl_position  action.o
    0x080030c4   0x00000002   Code   RO          269    i.UsageFault_Handler  stm32f4xx_it.o
    0x080030c6   0x00000002   PAD
    0x080030c8   0x000001e0   Code   RO          570    i.World_3wheels     control.o
    0x080032a8   0x0000009c   Code   RO          665    i.YawAdjust         move.o
    0x08003344   0x00000030   Code   RO         7584    i.__ARM_fpclassify  m_wm.l(fpclassify.o)
    0x08003374   0x00000004   PAD
    0x08003378   0x000000c8   Code   RO         7453    i.__hardfp_cos      m_wm.l(cos.o)
    0x08003440   0x000000c8   Code   RO         7465    i.__hardfp_sin      m_wm.l(sin.o)
    0x08003508   0x0000007a   Code   RO         7477    i.__hardfp_sqrt     m_wm.l(sqrt.o)
    0x08003582   0x00000006   PAD
    0x08003588   0x00000438   Code   RO         7539    i.__ieee754_rem_pio2  m_wm.l(rred.o)
    0x080039c0   0x00000170   Code   RO         7522    i.__kernel_cos      m_wm.l(cos_i.o)
    0x08003b30   0x000000f8   Code   RO         7586    i.__kernel_poly     m_wm.l(poly.o)
    0x08003c28   0x00000130   Code   RO         7544    i.__kernel_sin      m_wm.l(sin_i.o)
    0x08003d58   0x00000014   Code   RO         7526    i.__mathlib_dbl_infnan  m_wm.l(dunder.o)
    0x08003d6c   0x00000004   PAD
    0x08003d70   0x00000020   Code   RO         7528    i.__mathlib_dbl_invalid  m_wm.l(dunder.o)
    0x08003d90   0x00000020   Code   RO         7531    i.__mathlib_dbl_underflow  m_wm.l(dunder.o)
    0x08003db0   0x00000002   Code   RO         1372    i._sys_exit         usart.o
    0x08003db2   0x00000002   PAD
    0x08003db4   0x00000218   Code   RO          934    i.ad_plan_arm_motor_RPM_TRANSATE1  m3508.o
    0x08003fcc   0x000001ec   Code   RO          935    i.ad_plan_arm_motor_RPM_UP  m3508.o
    0x080041b8   0x000001b8   Code   RO          936    i.ad_plan_arm_motor_RPM_YAW  m3508.o
    0x08004370   0x00000064   Code   RO         1199    i.ak80_control_cmd  mit.o
    0x080043d4   0x0000006c   Code   RO          467    i.bsp_Air_Init      bsp_air.o
    0x08004440   0x0000005c   Code   RO          937    i.chassis_m3508_m2006_send_motor_currents_can1  m3508.o
    0x0800449c   0x00000060   Code   RO          938    i.chassis_m3508_send_motor_currents_can1  m3508.o
    0x080044fc   0x0000007c   Code   RO         2552    i.data_update       data_update.o
    0x08004578   0x00000038   Code   RO         1293    i.delay_init        delay.o
    0x080045b0   0x00000038   Code   RO         1294    i.delay_ms          delay.o
    0x080045e8   0x00000034   Code   RO         1295    i.delay_us          delay.o
    0x0800461c   0x00000018   Code   RO         7580    i.fabs              m_wm.l(fabs.o)
    0x08004634   0x00000018   Code   RO         1373    i.fputc             usart.o
    0x0800464c   0x0000002e   Code   RO         7315    i.getCrc8           ros.o
    0x0800467a   0x00000002   PAD
    0x0800467c   0x000000e0   Code   RO          939    i.m3508_update_m3508_info_can1  m3508.o
    0x0800475c   0x00000084   Code   RO            3    i.main              main.o
    0x080047e0   0x000000a4   Code   RO          571    i.move              control.o
    0x08004884   0x000002b0   Code   RO         2512    i.move_task         move_task.o
    0x08004b34   0x000000e8   Code   RO          666    i.moving_point_track  move.o
    0x08004c1c   0x00000058   Code   RO          667    i.near_pillar       move.o
    0x08004c74   0x00000070   Code   RO         1836    i.prvAddCurrentTaskToDelayedList  tasks.o
    0x08004ce4   0x000000d0   Code   RO         1837    i.prvAddNewTaskToReadyList  tasks.o
    0x08004db4   0x00000050   Code   RO         2189    i.prvCheckForValidListAndQueue  timers.o
    0x08004e04   0x00000054   Code   RO         1838    i.prvCheckTasksWaitingTermination  tasks.o
    0x08004e58   0x00000026   Code   RO         1610    i.prvCopyDataFromQueue  queue.o
    0x08004e7e   0x0000006c   Code   RO         1611    i.prvCopyDataToQueue  queue.o
    0x08004eea   0x00000014   Code   RO         1839    i.prvDeleteTCB      tasks.o
    0x08004efe   0x00000002   PAD
    0x08004f00   0x0000004c   Code   RO         2402    i.prvHeapInit       heap_4.o
    0x08004f4c   0x00000028   Code   RO         1840    i.prvIdleTask       tasks.o
    0x08004f74   0x000000c0   Code   RO         1841    i.prvInitialiseNewTask  tasks.o
    0x08005034   0x0000004c   Code   RO         2403    i.prvInsertBlockIntoFreeList  heap_4.o
    0x08005080   0x00000038   Code   RO         2190    i.prvInsertTimerInActiveList  timers.o
    0x080050b8   0x0000001a   Code   RO         1612    i.prvIsQueueEmpty   queue.o
    0x080050d2   0x00000002   PAD
    0x080050d4   0x00000090   Code   RO         1613    i.prvNotifyQueueSetContainer  queue.o
    0x08005164   0x00000060   Code   RO         2191    i.prvProcessExpiredTimer  timers.o
    0x080051c4   0x000000f0   Code   RO         2192    i.prvProcessReceivedCommands  timers.o
    0x080052b4   0x0000006c   Code   RO         2193    i.prvProcessTimerOrBlockTask  timers.o
    0x08005320   0x00000020   Code   RO         1843    i.prvResetNextTaskUnblockTime  tasks.o
    0x08005340   0x00000028   Code   RO         2194    i.prvSampleTimeNow  timers.o
    0x08005368   0x0000006c   Code   RO         2195    i.prvSwitchTimerLists  timers.o
    0x080053d4   0x00000064   Code   RO         2318    i.prvTaskExitError  port.o
    0x08005438   0x00000028   Code   RO         2196    i.prvTimerTask      timers.o
    0x08005460   0x00000078   Code   RO         1614    i.prvUnlockQueue    queue.o
    0x080054d8   0x00000114   Code   RO         2404    i.pvPortMalloc      heap_4.o
    0x080055ec   0x00000018   Code   RO         1845    i.pvTaskIncrementMutexHeldCount  tasks.o
    0x08005604   0x0000002c   Code   RO         2319    i.pxPortInitialiseStack  port.o
    0x08005630   0x000000e4   Code   RO            4    i.start_task        main.o
    0x08005714   0x000000ac   Code   RO         1374    i.uart_init         usart.o
    0x080057c0   0x00000028   Code   RO         1201    i.uint_to_float     mit.o
    0x080057e8   0x000000b4   Code   RO         1101    i.usart2_init       laser.o
    0x0800589c   0x0000017c   Code   RO         7316    i.usartReceiveOneData  ros.o
    0x08005a18   0x000000c4   Code   RO         7317    i.usartSendData     ros.o
    0x08005adc   0x00000024   Code   RO         1565    i.uxListRemove      list.o
    0x08005b00   0x00000016   Code   RO         1566    i.vListInitialise   list.o
    0x08005b16   0x00000006   Code   RO         1567    i.vListInitialiseItem  list.o
    0x08005b1c   0x00000030   Code   RO         1568    i.vListInsert       list.o
    0x08005b4c   0x00000018   Code   RO         1569    i.vListInsertEnd    list.o
    0x08005b64   0x00000078   Code   RO         2321    i.vPortEnterCritical  port.o
    0x08005bdc   0x00000064   Code   RO         2322    i.vPortExitCritical  port.o
    0x08005c40   0x0000009c   Code   RO         2405    i.vPortFree         heap_4.o
    0x08005cdc   0x00000020   Code   RO         2323    i.vPortSetupTimerInterrupt  port.o
    0x08005cfc   0x0000008c   Code   RO         2324    i.vPortValidateInterruptPriority  port.o
    0x08005d88   0x00000024   Code   RO         1620    i.vQueueAddToRegistry  queue.o
    0x08005dac   0x00000044   Code   RO         1624    i.vQueueWaitForMessageRestricted  queue.o
    0x08005df0   0x0000006c   Code   RO         1853    i.vTaskDelay        tasks.o
    0x08005e5c   0x000000ac   Code   RO         1854    i.vTaskDelayUntil   tasks.o
    0x08005f08   0x000000cc   Code   RO         1855    i.vTaskDelete       tasks.o
    0x08005fd4   0x0000000c   Code   RO         1859    i.vTaskMissedYield  tasks.o
    0x08005fe0   0x00000054   Code   RO         1861    i.vTaskPlaceOnEventList  tasks.o
    0x08006034   0x0000005c   Code   RO         1862    i.vTaskPlaceOnEventListRestricted  tasks.o
    0x08006090   0x00000084   Code   RO         1864    i.vTaskPriorityInherit  tasks.o
    0x08006114   0x00000048   Code   RO         1868    i.vTaskSetTimeOutState  tasks.o
    0x0800615c   0x00000094   Code   RO         1869    i.vTaskStartScheduler  tasks.o
    0x080061f0   0x00000010   Code   RO         1871    i.vTaskSuspendAll   tasks.o
    0x08006200   0x0000007c   Code   RO         1872    i.vTaskSwitchContext  tasks.o
    0x0800627c   0x00000114   Code   RO         2325    i.xPortStartScheduler  port.o
    0x08006390   0x0000002c   Code   RO         2326    i.xPortSysTickHandler  port.o
    0x080063bc   0x00000078   Code   RO         1629    i.xQueueGenericCreate  queue.o
    0x08006434   0x00000184   Code   RO         1630    i.xQueueGenericReceive  queue.o
    0x080065b8   0x000000a8   Code   RO         1631    i.xQueueGenericReset  queue.o
    0x08006660   0x00000188   Code   RO         1632    i.xQueueGenericSend  queue.o
    0x080067e8   0x000000e0   Code   RO         1633    i.xQueueGenericSendFromISR  queue.o
    0x080068c8   0x00000088   Code   RO         1873    i.xTaskCheckForTimeOut  tasks.o
    0x08006950   0x00000056   Code   RO         1874    i.xTaskCreate       tasks.o
    0x080069a6   0x00000002   PAD
    0x080069a8   0x0000001c   Code   RO         1878    i.xTaskGetSchedulerState  tasks.o
    0x080069c4   0x0000000c   Code   RO         1879    i.xTaskGetTickCount  tasks.o
    0x080069d0   0x000000e8   Code   RO         1881    i.xTaskIncrementTick  tasks.o
    0x08006ab8   0x000000b4   Code   RO         1884    i.xTaskPriorityDisinherit  tasks.o
    0x08006b6c   0x00000098   Code   RO         1885    i.xTaskRemoveFromEventList  tasks.o
    0x08006c04   0x000000e4   Code   RO         1887    i.xTaskResumeAll    tasks.o
    0x08006ce8   0x00000074   Code   RO         2199    i.xTimerCreate      timers.o
    0x08006d5c   0x00000074   Code   RO         2200    i.xTimerCreateTimerTask  timers.o
    0x08006dd0   0x00000090   Code   RO         2201    i.xTimerGenericCommand  timers.o
    0x08006e60   0x00000018   Code   RO         7425    x$fpl$basic         fz_wm.l(basic.o)
    0x08006e78   0x00000062   Code   RO         7427    x$fpl$d2f           fz_wm.l(d2f.o)
    0x08006eda   0x00000002   PAD
    0x08006edc   0x00000150   Code   RO         7429    x$fpl$dadd          fz_wm.l(daddsub_clz.o)
    0x0800702c   0x000002b0   Code   RO         7436    x$fpl$ddiv          fz_wm.l(ddiv.o)
    0x080072dc   0x0000005e   Code   RO         7439    x$fpl$dfix          fz_wm.l(dfix.o)
    0x0800733a   0x0000002e   Code   RO         7444    x$fpl$dflt          fz_wm.l(dflt_clz.o)
    0x08007368   0x00000026   Code   RO         7443    x$fpl$dfltu         fz_wm.l(dflt_clz.o)
    0x0800738e   0x00000002   PAD
    0x08007390   0x00000154   Code   RO         7449    x$fpl$dmul          fz_wm.l(dmul.o)
    0x080074e4   0x0000009c   Code   RO         7511    x$fpl$dnaninf       fz_wm.l(dnaninf.o)
    0x08007580   0x0000000c   Code   RO         7513    x$fpl$dretinf       fz_wm.l(dretinf.o)
    0x0800758c   0x00000016   Code   RO         7430    x$fpl$drsb          fz_wm.l(daddsub_clz.o)
    0x080075a2   0x00000002   PAD
    0x080075a4   0x00000198   Code   RO         7515    x$fpl$dsqrt         fz_wm.l(dsqrt_umaal.o)
    0x0800773c   0x000001d4   Code   RO         7431    x$fpl$dsub          fz_wm.l(daddsub_clz.o)
    0x08007910   0x00000056   Code   RO         7451    x$fpl$f2d           fz_wm.l(f2d.o)
    0x08007966   0x0000008c   Code   RO         7517    x$fpl$fnaninf       fz_wm.l(fnaninf.o)
    0x080079f2   0x0000000a   Code   RO         7657    x$fpl$fpinit        fz_wm.l(fpinit.o)
    0x080079fc   0x0000000a   Code   RO         7519    x$fpl$fretinf       fz_wm.l(fretinf.o)
    0x08007a06   0x00000000   Code   RO         7521    x$fpl$usenofp       fz_wm.l(usenofp.o)
    0x08007a06   0x00000002   Data   RO         7319    .constdata          ros.o
    0x08007a08   0x00000030   Data   RO         7523    .constdata          m_wm.l(cos_i.o)
    0x08007a38   0x000000c8   Data   RO         7541    .constdata          m_wm.l(rred.o)
    0x08007b00   0x00000028   Data   RO         7545    .constdata          m_wm.l(sin_i.o)
    0x08007b28   0x00000020   Data   RO         7720    Region$$Table       anon$$obj.o


    Execution Region RW_IRAM1 (Base: 0x20000000, Size: 0x000064b8, Max: 0x00020000, ABSOLUTE, COMPRESSED[0x000000a0])

    Base Addr    Size         Type   Attr      Idx    E Section Name        Object

    0x20000000   0x00000004   Data   RW            5    .data               main.o
    0x20000004   0x00000004   Data   RW            6    .data               main.o
    0x20000008   0x00000018   Data   RW            7    .data               main.o
    0x20000020   0x00000014   Data   RW          346    .data               system_stm32f4xx.o
    0x20000034   0x00000014   Data   RW          390    .data               action.o
    0x20000048   0x00000024   Data   RW          470    .data               bsp_air.o
    0x2000006c   0x0000006c   Data   RW          669    .data               move.o
    0x200000d8   0x00000001   Data   RW          670    .data               move.o
    0x200000d9   0x00000003   PAD
    0x200000dc   0x00000034   Data   RW          739    .data               path.o
    0x20000110   0x00000034   Data   RW          740    .data               path.o
    0x20000144   0x0000001c   Data   RW          953    .data               m3508.o
    0x20000160   0x0000001c   Data   RW          954    .data               m3508.o
    0x2000017c   0x0000001c   Data   RW          955    .data               m3508.o
    0x20000198   0x0000001c   Data   RW          956    .data               m3508.o
    0x200001b4   0x00000020   Data   RW          957    .data               m3508.o
    0x200001d4   0x0000000c   Data   RW          959    .data               m3508.o
    0x200001e0   0x00000004   Data   RW          960    .data               m3508.o
    0x200001e4   0x00000004   Data   RW          961    .data               m3508.o
    0x200001e8   0x00000004   Data   RW          962    .data               m3508.o
    0x200001ec   0x00000008   Data   RW         1103    .data               laser.o
    0x200001f4   0x00000008   Data   RW         1298    .data               delay.o
    0x200001fc   0x00000004   Data   RW         1377    .data               usart.o
    0x20000200   0x0000003c   Data   RW         1890    .data               tasks.o
    0x2000023c   0x00000014   Data   RW         2209    .data               timers.o
    0x20000250   0x0000000c   Data   RW         2327    .data               port.o
    0x2000025c   0x00000018   Data   RW         2410    .data               heap_4.o
    0x20000274   0x00000008   Data   RW         2461    .data               auto_task.o
    0x2000027c   0x00000010   Data   RW         5081    .data               stm32f4xx_rcc.o
    0x2000028c   0x00000002   Data   RW         7288    .data               fsm.o
    0x2000028e   0x00000002   PAD
    0x20000290   0x00000070   Data   RW         7321    .data               ros.o
    0x20000300   0x00000088   Zero   RW          389    .bss                action.o
    0x20000388   0x00000028   Zero   RW          468    .bss                bsp_air.o
    0x200003b0   0x00000024   Zero   RW          572    .bss                control.o
    0x200003d4   0x000002f0   Zero   RW          668    .bss                move.o
    0x200006c4   0x00000034   Zero   RW          738    .bss                path.o
    0x200006f8   0x000001e0   Zero   RW          941    .bss                m3508.o
    0x200008d8   0x0000001c   Zero   RW          942    .bss                m3508.o
    0x200008f4   0x000000fc   Zero   RW         1140    .bss                ladrc.o
    0x200009f0   0x00000054   Zero   RW         1141    .bss                ladrc.o
    0x20000a44   0x00000054   Zero   RW         1143    .bss                ladrc.o
    0x20000a98   0x00000054   Zero   RW         1202    .bss                mit.o
    0x20000aec   0x00000040   Zero   RW         1644    .bss                queue.o
    0x20000b2c   0x000002e4   Zero   RW         1889    .bss                tasks.o
    0x20000e10   0x00000028   Zero   RW         2208    .bss                timers.o
    0x20000e38   0x00005000   Zero   RW         2409    .bss                heap_4.o
    0x20005e38   0x00000020   Zero   RW         7318    .bss                ros.o
    0x20005e58   0x00000060   Zero   RW         7589    .bss                c_w.l(libspace.o)
    0x20005eb8   0x00000200   Zero   RW         1418    HEAP                startup_stm32f40_41xxx.o
    0x200060b8   0x00000400   Zero   RW         1417    STACK               startup_stm32f40_41xxx.o


==============================================================================

Image component sizes


      Code (inc. data)   RO Data    RW Data    ZI Data      Debug   Object Name

       616         54          0         20        136       6709   action.o
       292         62          0          8          0       1396   auto_task.o
       452         22          0         36         40       5104   bsp_air.o
       712         44          0          0          0       3782   can.o
      1232        130          0          0         36       7314   control.o
       124         12          0          0          0        518   data_update.o
       184         14          0          8          0       2473   delay.o
         0          0          0          0          0      11796   event_groups.o
        24         10          0          2          0       1126   fsm.o
       584        138          0         24      20480       3827   heap_4.o
        30          0          0          0        420       1989   ladrc.o
       256         18          0          8          0       1957   laser.o
       136          0          0          0          0       3034   list.o
      2528        128          0        168        508       9771   m3508.o
       360        116          0         32          0     309615   main.o
       144         14          0          0          0       1997   misc.o
       542         24          0          0         84       4458   mit.o
      2822        172          0        109        752       8349   move.o
       688         58          0          0          0       1000   move_task.o
         0          0          0        104         52        958   path.o
       462         14          0          0          0       2727   pid.o
      1038        382          0         12          0      10825   port.o
      1832        236          0          0         64      11565   queue.o
       136         40          0          0          0       1123   robot_state_task.o
       730         72          2        112         32       4967   ros.o
        64         26        392          0       1536        848   startup_stm32f40_41xxx.o
      1134         26          0          0          0       7376   stm32f4xx_can.o
       144         14          0          0          0       2056   stm32f4xx_exti.o
       152          0          0          0          0       1623   stm32f4xx_gpio.o
        12          0          0          0          0       2729   stm32f4xx_it.o
       240         36          0         16          0       5092   stm32f4xx_rcc.o
        48          6          0          0          0        608   stm32f4xx_syscfg.o
       322         36          0          0          0       6715   stm32f4xx_tim.o
       328          8          0          0          0       4998   stm32f4xx_usart.o
       272         36          0         20          0       1785   system_stm32f4xx.o
      2930        714          0         60        740      29301   tasks.o
      1144        260          0         20         40       9038   timers.o
       816         52          0          0          0       4064   tmotor.o
       198         14          0          4          0       3584   usart.o

    ----------------------------------------------------------------------
     23750       2988        426        768      24920     498197   Object Totals
         0          0         32          0          0          0   (incl. Generated)
        22          0          0          5          0          0   (incl. Padding)

    ----------------------------------------------------------------------

      Code (inc. data)   RO Data    RW Data    ZI Data      Debug   Library Member Name

        90          0          0          0          0          0   __dczerorl2.o
         8          0          0          0          0         68   __main.o
       104          0          0          0          0         84   __printf.o
         0          0          0          0          0          0   __rtentry.o
        12          0          0          0          0          0   __rtentry2.o
         6          0          0          0          0          0   __rtentry4.o
        52          8          0          0          0          0   __scatter.o
        28          0          0          0          0          0   __scatter_zi.o
        44          0          0          0          0        108   _printf_char.o
        48          6          0          0          0         96   _printf_char_common.o
        36          4          0          0          0         80   _printf_char_file.o
         6          0          0          0          0          0   _printf_d.o
       120         16          0          0          0         92   _printf_dec.o
       178          0          0          0          0         88   _printf_intcommon.o
         0          0          0          0          0          0   _printf_percent.o
         4          0          0          0          0          0   _printf_percent_end.o
         6          0          0          0          0          0   _printf_s.o
        82          0          0          0          0         80   _printf_str.o
        22          0          0          0          0        100   _rserrno.o
        16          0          0          0          0         68   aeabi_memset.o
        12          0          0          0          0         72   exit.o
         8          0          0          0          0         68   ferror.o
         6          0          0          0          0        152   heapauxi.o
         2          0          0          0          0          0   libinit.o
         6          0          0          0          0          0   libinit2.o
         2          0          0          0          0          0   libshutdown.o
         2          0          0          0          0          0   libshutdown2.o
         8          4          0          0         96         68   libspace.o
        24          4          0          0          0         84   noretval__2printf.o
         8          4          0          0          0         68   rt_errno_addr_intlibspace.o
        68          0          0          0          0         68   rt_memclr.o
        78          0          0          0          0         80   rt_memclr_w.o
       138          0          0          0          0         68   rt_memcpy_v6.o
       100          0          0          0          0         80   rt_memcpy_w.o
         2          0          0          0          0          0   rtexit.o
        10          0          0          0          0          0   rtexit2.o
        74          0          0          0          0         80   sys_stackheap_outer.o
         2          0          0          0          0         68   use_no_semi.o
         2          0          0          0          0         68   use_no_semi_2.o
        24          0          0          0          0        164   basic.o
        98          4          0          0          0        140   d2f.o
       826         16          0          0          0        492   daddsub_clz.o
       688        140          0          0          0        256   ddiv.o
        94          4          0          0          0        140   dfix.o
        84          0          0          0          0        232   dflt_clz.o
       340         12          0          0          0        152   dmul.o
       156          4          0          0          0        140   dnaninf.o
        12          0          0          0          0        116   dretinf.o
       408         56          0          0          0        168   dsqrt_umaal.o
        86          4          0          0          0        132   f2d.o
       140          4          0          0          0        132   fnaninf.o
        10          0          0          0          0        116   fpinit.o
        10          0          0          0          0        116   fretinf.o
         0          0          0          0          0          0   usenofp.o
       200         20          0          0          0        164   cos.o
       368         46         48          0          0        200   cos_i.o
        84         16          0          0          0        372   dunder.o
        24          0          0          0          0        124   fabs.o
        48          0          0          0          0        124   fpclassify.o
       248          0          0          0          0        152   poly.o
      1080        142        200          0          0        188   rred.o
       200         20          0          0          0        164   sin.o
       304         24         40          0          0        208   sin_i.o
       122          0          0          0          0        148   sqrt.o

    ----------------------------------------------------------------------
      7096        558        288          0         96       6228   Library Totals
        28          0          0          0          0          0   (incl. Padding)

    ----------------------------------------------------------------------

      Code (inc. data)   RO Data    RW Data    ZI Data      Debug   Library Name

      1414         46          0          0         96       1888   c_w.l
      2976        244          0          0          0       2496   fz_wm.l
      2678        268        288          0          0       1844   m_wm.l

    ----------------------------------------------------------------------
      7096        558        288          0         96       6228   Library Totals

    ----------------------------------------------------------------------

==============================================================================


      Code (inc. data)   RO Data    RW Data    ZI Data      Debug   

     30846       3546        714        768      25016     483237   Grand Totals
     30846       3546        714        160      25016     483237   ELF Image Totals (compressed)
     30846       3546        714        160          0          0   ROM Totals

==============================================================================

    Total RO  Size (Code + RO Data)                31560 (  30.82kB)
    Total RW  Size (RW Data + ZI Data)             25784 (  25.18kB)
    Total ROM Size (Code + RO Data + RW Data)      31720 (  30.98kB)

==============================================================================

