Component: ARM Compiler 5.05 update 2 (build 169) Tool: armlink [4d0f33]

==============================================================================

Section Cross References

    main.o(.text) refers to misc.o(.text) for NVIC_PriorityGroupConfig
    main.o(.text) refers to delay.o(.text) for delay_init
    main.o(.text) refers to can.o(.text) for CAN1_Mode_Init
    main.o(.text) refers to moto.o(.text) for M3508_Motor_Init
    main.o(.text) refers to air.o(.text) for PPM_Init
    main.o(.text) refers to action.o(.text) for bsp_UART4_Init
    main.o(.text) refers to usart.o(.text) for uart_init
    main.o(.text) refers to move.o(.text) for MoveInit
    main.o(.text) refers to port.o(.text) for vPortEnterCritical
    main.o(.text) refers to tasks.o(.text) for xTaskCreate
    main.o(.text) refers to main.o(.data) for ChassisDrive_Handler
    main.o(.text) refers to calculate_driver_task.o(.text) for ChassisDrive_task
    main.o(.text) refers to move_task.o(.text) for Move_task
    main.o(.text) refers to shooting_fsm.o(.text) for shooting_FSM_task
    system_stm32f4xx.o(.text) refers to system_stm32f4xx.o(.data) for SystemCoreClock
    led.o(.text) refers to stm32f4xx_rcc.o(.text) for RCC_AHB1PeriphClockCmd
    led.o(.text) refers to stm32f4xx_gpio.o(.text) for GPIO_Init
    lcd.o(.text) refers to _printf_percent.o(.ARM.Collect$$_printf_percent$$00000000) for _printf_percent
    lcd.o(.text) refers to _printf_x.o(.ARM.Collect$$_printf_percent$$0000000C) for _printf_x
    lcd.o(.text) refers to _printf_hex_int.o(.text) for _printf_longlong_hex
    lcd.o(.text) refers to delay.o(.text) for delay_us
    lcd.o(.text) refers to lcd.o(.bss) for lcddev
    lcd.o(.text) refers to dflt_clz.o(x$fpl$dfltu) for __aeabi_ui2d
    lcd.o(.text) refers to dmul.o(x$fpl$dmul) for __aeabi_dmul
    lcd.o(.text) refers to dfixu.o(x$fpl$dfixu) for __aeabi_d2uiz
    lcd.o(.text) refers to lcd.o(.data) for POINT_COLOR
    lcd.o(.text) refers to stm32f4xx_rcc.o(.text) for RCC_AHB1PeriphClockCmd
    lcd.o(.text) refers to stm32f4xx_gpio.o(.text) for GPIO_Init
    lcd.o(.text) refers to stm32f4xx_fsmc.o(.text) for FSMC_NORSRAMInit
    lcd.o(.text) refers to noretval__2printf.o(.text) for __2printf
    lcd.o(.text) refers to lcd.o(.constdata) for asc2_1206
    key.o(.text) refers to stm32f4xx_rcc.o(.text) for RCC_AHB1PeriphClockCmd
    key.o(.text) refers to stm32f4xx_gpio.o(.text) for GPIO_Init
    key.o(.text) refers to delay.o(.text) for delay_ms
    key.o(.text) refers to key.o(.data) for key_up
    can.o(.text) refers to stm32f4xx_rcc.o(.text) for RCC_AHB1PeriphClockCmd
    can.o(.text) refers to stm32f4xx_gpio.o(.text) for GPIO_Init
    can.o(.text) refers to stm32f4xx_can.o(.text) for CAN_Init
    can.o(.text) refers to misc.o(.text) for NVIC_Init
    can.o(.text) refers to moto.o(.text) for m3508_update_m3508_info
    can.o(.text) refers to can.o(.data) for flag2
    can.o(.text) refers to moto.o(.bss) for M3508_CHASSIS_MOTOR_REAL_INFO
    can2.o(.text) refers to stm32f4xx_rcc.o(.text) for RCC_AHB1PeriphClockCmd
    can2.o(.text) refers to stm32f4xx_gpio.o(.text) for GPIO_PinAFConfig
    can2.o(.text) refers to stm32f4xx_can.o(.text) for CAN_DeInit
    can2.o(.text) refers to misc.o(.text) for NVIC_Init
    can2.o(.text) refers to mit.o(.text) for AK80_update_info
    moto.o(.text) refers to pid.o(.text) for PID_parameter_init
    moto.o(.text) refers to stm32f4xx_can.o(.text) for CAN_Transmit
    moto.o(.text) refers to moto.o(.bss) for M3508_CHASSIS_MOTOR_PID_RPM
    air.o(.text) refers to stm32f4xx_rcc.o(.text) for RCC_AHB1PeriphClockCmd
    air.o(.text) refers to stm32f4xx_syscfg.o(.text) for SYSCFG_EXTILineConfig
    air.o(.text) refers to stm32f4xx_gpio.o(.text) for GPIO_Init
    air.o(.text) refers to stm32f4xx_exti.o(.text) for EXTI_Init
    air.o(.text) refers to misc.o(.text) for NVIC_Init
    air.o(.text) refers to rt_memcpy_v6.o(.text) for __aeabi_memcpy
    air.o(.text) refers to stm32f4xx_tim.o(.text) for TIM_TimeBaseInit
    air.o(.text) refers to air.o(.data) for now_ppm_time
    air.o(.text) refers to air.o(.bss) for PPM_buf
    action.o(.text) refers to stm32f4xx_rcc.o(.text) for RCC_AHB1PeriphClockCmd
    action.o(.text) refers to stm32f4xx_gpio.o(.text) for GPIO_PinAFConfig
    action.o(.text) refers to stm32f4xx_usart.o(.text) for USART_Init
    action.o(.text) refers to misc.o(.text) for NVIC_Init
    action.o(.text) refers to f2d.o(x$fpl$f2d) for __aeabi_f2d
    action.o(.text) refers to sin.o(i.__hardfp_sin) for __hardfp_sin
    action.o(.text) refers to dmul.o(x$fpl$dmul) for __aeabi_dmul
    action.o(.text) refers to daddsub_clz.o(x$fpl$dadd) for __aeabi_dadd
    action.o(.text) refers to d2f.o(x$fpl$d2f) for __aeabi_d2f
    action.o(.text) refers to cos.o(i.__hardfp_cos) for __hardfp_cos
    action.o(.text) refers to daddsub_clz.o(x$fpl$dsub) for __aeabi_dsub
    action.o(.text) refers to action.o(.bss) for ACTION_GL_POS_DATA
    action.o(.text) refers to global_location.o(.data) for OFFSET_YAW
[...]
    PID_incremental_PID_calculation_by_error 0x08000ead   Thumb Code   216  pid.o(.text)
    PID_position_PID_calculation             0x08000f85   Thumb Code   256  pid.o(.text)
    PID_position_PID_calculation_by_error    0x08001085   Thumb Code   248  pid.o(.text)
    PPM_Init                                 0x0800117d   Thumb Code   108  air.o(.text)
    EXTI9_5_IRQHandler                       0x080011e9   Thumb Code   218  air.o(.text)
    TIM2_GET_TIM_Init                        0x080012c3   Thumb Code    92  air.o(.text)
    TIM2_IRQHandler                          0x0800131f   Thumb Code   122  air.o(.text)
    bsp_UART4_Init                           0x080013d1   Thumb Code   166  action.o(.text)
    Update_Action                            0x08001477   Thumb Code   410  action.o(.text)
    UART4_IRQHandler                         0x08001611   Thumb Code   232  action.o(.text)
    UART_SendString                          0x080016f9   Thumb Code    58  action.o(.text)
    ak80_control_cmd                         0x08001771   Thumb Code   118  mit.o(.text)
    AK80_Init                                0x080017e7   Thumb Code    40  mit.o(.text)
    __hardfp_fmaxf                           0x0800180f   Thumb Code    26  mit.o(.text)
    __hardfp_fminf                           0x08001829   Thumb Code    26  mit.o(.text)
    float_to_uint                            0x08001843   Thumb Code    50  mit.o(.text)
    uint_to_float                            0x08001875   Thumb Code    52  mit.o(.text)
    AK80_Speed_Control                       0x080018a9   Thumb Code    70  mit.o(.text)
    AK80_update_info                         0x080018ef   Thumb Code   426  mit.o(.text)
    SysTick_Handler                          0x08001aa9   Thumb Code    16  delay.o(.text)
    getSysTickCnt                            0x08001ab9   Thumb Code    22  delay.o(.text)
    delay_init                               0x08001acf   Thumb Code    58  delay.o(.text)
    delay_us                                 0x08001b09   Thumb Code    68  delay.o(.text)
    delay_ms                                 0x08001b4d   Thumb Code    60  delay.o(.text)
    delay_xms                                0x08001b89   Thumb Code    24  delay.o(.text)
    _sys_exit                                0x08001bad   Thumb Code     4  usart.o(.text)
    fputc                                    0x08001bb1   Thumb Code    24  usart.o(.text)
    uart_init                                0x08001bc9   Thumb Code   166  usart.o(.text)
    USART2_Init                              0x08001c6f   Thumb Code   164  usart.o(.text)
    USART2_init                              0x08001d13   Thumb Code   166  usart.o(.text)
    UART5_Init                               0x08001db9   Thumb Code   186  usart.o(.text)
    USART6_init                              0x08001e73   Thumb Code   164  usart.o(.text)
    Reset_Handler                            0x08001f3d   Thumb Code     8  startup_stm32f40_41xxx.o(.text)
    ADC_IRQHandler                           0x08001f57   Thumb Code     0  startup_stm32f40_41xxx.o(.text)
    CAN1_RX1_IRQHandler                      0x08001f57   Thumb Code     0  startup_stm32f40_41xxx.o(.text)
    CAN1_SCE_IRQHandler                      0x08001f57   Thumb Code     0  startup_stm32f40_41xxx.o(.text)
    CAN2_RX1_IRQHandler                      0x08001f57   Thumb Code     0  startup_stm32f40_41xxx.o(.text)
    CAN2_SCE_IRQHandler                      0x08001f57   Thumb Code     0  startup_stm32f40_41xxx.o(.text)
    CRYP_IRQHandler                          0x08001f57   Thumb Code     0  startup_stm32f40_41xxx.o(.text)
    DCMI_IRQHandler                          0x08001f57   Thumb Code     0  startup_stm32f40_41xxx.o(.text)
    DMA1_Stream0_IRQHandler                  0x08001f57   Thumb Code     0  startup_stm32f40_41xxx.o(.text)
    DMA1_Stream1_IRQHandler                  0x08001f57   Thumb Code     0  startup_stm32f40_41xxx.o(.text)
    DMA1_Stream2_IRQHandler                  0x08001f57   Thumb Code     0  startup_stm32f40_41xxx.o(.text)
    DMA1_Stream3_IRQHandler                  0x08001f57   Thumb Code     0  startup_stm32f40_41xxx.o(.text)
    DMA1_Stream4_IRQHandler                  0x08001f57   Thumb Code     0  startup_stm32f40_41xxx.o(.text)
    DMA1_Stream5_IRQHandler                  0x08001f57   Thumb Code     0  startup_stm32f40_41xxx.o(.text)
    DMA1_Stream6_IRQHandler                  0x08001f57   Thumb Code     0  startup_stm32f40_41xxx.o(.text)
    DMA1_Stream7_IRQHandler                  0x08001f57   Thumb Code     0  startup_stm32f40_41xxx.o(.text)
    DMA2_Stream0_IRQHandler                  0x08001f57   Thumb Code     0  startup_stm32f40_41xxx.o(.text)
    DMA2_Stream1_IRQHandler                  0x08001f57   Thumb Code     0  startup_stm32f40_41xxx.o(.text)
    DMA2_Stream2_IRQHandler                  0x08001f57   Thumb Code     0  startup_stm32f40_41xxx.o(.text)
    DMA2_Stream3_IRQHandler                  0x08001f57   Thumb Code     0  startup_stm32f40_41xxx.o(.text)
    DMA2_Stream4_IRQHandler                  0x08001f57   Thumb Code     0  startup_stm32f40_41xxx.o(.text)
    DMA2_Stream5_IRQHandler                  0x08001f57   Thumb Code     0  startup_stm32f40_41xxx.o(.text)
    DMA2_Stream6_IRQHandler                  0x08001f57   Thumb Code     0  startup_stm32f40_41xxx.o(.text)
    DMA2_Stream7_IRQHandler                  0x08001f57   Thumb Code     0  startup_stm32f40_41xxx.o(.text)
    ETH_IRQHandler                           0x08001f57   Thumb Code     0  startup_stm32f40_41xxx.o(.text)
    ETH_WKUP_IRQHandler                      0x08001f57   Thumb Code     0  startup_stm32f40_41xxx.o(.text)
    EXTI0_IRQHandler                         0x08001f57   Thumb Code     0  startup_stm32f40_41xxx.o(.text)
    EXTI15_10_IRQHandler                     0x08001f57   Thumb Code     0  startup_stm32f40_41xxx.o(.text)
    EXTI1_IRQHandler                         0x08001f57   Thumb Code     0  startup_stm32f40_41xxx.o(.text)
    EXTI2_IRQHandler                         0x08001f57   Thumb Code     0  startup_stm32f40_41xxx.o(.text)
    EXTI3_IRQHandler                         0x08001f57   Thumb Code     0  startup_stm32f40_41xxx.o(.text)
    EXTI4_IRQHandler                         0x08001f57   Thumb Code     0  startup_stm32f40_41xxx.o(.text)
    FLASH_IRQHandler                         0x08001f57   Thumb Code     0  startup_stm32f40_41xxx.o(.text)
    FPU_IRQHandler                           0x08001f57   Thumb Code     0  startup_stm32f40_41xxx.o(.text)
    FSMC_IRQHandler                          0x08001f57   Thumb Code     0  startup_stm32f40_41xxx.o(.text)
    HASH_RNG_IRQHandler                      0x08001f57   Thumb Code     0  startup_stm32f40_41xxx.o(.text)
    I2C1_ER_IRQHandler                       0x08001f57   Thumb Code     0  startup_stm32f40_41xxx.o(.text)
    I2C1_EV_IRQHandler                       0x08001f57   Thumb Code     0  startup_stm32f40_41xxx.o(.text)
    I2C2_ER_IRQHandler                       0x08001f57   Thumb Code     0  startup_stm32f40_41xxx.o(.text)
    I2C2_EV_IRQHandler                       0x08001f57   Thumb Code     0  startup_stm32f40_41xxx.o(.text)
    I2C3_ER_IRQHandler                       0x08001f57   Thumb Code     0  startup_stm32f40_41xxx.o(.text)
    I2C3_EV_IRQHandler                       0x08001f57   Thumb Code     0  startup_stm32f40_41xxx.o(.text)
    OTG_FS_IRQHandler                        0x08001f57   Thumb Code     0  startup_stm32f40_41xxx.o(.text)
    OTG_FS_WKUP_IRQHandler                   0x08001f57   Thumb Code     0  startup_stm32f40_41xxx.o(.text)
    OTG_HS_EP1_IN_IRQHandler                 0x08001f57   Thumb Code     0  startup_stm32f40_41xxx.o(.text)
    OTG_HS_EP1_OUT_IRQHandler                0x08001f57   Thumb Code     0  startup_stm32f40_41xxx.o(.text)
    OTG_HS_IRQHandler                        0x08001f57   Thumb Code     0  startup_stm32f40_41xxx.o(.text)
    OTG_HS_WKUP_IRQHandler                   0x08001f57   Thumb Code     0  startup_stm32f40_41xxx.o(.text)
    PVD_IRQHandler                           0x08001f57   Thumb Code     0  startup_stm32f40_41xxx.o(.text)
    RCC_IRQHandler                           0x08001f57   Thumb Code     0  startup_stm32f40_41xxx.o(.text)
    RTC_Alarm_IRQHandler                     0x08001f57   Thumb Code     0  startup_stm32f40_41xxx.o(.text)
    RTC_WKUP_IRQHandler                      0x08001f57   Thumb Code     0  startup_stm32f40_41xxx.o(.text)
    SDIO_IRQHandler                          0x08001f57   Thumb Code     0  startup_stm32f40_41xxx.o(.text)
    SPI1_IRQHandler                          0x08001f57   Thumb Code     0  startup_stm32f40_41xxx.o(.text)
    SPI2_IRQHandler                          0x08001f57   Thumb Code     0  startup_stm32f40_41xxx.o(.text)
    SPI3_IRQHandler                          0x08001f57   Thumb Code     0  startup_stm32f40_41xxx.o(.text)
    TAMP_STAMP_IRQHandler                    0x08001f57   Thumb Code     0  startup_stm32f40_41xxx.o(.text)
    TIM1_BRK_TIM9_IRQHandler                 0x08001f57   Thumb Code     0  startup_stm32f40_41xxx.o(.text)
    TIM1_CC_IRQHandler                       0x08001f57   Thumb Code     0  startup_stm32f40_41xxx.o(.text)
    TIM1_TRG_COM_TIM11_IRQHandler            0x08001f57   Thumb Code     0  startup_stm32f40_41xxx.o(.text)
    TIM1_UP_TIM10_IRQHandler                 0x08001f57   Thumb Code     0  startup_stm32f40_41xxx.o(.text)
    TIM3_IRQHandler                          0x08001f57   Thumb Code     0  startup_stm32f40_41xxx.o(.text)
    TIM4_IRQHandler                          0x08001f57   Thumb Code     0  startup_stm32f40_41xxx.o(.text)
    TIM5_IRQHandler                          0x08001f57   Thumb Code     0  startup_stm32f40_41xxx.o(.text)
    TIM6_DAC_IRQHandler                      0x08001f57   Thumb Code     0  startup_stm32f40_41xxx.o(.text)
    TIM7_IRQHandler                          0x08001f57   Thumb Code     0  startup_stm32f40_41xxx.o(.text)
    TIM8_BRK_TIM12_IRQHandler                0x08001f57   Thumb Code     0  startup_stm32f40_41xxx.o(.text)
    TIM8_CC_IRQHandler                       0x08001f57   Thumb Code     0  startup_stm32f40_41xxx.o(.text)
    TIM8_TRG_COM_TIM14_IRQHandler            0x08001f57   Thumb Code     0  startup_stm32f40_41xxx.o(.text)
    TIM8_UP_TIM13_IRQHandler                 0x08001f57   Thumb Code     0  startup_stm32f40_41xxx.o(.text)
    UART5_IRQHandler                         0x08001f57   Thumb Code     0  startup_stm32f40_41xxx.o(.text)
    USART2_IRQHandler                        0x08001f57   Thumb Code     0  startup_stm32f40_41xxx.o(.text)
    USART3_IRQHandler                        0x08001f57   Thumb Code     0  startup_stm32f40_41xxx.o(.text)
    USART6_IRQHandler                        0x08001f57   Thumb Code     0  startup_stm32f40_41xxx.o(.text)
    WWDG_IRQHandler                          0x08001f57   Thumb Code     0  startup_stm32f40_41xxx.o(.text)
    __user_initial_stackheap                 0x08001f59   Thumb Code     0  startup_stm32f40_41xxx.o(.text)
    NVIC_PriorityGroupConfig                 0x08001f7d   Thumb Code    10  misc.o(.text)
    NVIC_Init                                0x08001f87   Thumb Code   106  misc.o(.text)
    NVIC_SetVectorTable                      0x08001ff1   Thumb Code    14  misc.o(.text)
    NVIC_SystemLPConfig                      0x08001fff   Thumb Code    34  misc.o(.text)
    SysTick_CLKSourceConfig                  0x08002021   Thumb Code    40  misc.o(.text)
    GPIO_DeInit                              0x0800205d   Thumb Code   268  stm32f4xx_gpio.o(.text)
    GPIO_Init                                0x08002169   Thumb Code   144  stm32f4xx_gpio.o(.text)
    GPIO_StructInit                          0x080021f9   Thumb Code    18  stm32f4xx_gpio.o(.text)
    GPIO_PinLockConfig                       0x0800220b   Thumb Code    34  stm32f4xx_gpio.o(.text)
    GPIO_ReadInputDataBit                    0x0800222d   Thumb Code    18  stm32f4xx_gpio.o(.text)
    GPIO_ReadInputData                       0x0800223f   Thumb Code     8  stm32f4xx_gpio.o(.text)
    GPIO_ReadOutputDataBit                   0x08002247   Thumb Code    18  stm32f4xx_gpio.o(.text)
    GPIO_ReadOutputData                      0x08002259   Thumb Code     8  stm32f4xx_gpio.o(.text)
    GPIO_SetBits                             0x08002261   Thumb Code     4  stm32f4xx_gpio.o(.text)
    GPIO_ResetBits                           0x08002265   Thumb Code     4  stm32f4xx_gpio.o(.text)
    GPIO_WriteBit                            0x08002269   Thumb Code    10  stm32f4xx_gpio.o(.text)
    GPIO_Write                               0x08002273   Thumb Code     4  stm32f4xx_gpio.o(.text)
    GPIO_ToggleBits                          0x08002277   Thumb Code     8  stm32f4xx_gpio.o(.text)
    GPIO_PinAFConfig                         0x0800227f   Thumb Code    70  stm32f4xx_gpio.o(.text)
    RCC_DeInit                               0x080022f1   Thumb Code    82  stm32f4xx_rcc.o(.text)
    RCC_HSEConfig                            0x08002343   Thumb Code    14  stm32f4xx_rcc.o(.text)
    RCC_GetFlagStatus                        0x08002351   Thumb Code    60  stm32f4xx_rcc.o(.text)
    RCC_WaitForHSEStartUp                    0x0800238d   Thumb Code    56  stm32f4xx_rcc.o(.text)
    RCC_AdjustHSICalibrationValue            0x080023c5   Thumb Code    20  stm32f4xx_rcc.o(.text)
    RCC_HSICmd                               0x080023d9   Thumb Code     6  stm32f4xx_rcc.o(.text)
    RCC_LSEConfig                            0x080023df   Thumb Code    46  stm32f4xx_rcc.o(.text)
    RCC_LSICmd                               0x0800240d   Thumb Code     6  stm32f4xx_rcc.o(.text)
    RCC_PLLConfig                            0x08002413   Thumb Code    32  stm32f4xx_rcc.o(.text)
    RCC_PLLCmd                               0x08002433   Thumb Code     6  stm32f4xx_rcc.o(.text)
    RCC_PLLI2SConfig                         0x08002439   Thumb Code    14  stm32f4xx_rcc.o(.text)
    RCC_PLLI2SCmd                            0x08002447   Thumb Code     6  stm32f4xx_rcc.o(.text)
    RCC_PLLSAIConfig                         0x0800244d   Thumb Code    20  stm32f4xx_rcc.o(.text)
    RCC_PLLSAICmd                            0x08002461   Thumb Code     6  stm32f4xx_rcc.o(.text)
    RCC_ClockSecuritySystemCmd               0x08002467   Thumb Code     6  stm32f4xx_rcc.o(.text)
    RCC_MCO1Config                           0x0800246d   Thumb Code    28  stm32f4xx_rcc.o(.text)
    RCC_MCO2Config                           0x08002489   Thumb Code    28  stm32f4xx_rcc.o(.text)
    RCC_SYSCLKConfig                         0x080024a5   Thumb Code    20  stm32f4xx_rcc.o(.text)
    RCC_GetSYSCLKSource                      0x080024b9   Thumb Code    12  stm32f4xx_rcc.o(.text)
    RCC_HCLKConfig                           0x080024c5   Thumb Code    20  stm32f4xx_rcc.o(.text)
    RCC_PCLK1Config                          0x080024d9   Thumb Code    20  stm32f4xx_rcc.o(.text)
    RCC_PCLK2Config                          0x080024ed   Thumb Code    22  stm32f4xx_rcc.o(.text)
    RCC_GetClocksFreq                        0x08002503   Thumb Code   222  stm32f4xx_rcc.o(.text)
    RCC_RTCCLKConfig                         0x080025e1   Thumb Code    54  stm32f4xx_rcc.o(.text)
    RCC_RTCCLKCmd                            0x08002617   Thumb Code     8  stm32f4xx_rcc.o(.text)
    RCC_BackupResetCmd                       0x0800261f   Thumb Code     8  stm32f4xx_rcc.o(.text)
    RCC_I2SCLKConfig                         0x08002627   Thumb Code     6  stm32f4xx_rcc.o(.text)
    RCC_SAIPLLI2SClkDivConfig                0x0800262d   Thumb Code    26  stm32f4xx_rcc.o(.text)
    RCC_SAIPLLSAIClkDivConfig                0x08002647   Thumb Code    28  stm32f4xx_rcc.o(.text)
    RCC_SAIBlockACLKConfig                   0x08002663   Thumb Code    20  stm32f4xx_rcc.o(.text)
    RCC_SAIBlockBCLKConfig                   0x08002677   Thumb Code    20  stm32f4xx_rcc.o(.text)
    RCC_LTDCCLKDivConfig                     0x0800268b   Thumb Code    20  stm32f4xx_rcc.o(.text)
    RCC_TIMCLKPresConfig                     0x0800269f   Thumb Code     6  stm32f4xx_rcc.o(.text)
    RCC_AHB1PeriphClockCmd                   0x080026a5   Thumb Code    34  stm32f4xx_rcc.o(.text)
    RCC_AHB2PeriphClockCmd                   0x080026c7   Thumb Code    78  stm32f4xx_rcc.o(.text)
    RCC_AHB3PeriphClockCmd                   0x08002715   Thumb Code    34  stm32f4xx_rcc.o(.text)
    RCC_APB1PeriphClockCmd                   0x08002737   Thumb Code    34  stm32f4xx_rcc.o(.text)
    RCC_APB2PeriphClockCmd                   0x08002759   Thumb Code    34  stm32f4xx_rcc.o(.text)
    RCC_AHB1PeriphResetCmd                   0x0800277b   Thumb Code    34  stm32f4xx_rcc.o(.text)
    RCC_AHB2PeriphResetCmd                   0x0800279d   Thumb Code    34  stm32f4xx_rcc.o(.text)
    RCC_AHB3PeriphResetCmd                   0x080027bf   Thumb Code    34  stm32f4xx_rcc.o(.text)
    RCC_APB1PeriphResetCmd                   0x080027e1   Thumb Code    34  stm32f4xx_rcc.o(.text)
    RCC_APB2PeriphResetCmd                   0x08002803   Thumb Code    34  stm32f4xx_rcc.o(.text)
    RCC_AHB1PeriphClockLPModeCmd             0x08002825   Thumb Code    34  stm32f4xx_rcc.o(.text)
    RCC_AHB2PeriphClockLPModeCmd             0x08002847   Thumb Code    34  stm32f4xx_rcc.o(.text)
    RCC_AHB3PeriphClockLPModeCmd             0x08002869   Thumb Code    34  stm32f4xx_rcc.o(.text)
    RCC_APB1PeriphClockLPModeCmd             0x0800288b   Thumb Code    34  stm32f4xx_rcc.o(.text)
    RCC_APB2PeriphClockLPModeCmd             0x080028ad   Thumb Code    34  stm32f4xx_rcc.o(.text)
    RCC_LSEModeConfig                        0x080028cf   Thumb Code    40  stm32f4xx_rcc.o(.text)
    RCC_ITConfig                             0x080028f7   Thumb Code    34  stm32f4xx_rcc.o(.text)
    RCC_ClearFlag                            0x08002919   Thumb Code    18  stm32f4xx_rcc.o(.text)
    RCC_GetITStatus                          0x0800292b   Thumb Code    22  stm32f4xx_rcc.o(.text)
    RCC_ClearITPendingBit                    0x08002941   Thumb Code     8  stm32f4xx_rcc.o(.text)
    SYSCFG_DeInit                            0x0800294d   Thumb Code    22  stm32f4xx_syscfg.o(.text)
    SYSCFG_MemoryRemapConfig                 0x08002963   Thumb Code     6  stm32f4xx_syscfg.o(.text)
    SYSCFG_MemorySwappingBank                0x08002969   Thumb Code     6  stm32f4xx_syscfg.o(.text)
    SYSCFG_EXTILineConfig                    0x0800296f   Thumb Code    66  stm32f4xx_syscfg.o(.text)
    SYSCFG_ETH_MediaInterfaceConfig          0x080029b1   Thumb Code     8  stm32f4xx_syscfg.o(.text)
    SYSCFG_CompensationCellCmd               0x080029b9   Thumb Code     6  stm32f4xx_syscfg.o(.text)
    SYSCFG_GetCompensationCellStatus         0x080029bf   Thumb Code    22  stm32f4xx_syscfg.o(.text)
    USART_DeInit                             0x080029e1   Thumb Code   206  stm32f4xx_usart.o(.text)
    USART_Init                               0x08002aaf   Thumb Code   204  stm32f4xx_usart.o(.text)
    USART_StructInit                         0x08002b7b   Thumb Code    24  stm32f4xx_usart.o(.text)
    USART_ClockInit                          0x08002b93   Thumb Code    32  stm32f4xx_usart.o(.text)
    USART_ClockStructInit                    0x08002bb3   Thumb Code    12  stm32f4xx_usart.o(.text)
    USART_Cmd                                0x08002bbf   Thumb Code    24  stm32f4xx_usart.o(.text)
    USART_SetPrescaler                       0x08002bd7   Thumb Code    16  stm32f4xx_usart.o(.text)
    USART_OverSampling8Cmd                   0x08002be7   Thumb Code    22  stm32f4xx_usart.o(.text)
    USART_OneBitMethodCmd                    0x08002bfd   Thumb Code    24  stm32f4xx_usart.o(.text)
    USART_SendData                           0x08002c15   Thumb Code     8  stm32f4xx_usart.o(.text)
    USART_ReceiveData                        0x08002c1d   Thumb Code    10  stm32f4xx_usart.o(.text)
    USART_SetAddress                         0x08002c27   Thumb Code    18  stm32f4xx_usart.o(.text)
    USART_ReceiverWakeUpCmd                  0x08002c39   Thumb Code    24  stm32f4xx_usart.o(.text)
    USART_WakeUpConfig                       0x08002c51   Thumb Code    18  stm32f4xx_usart.o(.text)
    USART_LINBreakDetectLengthConfig         0x08002c63   Thumb Code    18  stm32f4xx_usart.o(.text)
    USART_LINCmd                             0x08002c75   Thumb Code    24  stm32f4xx_usart.o(.text)
    USART_SendBreak                          0x08002c8d   Thumb Code    10  stm32f4xx_usart.o(.text)
    USART_HalfDuplexCmd                      0x08002c97   Thumb Code    24  stm32f4xx_usart.o(.text)
    USART_SetGuardTime                       0x08002caf   Thumb Code    16  stm32f4xx_usart.o(.text)
    USART_SmartCardCmd                       0x08002cbf   Thumb Code    24  stm32f4xx_usart.o(.text)
    USART_SmartCardNACKCmd                   0x08002cd7   Thumb Code    24  stm32f4xx_usart.o(.text)
    USART_IrDAConfig                         0x08002cef   Thumb Code    18  stm32f4xx_usart.o(.text)
    USART_IrDACmd                            0x08002d01   Thumb Code    24  stm32f4xx_usart.o(.text)
    USART_DMACmd                             0x08002d19   Thumb Code    18  stm32f4xx_usart.o(.text)
    USART_ITConfig                           0x08002d2b   Thumb Code    74  stm32f4xx_usart.o(.text)
    USART_GetFlagStatus                      0x08002d75   Thumb Code    26  stm32f4xx_usart.o(.text)
    USART_ClearFlag                          0x08002d8f   Thumb Code    18  stm32f4xx_usart.o(.text)
    USART_GetITStatus                        0x08002da1   Thumb Code   118  stm32f4xx_usart.o(.text)
    USART_ClearITPendingBit                  0x08002e17   Thumb Code    30  stm32f4xx_usart.o(.text)
    CAN_DeInit                               0x08002e35   Thumb Code    50  stm32f4xx_can.o(.text)
    CAN_Init                                 0x08002e67   Thumb Code   276  stm32f4xx_can.o(.text)
    CAN_FilterInit                           0x08002f7b   Thumb Code   258  stm32f4xx_can.o(.text)
    CAN_StructInit                           0x0800307d   Thumb Code    32  stm32f4xx_can.o(.text)
    CAN_SlaveStartBank                       0x0800309d   Thumb Code    48  stm32f4xx_can.o(.text)
    CAN_DBGFreeze                            0x080030cd   Thumb Code    22  stm32f4xx_can.o(.text)
    CAN_TTComModeCmd                         0x080030e3   Thumb Code   118  stm32f4xx_can.o(.text)
    CAN_Transmit                             0x08003159   Thumb Code   304  stm32f4xx_can.o(.text)
    CAN_TransmitStatus                       0x08003289   Thumb Code   138  stm32f4xx_can.o(.text)
    CAN_CancelTransmit                       0x08003313   Thumb Code    48  stm32f4xx_can.o(.text)
    CAN_Receive                              0x08003343   Thumb Code   240  stm32f4xx_can.o(.text)
    CAN_FIFORelease                          0x08003433   Thumb Code    22  stm32f4xx_can.o(.text)
    CAN_MessagePending                       0x08003449   Thumb Code    30  stm32f4xx_can.o(.text)
    CAN_OperatingModeRequest                 0x08003467   Thumb Code   162  stm32f4xx_can.o(.text)
    CAN_Sleep                                0x08003509   Thumb Code    30  stm32f4xx_can.o(.text)
    CAN_WakeUp                               0x08003527   Thumb Code    48  stm32f4xx_can.o(.text)
    CAN_GetLastErrorCode                     0x08003557   Thumb Code    12  stm32f4xx_can.o(.text)
    CAN_GetReceiveErrorCounter               0x08003563   Thumb Code    10  stm32f4xx_can.o(.text)
    CAN_GetLSBTransmitErrorCounter           0x0800356d   Thumb Code    12  stm32f4xx_can.o(.text)
    CAN_ITConfig                             0x08003579   Thumb Code    18  stm32f4xx_can.o(.text)
    CAN_GetFlagStatus                        0x0800358b   Thumb Code   120  stm32f4xx_can.o(.text)
    CAN_ClearFlag                            0x08003603   Thumb Code    52  stm32f4xx_can.o(.text)
    CAN_GetITStatus                          0x08003649   Thumb Code   310  stm32f4xx_can.o(.text)
    CAN_ClearITPendingBit                    0x0800377f   Thumb Code   162  stm32f4xx_can.o(.text)
    EXTI_DeInit                              0x08003825   Thumb Code    28  stm32f4xx_exti.o(.text)
    EXTI_Init                                0x08003841   Thumb Code   142  stm32f4xx_exti.o(.text)
    EXTI_StructInit                          0x080038cf   Thumb Code    16  stm32f4xx_exti.o(.text)
    EXTI_GenerateSWInterrupt                 0x080038df   Thumb Code    16  stm32f4xx_exti.o(.text)
    EXTI_GetFlagStatus                       0x080038ef   Thumb Code    22  stm32f4xx_exti.o(.text)
    EXTI_ClearFlag                           0x08003905   Thumb Code     8  stm32f4xx_exti.o(.text)
    EXTI_GetITStatus                         0x0800390d   Thumb Code    22  stm32f4xx_exti.o(.text)
    EXTI_ClearITPendingBit                   0x08003923   Thumb Code     8  stm32f4xx_exti.o(.text)
    TIM_DeInit                               0x08003935   Thumb Code   346  stm32f4xx_tim.o(.text)
    TIM_TimeBaseInit                         0x08003a8f   Thumb Code   104  stm32f4xx_tim.o(.text)
    TIM_TimeBaseStructInit                   0x08003af7   Thumb Code    18  stm32f4xx_tim.o(.text)
    TIM_PrescalerConfig                      0x08003b09   Thumb Code     6  stm32f4xx_tim.o(.text)
    TIM_CounterModeConfig                    0x08003b0f   Thumb Code    18  stm32f4xx_tim.o(.text)
    TIM_SetCounter                           0x08003b21   Thumb Code     4  stm32f4xx_tim.o(.text)
    TIM_SetAutoreload                        0x08003b25   Thumb Code     4  stm32f4xx_tim.o(.text)
    TIM_GetCounter                           0x08003b29   Thumb Code     6  stm32f4xx_tim.o(.text)
    TIM_GetPrescaler                         0x08003b2f   Thumb Code     6  stm32f4xx_tim.o(.text)
    TIM_UpdateDisableConfig                  0x08003b35   Thumb Code    24  stm32f4xx_tim.o(.text)
    TIM_UpdateRequestConfig                  0x08003b4d   Thumb Code    24  stm32f4xx_tim.o(.text)
    TIM_ARRPreloadConfig                     0x08003b65   Thumb Code    24  stm32f4xx_tim.o(.text)
    TIM_SelectOnePulseMode                   0x08003b7d   Thumb Code    18  stm32f4xx_tim.o(.text)
    TIM_SetClockDivision                     0x08003b8f   Thumb Code    18  stm32f4xx_tim.o(.text)
    TIM_Cmd                                  0x08003ba1   Thumb Code    24  stm32f4xx_tim.o(.text)
    TIM_OC1Init                              0x08003bb9   Thumb Code   114  stm32f4xx_tim.o(.text)
    TIM_OC2Init                              0x08003c2b   Thumb Code   154  stm32f4xx_tim.o(.text)
    TIM_OC3Init                              0x08003cc5   Thumb Code   204  stm32f4xx_tim.o(.text)
    TIM_OC4Init                              0x08003d91   Thumb Code   112  stm32f4xx_tim.o(.text)
    TIM_OCStructInit                         0x08003e01   Thumb Code    20  stm32f4xx_tim.o(.text)
    TIM_SelectOCxM                           0x08003e15   Thumb Code    86  stm32f4xx_tim.o(.text)
    TIM_SetCompare1                          0x08003e6b   Thumb Code     4  stm32f4xx_tim.o(.text)
    TIM_SetCompare2                          0x08003e6f   Thumb Code     4  stm32f4xx_tim.o(.text)
    TIM_SetCompare3                          0x08003e73   Thumb Code     4  stm32f4xx_tim.o(.text)
    TIM_SetCompare4                          0x08003e77   Thumb Code     4  stm32f4xx_tim.o(.text)
    TIM_ForcedOC1Config                      0x08003e7b   Thumb Code    18  stm32f4xx_tim.o(.text)
    TIM_ForcedOC2Config                      0x08003e8d   Thumb Code    26  stm32f4xx_tim.o(.text)
    TIM_ForcedOC3Config                      0x08003ea7   Thumb Code    18  stm32f4xx_tim.o(.text)
    TIM_ForcedOC4Config                      0x08003eb9   Thumb Code    26  stm32f4xx_tim.o(.text)
    TIM_OC1PreloadConfig                     0x08003ed3   Thumb Code    18  stm32f4xx_tim.o(.text)
    TIM_OC2PreloadConfig                     0x08003ee5   Thumb Code    26  stm32f4xx_tim.o(.text)
    TIM_OC3PreloadConfig                     0x08003eff   Thumb Code    18  stm32f4xx_tim.o(.text)
    TIM_OC4PreloadConfig                     0x08003f11   Thumb Code    26  stm32f4xx_tim.o(.text)
    TIM_OC1FastConfig                        0x08003f2b   Thumb Code    18  stm32f4xx_tim.o(.text)
    TIM_OC2FastConfig                        0x08003f3d   Thumb Code    26  stm32f4xx_tim.o(.text)
    TIM_OC3FastConfig                        0x08003f57   Thumb Code    18  stm32f4xx_tim.o(.text)
    TIM_OC4FastConfig                        0x08003f69   Thumb Code    26  stm32f4xx_tim.o(.text)
    TIM_ClearOC1Ref                          0x08003f83   Thumb Code    18  stm32f4xx_tim.o(.text)
    TIM_ClearOC2Ref                          0x08003f95   Thumb Code    24  stm32f4xx_tim.o(.text)
    TIM_ClearOC3Ref                          0x08003fad   Thumb Code    18  stm32f4xx_tim.o(.text)
    TIM_ClearOC4Ref                          0x08003fbf   Thumb Code    24  stm32f4xx_tim.o(.text)
    TIM_OC1PolarityConfig                    0x08003fd7   Thumb Code    18  stm32f4xx_tim.o(.text)
    TIM_OC1NPolarityConfig                   0x08003fe9   Thumb Code    18  stm32f4xx_tim.o(.text)
    TIM_OC2PolarityConfig                    0x08003ffb   Thumb Code    26  stm32f4xx_tim.o(.text)
    TIM_OC2NPolarityConfig                   0x08004015   Thumb Code    26  stm32f4xx_tim.o(.text)
    TIM_OC3PolarityConfig                    0x0800402f   Thumb Code    26  stm32f4xx_tim.o(.text)
    TIM_OC3NPolarityConfig                   0x08004049   Thumb Code    26  stm32f4xx_tim.o(.text)
    TIM_OC4PolarityConfig                    0x08004063   Thumb Code    26  stm32f4xx_tim.o(.text)
    TIM_CCxCmd                               0x0800407d   Thumb Code    30  stm32f4xx_tim.o(.text)
    TIM_CCxNCmd                              0x0800409b   Thumb Code    30  stm32f4xx_tim.o(.text)
    TIM_SetIC4Prescaler                      0x080040b9   Thumb Code    26  stm32f4xx_tim.o(.text)
    TIM_SetIC3Prescaler                      0x08004123   Thumb Code    18  stm32f4xx_tim.o(.text)
    TIM_SetIC2Prescaler                      0x0800417d   Thumb Code    26  stm32f4xx_tim.o(.text)
    TIM_SetIC1Prescaler                      0x080041f1   Thumb Code    18  stm32f4xx_tim.o(.text)
    TIM_ICInit                               0x0800423d   Thumb Code   110  stm32f4xx_tim.o(.text)
    TIM_ICStructInit                         0x080042ab   Thumb Code    18  stm32f4xx_tim.o(.text)
    TIM_PWMIConfig                           0x080042bd   Thumb Code   124  stm32f4xx_tim.o(.text)
    TIM_GetCapture1                          0x08004339   Thumb Code     6  stm32f4xx_tim.o(.text)
    TIM_GetCapture2                          0x0800433f   Thumb Code     6  stm32f4xx_tim.o(.text)
    TIM_GetCapture3                          0x08004345   Thumb Code     6  stm32f4xx_tim.o(.text)
    TIM_GetCapture4                          0x0800434b   Thumb Code     6  stm32f4xx_tim.o(.text)
    TIM_BDTRConfig                           0x08004351   Thumb Code    32  stm32f4xx_tim.o(.text)
    TIM_BDTRStructInit                       0x08004371   Thumb Code    18  stm32f4xx_tim.o(.text)
    TIM_CtrlPWMOutputs                       0x08004383   Thumb Code    30  stm32f4xx_tim.o(.text)
    TIM_SelectCOM                            0x080043a1   Thumb Code    24  stm32f4xx_tim.o(.text)
    TIM_CCPreloadControl                     0x080043b9   Thumb Code    24  stm32f4xx_tim.o(.text)
    TIM_ITConfig                             0x080043d1   Thumb Code    18  stm32f4xx_tim.o(.text)
    TIM_GenerateEvent                        0x080043e3   Thumb Code     4  stm32f4xx_tim.o(.text)
    TIM_GetFlagStatus                        0x080043e7   Thumb Code    18  stm32f4xx_tim.o(.text)
    TIM_ClearFlag                            0x080043f9   Thumb Code     6  stm32f4xx_tim.o(.text)
    TIM_GetITStatus                          0x080043ff   Thumb Code    34  stm32f4xx_tim.o(.text)
    TIM_ClearITPendingBit                    0x08004421   Thumb Code     6  stm32f4xx_tim.o(.text)
    TIM_DMAConfig                            0x08004427   Thumb Code    10  stm32f4xx_tim.o(.text)
    TIM_DMACmd                               0x08004431   Thumb Code    18  stm32f4xx_tim.o(.text)
    TIM_SelectCCDMA                          0x08004443   Thumb Code    24  stm32f4xx_tim.o(.text)
    TIM_InternalClockConfig                  0x0800445b   Thumb Code    12  stm32f4xx_tim.o(.text)
    TIM_SelectInputTrigger                   0x08004467   Thumb Code    18  stm32f4xx_tim.o(.text)
    TIM_ITRxExternalClockConfig              0x08004479   Thumb Code    24  stm32f4xx_tim.o(.text)
    TIM_TIxExternalClockConfig               0x08004491   Thumb Code    62  stm32f4xx_tim.o(.text)
    TIM_ETRConfig                            0x080044cf   Thumb Code    28  stm32f4xx_tim.o(.text)
    TIM_ETRClockMode1Config                  0x080044eb   Thumb Code    54  stm32f4xx_tim.o(.text)
    TIM_ETRClockMode2Config                  0x08004521   Thumb Code    32  stm32f4xx_tim.o(.text)
    TIM_SelectOutputTrigger                  0x08004541   Thumb Code    18  stm32f4xx_tim.o(.text)
    TIM_SelectSlaveMode                      0x08004553   Thumb Code    18  stm32f4xx_tim.o(.text)
    TIM_SelectMasterSlaveMode                0x08004565   Thumb Code    18  stm32f4xx_tim.o(.text)
    TIM_EncoderInterfaceConfig               0x08004577   Thumb Code    66  stm32f4xx_tim.o(.text)
    TIM_SelectHallSensor                     0x080045b9   Thumb Code    24  stm32f4xx_tim.o(.text)
    TIM_RemapConfig                          0x080045d1   Thumb Code     6  stm32f4xx_tim.o(.text)
    vListInitialise                          0x080045d7   Thumb Code    26  list.o(.text)
    vListInitialiseItem                      0x080045f1   Thumb Code     6  list.o(.text)
    vListInsertEnd                           0x080045f7   Thumb Code    24  list.o(.text)
    vListInsert                              0x0800460f   Thumb Code    52  list.o(.text)
    uxListRemove                             0x08004643   Thumb Code    40  list.o(.text)
    xQueueGenericReset                       0x0800466d   Thumb Code   136  queue.o(.text)
    xQueueGenericCreate                      0x08004723   Thumb Code    78  queue.o(.text)
    xQueueGenericSend                        0x08004919   Thumb Code   456  queue.o(.text)
    xQueueCreateMutex                        0x08004afd   Thumb Code    34  queue.o(.text)
    xQueueGiveMutexRecursive                 0x08004b1f   Thumb Code    66  queue.o(.text)
    xQueueGenericReceive                     0x08004ba5   Thumb Code   428  queue.o(.text)
    xQueueTakeMutexRecursive                 0x08004d51   Thumb Code    76  queue.o(.text)
    xQueueCreateCountingSemaphore            0x08004d9d   Thumb Code    80  queue.o(.text)
    xQueueGenericSendFromISR                 0x08004ded   Thumb Code   252  queue.o(.text)
    xQueueGiveFromISR                        0x08004ee9   Thumb Code   228  queue.o(.text)
    xQueueReceiveFromISR                     0x08004fcd   Thumb Code   190  queue.o(.text)
    xQueuePeekFromISR                        0x0800508b   Thumb Code   158  queue.o(.text)
    uxQueueMessagesWaiting                   0x08005129   Thumb Code    36  queue.o(.text)
    uxQueueSpacesAvailable                   0x0800514d   Thumb Code    42  queue.o(.text)
    uxQueueMessagesWaitingFromISR            0x08005177   Thumb Code    28  queue.o(.text)
    vQueueUnregisterQueue                    0x08005193   Thumb Code    44  queue.o(.text)
    vQueueDelete                             0x080051bf   Thumb Code    38  queue.o(.text)
    uxQueueGetQueueNumber                    0x080051e5   Thumb Code     6  queue.o(.text)
    vQueueSetQueueNumber                     0x080051eb   Thumb Code     4  queue.o(.text)
    ucQueueGetQueueType                      0x080051ef   Thumb Code     8  queue.o(.text)
    xQueueIsQueueEmptyFromISR                0x080051f7   Thumb Code    36  queue.o(.text)
    xQueueIsQueueFullFromISR                 0x0800521b   Thumb Code    40  queue.o(.text)
    vQueueAddToRegistry                      0x08005243   Thumb Code    38  queue.o(.text)
    pcQueueGetName                           0x08005269   Thumb Code    38  queue.o(.text)
    vQueueWaitForMessageRestricted           0x0800528f   Thumb Code    74  queue.o(.text)
    xQueueCreateSet                          0x080052d9   Thumb Code    20  queue.o(.text)
    xQueueAddToSet                           0x080052ed   Thumb Code    38  queue.o(.text)
    xQueueRemoveFromSet                      0x08005313   Thumb Code    48  queue.o(.text)
    xQueueSelectFromSet                      0x08005343   Thumb Code    26  queue.o(.text)
    xQueueSelectFromSetFromISR               0x0800535d   Thumb Code    22  queue.o(.text)
    xTaskCreate                              0x08005505   Thumb Code    96  tasks.o(.text)
    vTaskDelete                              0x080055a1   Thumb Code   192  tasks.o(.text)
    xTaskIncrementTick                       0x08005661   Thumb Code   392  tasks.o(.text)
    xTaskResumeAll                           0x080057e9   Thumb Code   218  tasks.o(.text)
    vTaskSuspendAll                          0x0800593f   Thumb Code    12  tasks.o(.text)
    vTaskDelayUntil                          0x0800594b   Thumb Code   182  tasks.o(.text)
    vTaskDelay                               0x08005a01   Thumb Code    76  tasks.o(.text)
    eTaskGetState                            0x08005a4d   Thumb Code   106  tasks.o(.text)
    uxTaskPriorityGet                        0x08005ab7   Thumb Code    30  tasks.o(.text)
    uxTaskPriorityGetFromISR                 0x08005ad5   Thumb Code    62  tasks.o(.text)
    vTaskPrioritySet                         0x08005b13   Thumb Code   320  tasks.o(.text)
    vTaskSwitchContext                       0x08005c53   Thumb Code   114  tasks.o(.text)
    vTaskSuspend                             0x08005cc5   Thumb Code   190  tasks.o(.text)
    vTaskResume                              0x08005dcf   Thumb Code   122  tasks.o(.text)
    xTaskResumeFromISR                       0x08005e49   Thumb Code   152  tasks.o(.text)
    vTaskStartScheduler                      0x08005f57   Thumb Code   112  tasks.o(.text)
    vTaskEndScheduler                        0x08005fc7   Thumb Code    32  tasks.o(.text)
    xTaskGetTickCount                        0x08005fe7   Thumb Code     6  tasks.o(.text)
    xTaskGetTickCountFromISR                 0x08005fed   Thumb Code    16  tasks.o(.text)
    uxTaskGetNumberOfTasks                   0x08005ffd   Thumb Code     6  tasks.o(.text)
    pcTaskGetName                            0x08006003   Thumb Code   114  tasks.o(.text)
    vTaskGetInfo                             0x0800608b   Thumb Code   114  tasks.o(.text)
    uxTaskGetSystemState                     0x08006167   Thumb Code   152  tasks.o(.text)
    vTaskPlaceOnEventList                    0x080061ff   Thumb Code    46  tasks.o(.text)
    vTaskPlaceOnUnorderedEventList           0x0800622d   Thumb Code    88  tasks.o(.text)
    vTaskPlaceOnEventListRestricted          0x08006285   Thumb Code    54  tasks.o(.text)
    xTaskRemoveFromEventList                 0x080062bb   Thumb Code   122  tasks.o(.text)
    xTaskRemoveFromUnorderedEventList        0x08006335   Thumb Code   142  tasks.o(.text)
    vTaskSetTimeOutState                     0x080063c3   Thumb Code    36  tasks.o(.text)
    xTaskCheckForTimeOut                     0x080063e7   Thumb Code   124  tasks.o(.text)
    vTaskMissedYield                         0x08006463   Thumb Code     8  tasks.o(.text)
    uxTaskGetTaskNumber                      0x0800646b   Thumb Code    66  tasks.o(.text)
    vTaskSetTaskNumber                       0x080064ad   Thumb Code     8  tasks.o(.text)
    xTaskGetCurrentTaskHandle                0x080064b5   Thumb Code     6  tasks.o(.text)
    xTaskGetSchedulerState                   0x080064bb   Thumb Code    24  tasks.o(.text)
    vTaskPriorityInherit                     0x080064d3   Thumb Code   164  tasks.o(.text)
    xTaskPriorityDisinherit                  0x08006577   Thumb Code   176  tasks.o(.text)
    vTaskList                                0x08006651   Thumb Code   204  tasks.o(.text)
    uxTaskResetEventItemValue                0x0800671d   Thumb Code    24  tasks.o(.text)
    pvTaskIncrementMutexHeldCount            0x08006735   Thumb Code    26  tasks.o(.text)
    ulTaskNotifyTake                         0x0800674f   Thumb Code   108  tasks.o(.text)
    xTaskNotifyWait                          0x080067bb   Thumb Code   150  tasks.o(.text)
    xTaskGenericNotify                       0x08006851   Thumb Code   276  tasks.o(.text)
    xTaskGenericNotifyFromISR                0x08006965   Thumb Code   282  tasks.o(.text)
    vTaskNotifyGiveFromISR                   0x08006a7f   Thumb Code   200  tasks.o(.text)
    xTaskNotifyStateClear                    0x08006b47   Thumb Code    48  tasks.o(.text)
    xTimerGenericCommand                     0x08006be9   Thumb Code   118  timers.o(.text)
    xTimerCreateTimerTask                    0x08006f51   Thumb Code    56  timers.o(.text)
    xTimerCreate                             0x0800702f   Thumb Code    48  timers.o(.text)
    xTimerGetTimerDaemonTaskHandle           0x0800705f   Thumb Code    38  timers.o(.text)
    xTimerGetPeriod                          0x08007085   Thumb Code    28  timers.o(.text)
    xTimerGetExpiryTime                      0x080070a1   Thumb Code    30  timers.o(.text)
    pcTimerGetName                           0x080070bf   Thumb Code    28  timers.o(.text)
    xTimerIsTimerActive                      0x080070db   Thumb Code    50  timers.o(.text)
    pvTimerGetTimerID                        0x0800710d   Thumb Code    38  timers.o(.text)
    vTimerSetTimerID                         0x08007133   Thumb Code    38  timers.o(.text)
    xTimerPendFunctionCallFromISR            0x08007159   Thumb Code    48  timers.o(.text)
    xTimerPendFunctionCall                   0x08007189   Thumb Code    70  timers.o(.text)
    pvPortMalloc                             0x0800729b   Thumb Code   262  heap_4.o(.text)
    vPortFree                                0x080073a1   Thumb Code   120  heap_4.o(.text)
    xPortGetFreeHeapSize                     0x08007419   Thumb Code     6  heap_4.o(.text)
    xPortGetMinimumEverFreeHeapSize          0x0800741f   Thumb Code     6  heap_4.o(.text)
    vPortInitialiseBlocks                    0x08007425   Thumb Code     2  heap_4.o(.text)
    pxPortInitialiseStack                    0x080074ab   Thumb Code    38  port.o(.text)
    vPortSetupTimerInterrupt                 0x080074d1   Thumb Code    26  port.o(.text)
    xPortStartScheduler                      0x080074eb   Thumb Code   258  port.o(.text)
    vPortEndScheduler                        0x080075ed   Thumb Code    34  port.o(.text)
    vPortEnterCritical                       0x0800760f   Thumb Code    70  port.o(.text)
    vPortExitCritical                        0x08007655   Thumb Code    48  port.o(.text)
    xPortSysTickHandler                      0x08007685   Thumb Code    48  port.o(.text)
    vPortValidateInterruptPriority           0x080076b5   Thumb Code    88  port.o(.text)
    Robot_4wheels                            0x0800776d   Thumb Code   212  calculate_driver.o(.text)
    World_4wheels                            0x08007841   Thumb Code  1100  calculate_driver.o(.text)
    World_3wheels                            0x08007c8d   Thumb Code   826  calculate_driver.o(.text)
    world_3wheel                             0x08007fc7   Thumb Code   858  calculate_driver.o(.text)
    MotorVelocityCurve                       0x08008321   Thumb Code   228  calculate_driver.o(.text)
    getCrc8                                  0x08008409   Thumb Code    56  vision.o(.text)
    usartReceiveOneData                      0x08008441   Thumb Code   424  vision.o(.text)
    USART_Send_String                        0x080085e9   Thumb Code    50  vision.o(.text)
    usartSendData                            0x0800861b   Thumb Code   156  vision.o(.text)
    VisionReceiveData                        0x080086b7   Thumb Code   514  vision.o(.text)
    USART1_IRQHandler                        0x080088b9   Thumb Code    36  vision.o(.text)
    ChassisDrive_task                        0x080088ed   Thumb Code   586  calculate_driver_task.o(.text)
    Move_task                                0x08008b69   Thumb Code   330  move_task.o(.text)
    shooting_FSM_task                        0x08008cf5   Thumb Code    50  shooting_fsm.o(.text)
    MoveInit                                 0x08008d2d   Thumb Code   334  move.o(.text)
    PDController                             0x08008e7b   Thumb Code   144  move.o(.text)
    PDController_ladar                       0x08008f0b   Thumb Code   144  move.o(.text)
    PathPlan                                 0x08008f9b   Thumb Code  1042  move.o(.text)
    PointTracking                            0x080093ad   Thumb Code   382  move.o(.text)
    AngleLimit                               0x0800952b   Thumb Code   206  move.o(.text)
    YawAdjust                                0x080095f9   Thumb Code   220  move.o(.text)
    YawAdjust_lasar                          0x080096d5   Thumb Code   220  move.o(.text)
    near_pillar                              0x080097b1   Thumb Code    96  move.o(.text)
    LaserLockPoint                           0x08009811   Thumb Code    80  move.o(.text)
    __use_no_semihosting                     0x08009875   Thumb Code     2  use_no_semi_2.o(.text)
    __2printf                                0x08009879   Thumb Code    20  noretval__2printf.o(.text)
    __2sprintf                               0x08009891   Thumb Code    34  noretval__2sprintf.o(.text)
    __printf                                 0x080098b9   Thumb Code   104  __printf.o(.text)
    _printf_str                              0x08009921   Thumb Code    82  _printf_str.o(.text)
    _printf_int_dec                          0x08009975   Thumb Code   104  _printf_dec.o(.text)
    strcpy                                   0x080099ed   Thumb Code    72  strcpy.o(.text)
    strlen                                   0x08009a35   Thumb Code    62  strlen.o(.text)
    __aeabi_memcpy                           0x08009a73   Thumb Code     0  rt_memcpy_v6.o(.text)
    __rt_memcpy                              0x08009a73   Thumb Code   138  rt_memcpy_v6.o(.text)
    _memcpy_lastbytes                        0x08009ad9   Thumb Code     0  rt_memcpy_v6.o(.text)
    __aeabi_memset                           0x08009afd   Thumb Code    16  aeabi_memset.o(.text)
    __use_two_region_memory                  0x08009b0d   Thumb Code     2  heapauxi.o(.text)
    __rt_heap_escrow$2region                 0x08009b0f   Thumb Code     2  heapauxi.o(.text)
    __rt_heap_expand$2region                 0x08009b11   Thumb Code     2  heapauxi.o(.text)
    __I$use$semihosting                      0x08009b13   Thumb Code     0  use_no_semi.o(.text)
    __use_no_semihosting_swi                 0x08009b13   Thumb Code     2  use_no_semi.o(.text)
    __read_errno                             0x08009b15   Thumb Code    10  _rserrno.o(.text)
    __set_errno                              0x08009b1f   Thumb Code    12  _rserrno.o(.text)
    _printf_int_common                       0x08009b2b   Thumb Code   178  _printf_intcommon.o(.text)
    _printf_char_common                      0x08009be7   Thumb Code    32  _printf_char_common.o(.text)
    _sputc                                   0x08009c0d   Thumb Code    10  _sputc.o(.text)
    _printf_cs_common                        0x08009c17   Thumb Code    20  _printf_char.o(.text)
    _printf_char                             0x08009c2b   Thumb Code    16  _printf_char.o(.text)
    _printf_string                           0x08009c3b   Thumb Code     8  _printf_char.o(.text)
    _printf_char_file                        0x08009c45   Thumb Code    32  _printf_char_file.o(.text)
    __aeabi_memcpy4                          0x08009c69   Thumb Code     0  rt_memcpy_w.o(.text)
    __aeabi_memcpy8                          0x08009c69   Thumb Code     0  rt_memcpy_w.o(.text)
    __rt_memcpy_w                            0x08009c69   Thumb Code   100  rt_memcpy_w.o(.text)
    _memcpy_lastbytes_aligned                0x08009cb1   Thumb Code     0  rt_memcpy_w.o(.text)
    __aeabi_memclr                           0x08009ccd   Thumb Code     0  rt_memclr.o(.text)
    __rt_memclr                              0x08009ccd   Thumb Code    68  rt_memclr.o(.text)
    _memset                                  0x08009cd1   Thumb Code     0  rt_memclr.o(.text)
    __aeabi_errno_addr                       0x08009d11   Thumb Code     8  rt_errno_addr_intlibspace.o(.text)
    __errno$intlibspace                      0x08009d11   Thumb Code     0  rt_errno_addr_intlibspace.o(.text)
    __rt_errno_addr$intlibspace              0x08009d11   Thumb Code     0  rt_errno_addr_intlibspace.o(.text)
    ferror                                   0x08009d19   Thumb Code     8  ferror.o(.text)
    __aeabi_memclr4                          0x08009d21   Thumb Code     0  rt_memclr_w.o(.text)
    __aeabi_memclr8                          0x08009d21   Thumb Code     0  rt_memclr_w.o(.text)
    __rt_memclr_w                            0x08009d21   Thumb Code    78  rt_memclr_w.o(.text)
    _memset_w                                0x08009d25   Thumb Code     0  rt_memclr_w.o(.text)
    __user_libspace                          0x08009d71   Thumb Code     8  libspace.o(.text)
    __user_perproc_libspace                  0x08009d71   Thumb Code     0  libspace.o(.text)
    __user_perthread_libspace                0x08009d71   Thumb Code     0  libspace.o(.text)
    __user_setup_stackheap                   0x08009d79   Thumb Code    74  sys_stackheap_outer.o(.text)
    exit                                     0x08009dc3   Thumb Code    12  exit.o(.text)
    __ARM_fpclassify                         0x08009dcf   Thumb Code    48  fpclassify.o(i.__ARM_fpclassify)
    __hardfp_cos                             0x08009e01   Thumb Code   180  cos.o(i.__hardfp_cos)
    __hardfp_sin                             0x08009ec9   Thumb Code   180  sin.o(i.__hardfp_sin)
    __ieee754_rem_pio2                       0x08009f91   Thumb Code   938  rred.o(i.__ieee754_rem_pio2)
    __kernel_cos                             0x0800a3c9   Thumb Code   322  cos_i.o(i.__kernel_cos)
    __kernel_poly                            0x0800a539   Thumb Code   248  poly.o(i.__kernel_poly)
    __kernel_sin                             0x0800a631   Thumb Code   280  sin_i.o(i.__kernel_sin)
    __mathlib_dbl_infnan                     0x0800a761   Thumb Code    20  dunder.o(i.__mathlib_dbl_infnan)
    __mathlib_dbl_invalid                    0x0800a779   Thumb Code    24  dunder.o(i.__mathlib_dbl_invalid)
    __mathlib_dbl_underflow                  0x0800a799   Thumb Code    24  dunder.o(i.__mathlib_dbl_underflow)
    fabs                                     0x0800a7b9   Thumb Code    24  fabs.o(i.fabs)
    __aeabi_dneg                             0x0800a7d1   Thumb Code     0  basic.o(x$fpl$basic)
    _dneg                                    0x0800a7d1   Thumb Code     6  basic.o(x$fpl$basic)
    __aeabi_fneg                             0x0800a7d7   Thumb Code     0  basic.o(x$fpl$basic)
    _fneg                                    0x0800a7d7   Thumb Code     6  basic.o(x$fpl$basic)
    _dabs                                    0x0800a7dd   Thumb Code     6  basic.o(x$fpl$basic)
    _fabs                                    0x0800a7e3   Thumb Code     6  basic.o(x$fpl$basic)
    __aeabi_d2f                              0x0800a7e9   Thumb Code     0  d2f.o(x$fpl$d2f)
    _d2f                                     0x0800a7e9   Thumb Code    98  d2f.o(x$fpl$d2f)
    __aeabi_dadd                             0x0800a84d   Thumb Code     0  daddsub_clz.o(x$fpl$dadd)
    _dadd                                    0x0800a84d   Thumb Code   332  daddsub_clz.o(x$fpl$dadd)
    __fpl_dcmp_Inf                           0x0800a99d   Thumb Code    24  dcmpi.o(x$fpl$dcmpinf)
    __aeabi_ddiv                             0x0800a9b5   Thumb Code     0  ddiv.o(x$fpl$ddiv)
    _ddiv                                    0x0800a9b5   Thumb Code   552  ddiv.o(x$fpl$ddiv)
    __aeabi_d2iz                             0x0800ac65   Thumb Code     0  dfix.o(x$fpl$dfix)
    _dfix                                    0x0800ac65   Thumb Code    94  dfix.o(x$fpl$dfix)
    __aeabi_i2d                              0x0800acc3   Thumb Code     0  dflt_clz.o(x$fpl$dflt)
    _dflt                                    0x0800acc3   Thumb Code    46  dflt_clz.o(x$fpl$dflt)
    __aeabi_ui2d                             0x0800acf1   Thumb Code     0  dflt_clz.o(x$fpl$dfltu)
    _dfltu                                   0x0800acf1   Thumb Code    38  dflt_clz.o(x$fpl$dfltu)
    __aeabi_cdcmple                          0x0800ad19   Thumb Code     0  dleqf.o(x$fpl$dleqf)
    _dcmple                                  0x0800ad19   Thumb Code   120  dleqf.o(x$fpl$dleqf)
    __fpl_dcmple_InfNaN                      0x0800ad7b   Thumb Code     0  dleqf.o(x$fpl$dleqf)
    __aeabi_dmul                             0x0800ad91   Thumb Code     0  dmul.o(x$fpl$dmul)
    _dmul                                    0x0800ad91   Thumb Code   332  dmul.o(x$fpl$dmul)
    __fpl_dnaninf                            0x0800aee5   Thumb Code   156  dnaninf.o(x$fpl$dnaninf)
    __fpl_dretinf                            0x0800af81   Thumb Code    12  dretinf.o(x$fpl$dretinf)
    __aeabi_cdrcmple                         0x0800af8d   Thumb Code     0  drleqf.o(x$fpl$drleqf)
    _drcmple                                 0x0800af8d   Thumb Code   108  drleqf.o(x$fpl$drleqf)
    __aeabi_drsub                            0x0800aff9   Thumb Code     0  daddsub_clz.o(x$fpl$drsb)
    _drsb                                    0x0800aff9   Thumb Code    22  daddsub_clz.o(x$fpl$drsb)
    __aeabi_dsub                             0x0800b011   Thumb Code     0  daddsub_clz.o(x$fpl$dsub)
    _dsub                                    0x0800b011   Thumb Code   464  daddsub_clz.o(x$fpl$dsub)
    __aeabi_f2d                              0x0800b1e5   Thumb Code     0  f2d.o(x$fpl$f2d)
    _f2d                                     0x0800b1e5   Thumb Code    86  f2d.o(x$fpl$f2d)
    __fpl_fnaninf                            0x0800b23b   Thumb Code   140  fnaninf.o(x$fpl$fnaninf)
    _fp_init                                 0x0800b2c7   Thumb Code    10  fpinit.o(x$fpl$fpinit)
    __fplib_config_fpu_vfp                   0x0800b2cf   Thumb Code     0  fpinit.o(x$fpl$fpinit)
    __fplib_config_pureend_doubles           0x0800b2cf   Thumb Code     0  fpinit.o(x$fpl$fpinit)
    __fpl_fretinf                            0x0800b2d1   Thumb Code    10  fretinf.o(x$fpl$fretinf)
    __I$use$fp                               0x0800b2da   Number         0  usenofp.o(x$fpl$usenofp)
    header                                   0x0800b2da   Data           2  vision.o(.constdata)
    ender                                    0x0800b2dc   Data           2  vision.o(.constdata)
    Region$$Table$$Base                      0x0800b400   Number         0  anon$$obj.o(Region$$Table)
    Region$$Table$$Limit                     0x0800b420   Number         0  anon$$obj.o(Region$$Table)
    MotorVelocityCurve_Handler               0x20000000   Data           4  main.o(.data)
    ChassisDrive_Handler                     0x20000004   Data           4  main.o(.data)
    Move_Handler                             0x20000008   Data           4  main.o(.data)
    shooting_Handler                         0x2000000c   Data           4  main.o(.data)
    testSend1                                0x20000010   Data           2  main.o(.data)
    testSend2                                0x20000012   Data           2  main.o(.data)
    testSend3                                0x20000014   Data           2  main.o(.data)
    testSend4                                0x20000016   Data           1  main.o(.data)
    SystemCoreClock                          0x20000018   Data           4  system_stm32f4xx.o(.data)
    AHBPrescTable                            0x2000001c   Data          16  system_stm32f4xx.o(.data)
    flag2                                    0x2000002c   Data           4  can.o(.data)
    ppm_update_flag                          0x20000030   Data           1  air.o(.data)
    now_ppm_time_send                        0x20000034   Data           4  air.o(.data)
    Time_Sys                                 0x20000038   Data           8  air.o(.data)
    Microsecond_Cnt                          0x20000040   Data           2  air.o(.data)
    TIME_ISR_CNT                             0x20000044   Data           4  air.o(.data)
    LAST_TIME_ISR_CNT                        0x20000048   Data           4  air.o(.data)
    __stdout                                 0x20000064   Data           4  usart.o(.data)
    USART_RX_STA                             0x20000068   Data           2  usart.o(.data)
    pxCurrentTCB                             0x2000007c   Data           4  tasks.o(.data)
    OFFSET_YAW                               0x200000f0   Data           4  global_location.o(.data)
    location_x                               0x200000f4   Data           4  vision.o(.data)
    location_y                               0x200000f8   Data           4  vision.o(.data)
    ladar_distance                           0x200000fc   Data           4  vision.o(.data)
    ladar_yaw                                0x20000100   Data           4  vision.o(.data)
    crtlFlag                                 0x20000104   Data           1  vision.o(.data)
    leftVelNow                               0x20000106   Data           2  vision.o(.data)
    rightVelNow                              0x20000108   Data           2  vision.o(.data)
    angleNow                                 0x2000010a   Data           2  vision.o(.data)
    distance                                 0x2000010c   Data           2  vision.o(.data)
    yaw_lidar                                0x2000010e   Data           2  vision.o(.data)
    x_position                               0x20000110   Data           4  vision.o(.data)
    y_position                               0x20000114   Data           4  vision.o(.data)
    ok                                       0x20000134   Data           4  calculate_driver_task.o(.data)
    move_time_counter                        0x20000138   Data           4  move_task.o(.data)
    fine_turning_state                       0x2000013c   Data           4  move_task.o(.data)
    unautomatic                              0x20000140   Data           4  move_task.o(.data)
    is_MOVE_SHOOTING_1                       0x20000144   Data           4  move_task.o(.data)
    is_MOVE_SHOOTING_2                       0x20000148   Data           4  move_task.o(.data)
    is_MOVE_RING                             0x2000014c   Data           4  move_task.o(.data)
    MOVE_STATE                               0x20000154   Data           1  move.o(.data)
    SHOOT_STATE                              0x20000155   Data           1  move.o(.data)
    kp_x                                     0x20000158   Data           4  move.o(.data)
    kd_x                                     0x2000015c   Data           4  move.o(.data)
    kp_y                                     0x20000160   Data           4  move.o(.data)
    kd_y                                     0x20000164   Data           4  move.o(.data)
    kp_yaw                                   0x20000168   Data           4  move.o(.data)
    kd_yaw                                   0x2000016c   Data           4  move.o(.data)
    error_X                                  0x20000170   Data           4  move.o(.data)
    error_Y                                  0x20000174   Data           4  move.o(.data)
    error_x                                  0x20000178   Data           4  move.o(.data)
    error_y                                  0x2000017c   Data           4  move.o(.data)
    error_Yaw                                0x20000180   Data           4  move.o(.data)
    now_yaw                                  0x20000184   Data           4  move.o(.data)
    u_output                                 0x20000188   Data           4  move.o(.data)
    v_output                                 0x2000018c   Data           4  move.o(.data)
    w_ouput                                  0x20000190   Data           4  move.o(.data)
    k                                        0x20000194   Data           4  move.o(.data)
    t                                        0x20000198   Data           4  move.o(.data)
    f1s                                      0x2000019c   Data           4  move.o(.data)
    f2s                                      0x200001a0   Data           4  move.o(.data)
    f3s                                      0x200001a4   Data           4  move.o(.data)
    f4s                                      0x200001a8   Data           4  move.o(.data)
    last_X                                   0x200001ac   Data           4  move.o(.data)
    last_Y                                   0x200001b0   Data           4  move.o(.data)
    last_Yaw                                 0x200001b4   Data           4  move.o(.data)
    Sx_error                                 0x200001b8   Data           4  move.o(.data)
    Sy_error                                 0x200001bc   Data           4  move.o(.data)
    Hz                                       0x200001c0   Data           4  move.o(.data)
    first_time_flag                          0x200001c4   Data           4  move.o(.data)
    X                                        0x200001cc   Data          52  path.o(.data)
    Y                                        0x20000200   Data          52  path.o(.data)
    Yaw                                      0x20000234   Data          52  path.o(.data)
    X1                                       0x20000268   Data          36  path.o(.data)
    Y1                                       0x2000028c   Data          36  path.o(.data)
    X2                                       0x200002b0   Data          24  path.o(.data)
    Y2                                       0x200002c8   Data          24  path.o(.data)
    M3508_CHASSIS_MOTOR_REAL_INFO            0x200002e0   Data          64  moto.o(.bss)
    M3508_CAST_MOTOR_REAL_INFO               0x20000320   Data          16  moto.o(.bss)
    M3508_CHASSIS_MOTOR_PID_RPM              0x20000330   Data         224  moto.o(.bss)
    M3508_CAST_MOTOR_PID_RPM                 0x20000410   Data          56  moto.o(.bss)
    PPM_Databuf                              0x20000458   Data          20  air.o(.bss)
    ACTION_GL_POS_DATA                       0x2000046c   Data          48  action.o(.bss)
    MIT_DRIVER_REAL_INFO                     0x200004b4   Data          84  mit.o(.bss)
    xQueueRegistry                           0x20000508   Data          64  queue.o(.bss)
    ROBOT_TARGET_VELOCITY_DATA               0x20005854   Data          24  calculate_driver.o(.bss)
    CHASSIS_MOTOR_TARGET_RPM                 0x2000586c   Data          16  calculate_driver.o(.bss)
    curve                                    0x2000587c   Data          40  calculate_driver.o(.bss)
    ROBOT_REAL_POS_DATA                      0x200058a4   Data          12  global_location.o(.bss)
    receiveBuff                              0x200058b0   Data          16  vision.o(.bss)
    yaw_pid                                  0x200058c0   Data          56  move.o(.bss)
    yaw_pid_ladar                            0x200058f8   Data          56  move.o(.bss)
    point_X_pid                              0x20005930   Data          56  move.o(.bss)
    point_Y_pid                              0x20005968   Data          56  move.o(.bss)
    laser_X_pid                              0x200059a0   Data          56  move.o(.bss)
    laser_Y_pid                              0x200059d8   Data          56  move.o(.bss)
    point_traker_x_pid                       0x20005a10   Data          56  move.o(.bss)
    point_traker_y_pid                       0x20005a48   Data          56  move.o(.bss)
    point_traker_yaw_pid                     0x20005a80   Data          56  move.o(.bss)
    point_traker_ladar_y_pid                 0x20005ab8   Data          56  move.o(.bss)
    point_traker_ladar_x_pid                 0x20005af0   Data          56  move.o(.bss)
    now_path_point                           0x20005b28   Data          24  move.o(.bss)
    ladar_now_path_point                     0x20005b40   Data          24  move.o(.bss)
    Yaw1                                     0x20005b58   Data          36  path.o(.bss)
    Yaw2                                     0x20005b7c   Data          24  path.o(.bss)
    __libspace_start                         0x20005b94   Data          96  libspace.o(.bss)
    __temporary_stack_top$libspace           0x20005bf4   Data           0  libspace.o(.bss)



==============================================================================

Memory Map of the image

  Image Entry point : 0x08000189

  Load Region LR_IROM1 (Base: 0x08000000, Size: 0x0000b700, Max: 0x00100000, ABSOLUTE, COMPRESSED[0x0000b4d4])

    Execution Region ER_IROM1 (Base: 0x08000000, Size: 0x0000b420, Max: 0x00100000, ABSOLUTE)

    Base Addr    Size         Type   Attr      Idx    E Section Name        Object

    0x08000000   0x00000188   Data   RO          707    RESET               startup_stm32f40_41xxx.o
    0x08000188   0x00000008   Code   RO         1422  * !!!main             c_w.l(__main.o)
    0x08000190   0x00000034   Code   RO         1717    !!!scatter          c_w.l(__scatter.o)
    0x080001c4   0x0000005a   Code   RO         1715    !!dczerorl2         c_w.l(__dczerorl2.o)
    0x0800021e   0x00000002   PAD
    0x08000220   0x0000001c   Code   RO         1719    !!handler_zi        c_w.l(__scatter_zi.o)
    0x0800023c   0x00000000   Code   RO         1411    .ARM.Collect$$_printf_percent$$00000000  c_w.l(_printf_percent.o)
    0x0800023c   0x00000006   Code   RO         1409    .ARM.Collect$$_printf_percent$$00000009  c_w.l(_printf_d.o)
    0x08000242   0x00000006   Code   RO         1410    .ARM.Collect$$_printf_percent$$0000000A  c_w.l(_printf_u.o)
    0x08000248   0x00000006   Code   RO         1406    .ARM.Collect$$_printf_percent$$00000013  c_w.l(_printf_c.o)
    0x0800024e   0x00000006   Code   RO         1407    .ARM.Collect$$_printf_percent$$00000014  c_w.l(_printf_s.o)
    0x08000254   0x00000004   Code   RO         1493    .ARM.Collect$$_printf_percent$$00000017  c_w.l(_printf_percent_end.o)
    0x08000258   0x00000002   Code   RO         1593    .ARM.Collect$$libinit$$00000000  c_w.l(libinit.o)
    0x0800025a   0x00000004   Code   RO         1596    .ARM.Collect$$libinit$$00000001  c_w.l(libinit2.o)
    0x0800025e   0x00000000   Code   RO         1599    .ARM.Collect$$libinit$$00000004  c_w.l(libinit2.o)
    0x0800025e   0x00000000   Code   RO         1602    .ARM.Collect$$libinit$$0000000A  c_w.l(libinit2.o)
    0x0800025e   0x00000000   Code   RO         1604    .ARM.Collect$$libinit$$0000000C  c_w.l(libinit2.o)
    0x0800025e   0x00000000   Code   RO         1606    .ARM.Collect$$libinit$$0000000E  c_w.l(libinit2.o)
    0x0800025e   0x00000000   Code   RO         1609    .ARM.Collect$$libinit$$00000011  c_w.l(libinit2.o)
    0x0800025e   0x00000000   Code   RO         1611    .ARM.Collect$$libinit$$00000013  c_w.l(libinit2.o)
    0x0800025e   0x00000000   Code   RO         1613    .ARM.Collect$$libinit$$00000015  c_w.l(libinit2.o)
    0x0800025e   0x00000000   Code   RO         1615    .ARM.Collect$$libinit$$00000017  c_w.l(libinit2.o)
    0x0800025e   0x00000000   Code   RO         1617    .ARM.Collect$$libinit$$00000019  c_w.l(libinit2.o)
    0x0800025e   0x00000000   Code   RO         1619    .ARM.Collect$$libinit$$0000001B  c_w.l(libinit2.o)
    0x0800025e   0x00000000   Code   RO         1621    .ARM.Collect$$libinit$$0000001D  c_w.l(libinit2.o)
    0x0800025e   0x00000000   Code   RO         1623    .ARM.Collect$$libinit$$0000001F  c_w.l(libinit2.o)
    0x0800025e   0x00000000   Code   RO         1625    .ARM.Collect$$libinit$$00000021  c_w.l(libinit2.o)
    0x0800025e   0x00000000   Code   RO         1627    .ARM.Collect$$libinit$$00000023  c_w.l(libinit2.o)
    0x0800025e   0x00000000   Code   RO         1629    .ARM.Collect$$libinit$$00000025  c_w.l(libinit2.o)
    0x0800025e   0x00000000   Code   RO         1633    .ARM.Collect$$libinit$$0000002C  c_w.l(libinit2.o)
    0x0800025e   0x00000000   Code   RO         1635    .ARM.Collect$$libinit$$0000002E  c_w.l(libinit2.o)
    0x0800025e   0x00000000   Code   RO         1637    .ARM.Collect$$libinit$$00000030  c_w.l(libinit2.o)
    0x0800025e   0x00000000   Code   RO         1639    .ARM.Collect$$libinit$$00000032  c_w.l(libinit2.o)
    0x0800025e   0x00000002   Code   RO         1640    .ARM.Collect$$libinit$$00000033  c_w.l(libinit2.o)
    0x08000260   0x00000002   Code   RO         1658    .ARM.Collect$$libshutdown$$00000000  c_w.l(libshutdown.o)
    0x08000262   0x00000000   Code   RO         1669    .ARM.Collect$$libshutdown$$00000003  c_w.l(libshutdown2.o)
    0x08000262   0x00000000   Code   RO         1672    .ARM.Collect$$libshutdown$$00000006  c_w.l(libshutdown2.o)
    0x08000262   0x00000000   Code   RO         1675    .ARM.Collect$$libshutdown$$00000009  c_w.l(libshutdown2.o)
    0x08000262   0x00000000   Code   RO         1677    .ARM.Collect$$libshutdown$$0000000B  c_w.l(libshutdown2.o)
    0x08000262   0x00000000   Code   RO         1680    .ARM.Collect$$libshutdown$$0000000E  c_w.l(libshutdown2.o)
    0x08000262   0x00000002   Code   RO         1681    .ARM.Collect$$libshutdown$$0000000F  c_w.l(libshutdown2.o)
    0x08000264   0x00000000   Code   RO         1480    .ARM.Collect$$rtentry$$00000000  c_w.l(__rtentry.o)
    0x08000264   0x00000000   Code   RO         1538    .ARM.Collect$$rtentry$$00000002  c_w.l(__rtentry2.o)
    0x08000264   0x00000006   Code   RO         1550    .ARM.Collect$$rtentry$$00000004  c_w.l(__rtentry4.o)
    0x0800026a   0x00000000   Code   RO         1540    .ARM.Collect$$rtentry$$00000009  c_w.l(__rtentry2.o)
    0x0800026a   0x00000004   Code   RO         1541    .ARM.Collect$$rtentry$$0000000A  c_w.l(__rtentry2.o)
    0x0800026e   0x00000000   Code   RO         1543    .ARM.Collect$$rtentry$$0000000C  c_w.l(__rtentry2.o)
    0x0800026e   0x00000008   Code   RO         1544    .ARM.Collect$$rtentry$$0000000D  c_w.l(__rtentry2.o)
    0x08000276   0x00000002   Code   RO         1594    .ARM.Collect$$rtexit$$00000000  c_w.l(rtexit.o)
    0x08000278   0x00000000   Code   RO         1642    .ARM.Collect$$rtexit$$00000002  c_w.l(rtexit2.o)
    0x08000278   0x00000004   Code   RO         1643    .ARM.Collect$$rtexit$$00000003  c_w.l(rtexit2.o)
    0x0800027c   0x00000006   Code   RO         1644    .ARM.Collect$$rtexit$$00000004  c_w.l(rtexit2.o)
    0x08000282   0x00000002   PAD
    0x08000284   0x000000b6   Code   RO         1082    .emb_text           port.o
    0x0800033a   0x00000002   PAD
    0x0800033c   0x000000e8   Code   RO            3    .text               main.o
    0x08000424   0x00000014   Code   RO          264    .text               stm32f4xx_it.o
    0x08000438   0x00000210   Code   RO          313    .text               system_stm32f4xx.o
    0x08000648   0x0000017c   Code   RO          415    .text               can.o
    0x080007c4   0x00000160   Code   RO          467    .text               can2.o
    0x08000924   0x00000404   Code   RO          487    .text               moto.o
    0x08000d28   0x00000454   Code   RO          517    .text               pid.o
    0x0800117c   0x00000254   Code   RO          540    .text               air.o
    0x080013d0   0x000003a0   Code   RO          567    .text               action.o
    0x08001770   0x00000338   Code   RO          594    .text               mit.o
    0x08001aa8   0x00000104   Code   RO          620    .text               delay.o
    0x08001bac   0x00000390   Code   RO          670    .text               usart.o
    0x08001f3c   0x00000040   Code   RO          708    .text               startup_stm32f40_41xxx.o
    0x08001f7c   0x000000e0   Code   RO          714    .text               misc.o
    0x0800205c   0x00000294   Code   RO          734    .text               stm32f4xx_gpio.o
    0x080022f0   0x0000065c   Code   RO          777    .text               stm32f4xx_rcc.o
    0x0800294c   0x00000094   Code   RO          799    .text               stm32f4xx_syscfg.o
    0x080029e0   0x00000454   Code   RO          819    .text               stm32f4xx_usart.o
    0x08002e34   0x000009f0   Code   RO          839    .text               stm32f4xx_can.o
    0x08003824   0x00000110   Code   RO          859    .text               stm32f4xx_exti.o
    0x08003934   0x00000ca2   Code   RO          879    .text               stm32f4xx_tim.o
    0x080045d6   0x00000094   Code   RO          954    .text               list.o
    0x0800466a   0x00000002   PAD
    0x0800466c   0x00000d0c   Code   RO          974    .text               queue.o
    0x08005378   0x00001820   Code   RO          997    .text               tasks.o
    0x08006b98   0x00000640   Code   RO         1036    .text               timers.o
    0x080071d8   0x000002a0   Code   RO         1059    .text               heap_4.o
    0x08007478   0x000002f4   Code   RO         1083    .text               port.o
    0x0800776c   0x00000c9c   Code   RO         1120    .text               calculate_driver.o
    0x08008408   0x000004e4   Code   RO         1167    .text               vision.o
    0x080088ec   0x0000027c   Code   RO         1193    .text               calculate_driver_task.o
    0x08008b68   0x0000018c   Code   RO         1237    .text               move_task.o
    0x08008cf4   0x00000038   Code   RO         1262    .text               shooting_fsm.o
    0x08008d2c   0x00000b48   Code   RO         1283    .text               move.o
    0x08009874   0x00000002   Code   RO         1349    .text               c_w.l(use_no_semi_2.o)
    0x08009876   0x00000002   PAD
    0x08009878   0x00000018   Code   RO         1355    .text               c_w.l(noretval__2printf.o)
    0x08009890   0x00000028   Code   RO         1357    .text               c_w.l(noretval__2sprintf.o)
    0x080098b8   0x00000068   Code   RO         1359    .text               c_w.l(__printf.o)
    0x08009920   0x00000052   Code   RO         1361    .text               c_w.l(_printf_str.o)
    0x08009972   0x00000002   PAD
    0x08009974   0x00000078   Code   RO         1363    .text               c_w.l(_printf_dec.o)
    0x080099ec   0x00000048   Code   RO         1412    .text               c_w.l(strcpy.o)
    0x08009a34   0x0000003e   Code   RO         1414    .text               c_w.l(strlen.o)
    0x08009a72   0x0000008a   Code   RO         1416    .text               c_w.l(rt_memcpy_v6.o)
    0x08009afc   0x00000010   Code   RO         1418    .text               c_w.l(aeabi_memset.o)
    0x08009b0c   0x00000006   Code   RO         1420    .text               c_w.l(heapauxi.o)
    0x08009b12   0x00000002   Code   RO         1478    .text               c_w.l(use_no_semi.o)
    0x08009b14   0x00000016   Code   RO         1481    .text               c_w.l(_rserrno.o)
    0x08009b2a   0x000000b2   Code   RO         1483    .text               c_w.l(_printf_intcommon.o)
    0x08009bdc   0x00000030   Code   RO         1485    .text               c_w.l(_printf_char_common.o)
    0x08009c0c   0x0000000a   Code   RO         1487    .text               c_w.l(_sputc.o)
    0x08009c16   0x0000002c   Code   RO         1489    .text               c_w.l(_printf_char.o)
    0x08009c42   0x00000002   PAD
    0x08009c44   0x00000024   Code   RO         1491    .text               c_w.l(_printf_char_file.o)
    0x08009c68   0x00000064   Code   RO         1494    .text               c_w.l(rt_memcpy_w.o)
    0x08009ccc   0x00000044   Code   RO         1496    .text               c_w.l(rt_memclr.o)
    0x08009d10   0x00000008   Code   RO         1555    .text               c_w.l(rt_errno_addr_intlibspace.o)
    0x08009d18   0x00000008   Code   RO         1559    .text               c_w.l(ferror.o)
    0x08009d20   0x0000004e   Code   RO         1563    .text               c_w.l(rt_memclr_w.o)
    0x08009d6e   0x00000002   PAD
    0x08009d70   0x00000008   Code   RO         1581    .text               c_w.l(libspace.o)
    0x08009d78   0x0000004a   Code   RO         1584    .text               c_w.l(sys_stackheap_outer.o)
    0x08009dc2   0x0000000c   Code   RO         1586    .text               c_w.l(exit.o)
    0x08009dce   0x00000030   Code   RO         1577    i.__ARM_fpclassify  m_wm.l(fpclassify.o)
    0x08009dfe   0x00000002   PAD
    0x08009e00   0x000000c8   Code   RO         1454    i.__hardfp_cos      m_wm.l(cos.o)
    0x08009ec8   0x000000c8   Code   RO         1466    i.__hardfp_sin      m_wm.l(sin.o)
    0x08009f90   0x00000438   Code   RO         1526    i.__ieee754_rem_pio2  m_wm.l(rred.o)
    0x0800a3c8   0x00000170   Code   RO         1509    i.__kernel_cos      m_wm.l(cos_i.o)
    0x0800a538   0x000000f8   Code   RO         1579    i.__kernel_poly     m_wm.l(poly.o)
    0x0800a630   0x00000130   Code   RO         1531    i.__kernel_sin      m_wm.l(sin_i.o)
    0x0800a760   0x00000014   Code   RO         1513    i.__mathlib_dbl_infnan  m_wm.l(dunder.o)
    0x0800a774   0x00000004   PAD
    0x0800a778   0x00000020   Code   RO         1515    i.__mathlib_dbl_invalid  m_wm.l(dunder.o)
    0x0800a798   0x00000020   Code   RO         1518    i.__mathlib_dbl_underflow  m_wm.l(dunder.o)
    0x0800a7b8   0x00000018   Code   RO         1573    i.fabs              m_wm.l(fabs.o)
    0x0800a7d0   0x00000018   Code   RO         1424    x$fpl$basic         fz_wm.l(basic.o)
    0x0800a7e8   0x00000062   Code   RO         1426    x$fpl$d2f           fz_wm.l(d2f.o)
    0x0800a84a   0x00000002   PAD
    0x0800a84c   0x00000150   Code   RO         1428    x$fpl$dadd          fz_wm.l(daddsub_clz.o)
    0x0800a99c   0x00000018   Code   RO         1565    x$fpl$dcmpinf       fz_wm.l(dcmpi.o)
    0x0800a9b4   0x000002b0   Code   RO         1435    x$fpl$ddiv          fz_wm.l(ddiv.o)
    0x0800ac64   0x0000005e   Code   RO         1567    x$fpl$dfix          fz_wm.l(dfix.o)
    0x0800acc2   0x0000002e   Code   RO         1443    x$fpl$dflt          fz_wm.l(dflt_clz.o)
    0x0800acf0   0x00000026   Code   RO         1442    x$fpl$dfltu         fz_wm.l(dflt_clz.o)
    0x0800ad16   0x00000002   PAD
    0x0800ad18   0x00000078   Code   RO         1498    x$fpl$dleqf         fz_wm.l(dleqf.o)
    0x0800ad90   0x00000154   Code   RO         1448    x$fpl$dmul          fz_wm.l(dmul.o)
    0x0800aee4   0x0000009c   Code   RO         1500    x$fpl$dnaninf       fz_wm.l(dnaninf.o)
    0x0800af80   0x0000000c   Code   RO         1502    x$fpl$dretinf       fz_wm.l(dretinf.o)
    0x0800af8c   0x0000006c   Code   RO         1450    x$fpl$drleqf        fz_wm.l(drleqf.o)
    0x0800aff8   0x00000016   Code   RO         1429    x$fpl$drsb          fz_wm.l(daddsub_clz.o)
    0x0800b00e   0x00000002   PAD
    0x0800b010   0x000001d4   Code   RO         1430    x$fpl$dsub          fz_wm.l(daddsub_clz.o)
    0x0800b1e4   0x00000056   Code   RO         1452    x$fpl$f2d           fz_wm.l(f2d.o)
    0x0800b23a   0x0000008c   Code   RO         1504    x$fpl$fnaninf       fz_wm.l(fnaninf.o)
    0x0800b2c6   0x0000000a   Code   RO         1650    x$fpl$fpinit        fz_wm.l(fpinit.o)
    0x0800b2d0   0x0000000a   Code   RO         1506    x$fpl$fretinf       fz_wm.l(fretinf.o)
    0x0800b2da   0x00000000   Code   RO         1508    x$fpl$usenofp       fz_wm.l(usenofp.o)
    0x0800b2da   0x00000004   Data   RO         1169    .constdata          vision.o
    0x0800b2de   0x00000002   PAD
    0x0800b2e0   0x00000030   Data   RO         1510    .constdata          m_wm.l(cos_i.o)
    0x0800b310   0x000000c8   Data   RO         1528    .constdata          m_wm.l(rred.o)
    0x0800b3d8   0x00000028   Data   RO         1532    .constdata          m_wm.l(sin_i.o)
    0x0800b400   0x00000020   Data   RO         1713    Region$$Table       anon$$obj.o


    Execution Region RW_IRAM1 (Base: 0x20000000, Size: 0x000061f8, Max: 0x00020000, ABSOLUTE, COMPRESSED[0x000000b4])

    Base Addr    Size         Type   Attr      Idx    E Section Name        Object

    0x20000000   0x00000017   Data   RW            4    .data               main.o
    0x20000017   0x00000001   PAD
    0x20000018   0x00000014   Data   RW          314    .data               system_stm32f4xx.o
    0x2000002c   0x00000004   Data   RW          416    .data               can.o
    0x20000030   0x00000028   Data   RW          542    .data               air.o
    0x20000058   0x00000003   Data   RW          569    .data               action.o
    0x2000005b   0x00000001   PAD
    0x2000005c   0x00000008   Data   RW          621    .data               delay.o
    0x20000064   0x00000006   Data   RW          672    .data               usart.o
    0x2000006a   0x00000010   Data   RW          778    .data               stm32f4xx_rcc.o
    0x2000007a   0x00000002   PAD
    0x2000007c   0x0000003c   Data   RW          999    .data               tasks.o
    0x200000b8   0x00000014   Data   RW         1038    .data               timers.o
    0x200000cc   0x00000018   Data   RW         1061    .data               heap_4.o
    0x200000e4   0x0000000c   Data   RW         1084    .data               port.o
    0x200000f0   0x00000004   Data   RW         1147    .data               global_location.o
    0x200000f4   0x0000003e   Data   RW         1170    .data               vision.o
    0x20000132   0x00000002   PAD
    0x20000134   0x00000004   Data   RW         1194    .data               calculate_driver_task.o
    0x20000138   0x0000001c   Data   RW         1239    .data               move_task.o
    0x20000154   0x00000075   Data   RW         1285    .data               move.o
    0x200001c9   0x00000003   PAD
    0x200001cc   0x00000114   Data   RW         1308    .data               path.o
    0x200002e0   0x00000168   Zero   RW          488    .bss                moto.o
    0x20000448   0x00000024   Zero   RW          541    .bss                air.o
    0x2000046c   0x00000048   Zero   RW          568    .bss                action.o
    0x200004b4   0x00000054   Zero   RW          595    .bss                mit.o
    0x20000508   0x00000040   Zero   RW          975    .bss                queue.o
    0x20000548   0x000002e4   Zero   RW          998    .bss                tasks.o
    0x2000082c   0x00000028   Zero   RW         1037    .bss                timers.o
    0x20000854   0x00005000   Zero   RW         1060    .bss                heap_4.o
    0x20005854   0x00000050   Zero   RW         1121    .bss                calculate_driver.o
    0x200058a4   0x0000000c   Zero   RW         1146    .bss                global_location.o
    0x200058b0   0x00000010   Zero   RW         1168    .bss                vision.o
    0x200058c0   0x00000298   Zero   RW         1284    .bss                move.o
    0x20005b58   0x0000003c   Zero   RW         1307    .bss                path.o
    0x20005b94   0x00000060   Zero   RW         1582    .bss                c_w.l(libspace.o)
    0x20005bf4   0x00000004   PAD
    0x20005bf8   0x00000200   Zero   RW          706    HEAP                startup_stm32f40_41xxx.o
    0x20005df8   0x00000400   Zero   RW          705    STACK               startup_stm32f40_41xxx.o


==============================================================================

Image component sizes


      Code (inc. data)   RO Data    RW Data    ZI Data      Debug   Object Name

       928         68          0          3         72       2729   action.o
       596         56          0         40         36       2196   air.o
      3228        100          0          0         80       3584   calculate_driver.o
       636         50          0          4          0        837   calculate_driver_task.o
       380         16          0          4          0       1540   can.o
       352         10          0          0          0       1051   can2.o
       260         12          0          8          0       1779   delay.o
         0          0          0          0          0      10164   event_groups.o
         0          0          0          4         12        585   global_location.o
       672         82          0         24      20480       3268   heap_4.o
       148          0          0          0          0       1878   list.o
       232         76          0         23          0     309313   main.o
       224         20          0          0          0       1765   misc.o
       824         16          0          0         84       4220   mit.o
      1028         60          0          0        360       3308   moto.o
      2888        248          0        117        664       5772   move.o
       396         72          0         28          0       1499   move_task.o
         0          0          0        276         60        692   path.o
      1108          6          0          0          0       3641   pid.o
       938        112          0         12          0       8147   port.o
      3340         52          0          0         64      15738   queue.o
        56         14          0          0          0        532   shooting_fsm.o
        64         26        392          0       1536        812   startup_stm32f40_41xxx.o
      2544         38          0          0          0       7916   stm32f4xx_can.o
       272         10          0          0          0       2211   stm32f4xx_exti.o
       660         44          0          0          0       4041   stm32f4xx_gpio.o
        20          0          0          0          0        919   stm32f4xx_it.o
      1628         52          0         16          0      12804   stm32f4xx_rcc.o
       148         12          0          0          0       1817   stm32f4xx_syscfg.o
      3234         60          0          0          0      22248   stm32f4xx_tim.o
      1108         34          0          0          0       7744   stm32f4xx_usart.o
       528         46          0         20          0       1699   system_stm32f4xx.o
      6176        402          0         60        740      31192   tasks.o
      1600        112          0         20         40       8356   timers.o
       912         38          0          6          0       4479   usart.o
      1252        152          4         62         16       4160   vision.o

    ----------------------------------------------------------------------
     38384       2096        430        736      24244     494636   Object Totals
         0          0         32          0          0          0   (incl. Generated)
         4          0          2          9          0          0   (incl. Padding)

    ----------------------------------------------------------------------

      Code (inc. data)   RO Data    RW Data    ZI Data      Debug   Library Member Name

        90          0          0          0          0          0   __dczerorl2.o
         8          0          0          0          0         68   __main.o
       104          0          0          0          0         84   __printf.o
         0          0          0          0          0          0   __rtentry.o
        12          0          0          0          0          0   __rtentry2.o
         6          0          0          0          0          0   __rtentry4.o
        52          8          0          0          0          0   __scatter.o
        28          0          0          0          0          0   __scatter_zi.o
         6          0          0          0          0          0   _printf_c.o
        44          0          0          0          0        108   _printf_char.o
        48          6          0          0          0         96   _printf_char_common.o
        36          4          0          0          0         80   _printf_char_file.o
         6          0          0          0          0          0   _printf_d.o
       120         16          0          0          0         92   _printf_dec.o
       178          0          0          0          0         88   _printf_intcommon.o
         0          0          0          0          0          0   _printf_percent.o
         4          0          0          0          0          0   _printf_percent_end.o
         6          0          0          0          0          0   _printf_s.o
        82          0          0          0          0         80   _printf_str.o
         6          0          0          0          0          0   _printf_u.o
        22          0          0          0          0        100   _rserrno.o
        10          0          0          0          0         68   _sputc.o
        16          0          0          0          0         68   aeabi_memset.o
        12          0          0          0          0         72   exit.o
         8          0          0          0          0         68   ferror.o
         6          0          0          0          0        152   heapauxi.o
         2          0          0          0          0          0   libinit.o
         6          0          0          0          0          0   libinit2.o
         2          0          0          0          0          0   libshutdown.o
         2          0          0          0          0          0   libshutdown2.o
         8          4          0          0         96         68   libspace.o
        24          4          0          0          0         84   noretval__2printf.o
        40          6          0          0          0         84   noretval__2sprintf.o
         8          4          0          0          0         68   rt_errno_addr_intlibspace.o
        68          0          0          0          0         68   rt_memclr.o
        78          0          0          0          0         80   rt_memclr_w.o
       138          0          0          0          0         68   rt_memcpy_v6.o
       100          0          0          0          0         80   rt_memcpy_w.o
         2          0          0          0          0          0   rtexit.o
        10          0          0          0          0          0   rtexit2.o
        72          0          0          0          0         80   strcpy.o
        62          0          0          0          0         76   strlen.o
        74          0          0          0          0         80   sys_stackheap_outer.o
         2          0          0          0          0         68   use_no_semi.o
         2          0          0          0          0         68   use_no_semi_2.o
        24          0          0          0          0        164   basic.o
        98          4          0          0          0        140   d2f.o
       826         16          0          0          0        492   daddsub_clz.o
        24          0          0          0          0        116   dcmpi.o
       688        140          0          0          0        256   ddiv.o
        94          4          0          0          0        140   dfix.o
        84          0          0          0          0        232   dflt_clz.o
       120          4          0          0          0        140   dleqf.o
       340         12          0          0          0        152   dmul.o
       156          4          0          0          0        140   dnaninf.o
        12          0          0          0          0        116   dretinf.o
       108          0          0          0          0        128   drleqf.o
        86          4          0          0          0        132   f2d.o
       140          4          0          0          0        132   fnaninf.o
        10          0          0          0          0        116   fpinit.o
        10          0          0          0          0        116   fretinf.o
         0          0          0          0          0          0   usenofp.o
       200         20          0          0          0        164   cos.o
       368         46         48          0          0        200   cos_i.o
        84         16          0          0          0        372   dunder.o
        24          0          0          0          0        124   fabs.o
        48          0          0          0          0        124   fpclassify.o
       248          0          0          0          0        152   poly.o
      1080        142        200          0          0        188   rred.o
       200         20          0          0          0        164   sin.o
       304         24         40          0          0        208   sin_i.o

    ----------------------------------------------------------------------
      7010        512        288          0        100       6604   Library Totals
        24          0          0          0          4          0   (incl. Padding)

    ----------------------------------------------------------------------

      Code (inc. data)   RO Data    RW Data    ZI Data      Debug   Library Name

      1610         52          0          0         96       2196   c_w.l
      2820        192          0          0          0       2712   fz_wm.l
      2556        268        288          0          0       1696   m_wm.l

    ----------------------------------------------------------------------
      7010        512        288          0        100       6604   Library Totals

    ----------------------------------------------------------------------

==============================================================================


      Code (inc. data)   RO Data    RW Data    ZI Data      Debug   

     45394       2608        718        736      24344     490544   Grand Totals
     45394       2608        718        180      24344     490544   ELF Image Totals (compressed)
     45394       2608        718        180          0          0   ROM Totals

==============================================================================

    Total RO  Size (Code + RO Data)                46112 (  45.03kB)
    Total RW  Size (RW Data + ZI Data)             25080 (  24.49kB)
    Total ROM Size (Code + RO Data + RW Data)      46292 (  45.21kB)

==============================================================================

