<html>
<body>
<pre>
<h1>礦ision Build Log</h1>
<h2>Tool Versions:</h2>
IDE-Version: μVision V5.14.0.0
Copyright (C) 2015 ARM Ltd and ARM Germany GmbH. All rights reserved.
License Information: kkk 王茗康, kkk, LIC=LSNXV-P70TS-12RLE-56P56-X0RQE-5HNHL
 
Tool Versions:
Toolchain:       MDK-ARM Standard  Version: 5.14.0.0
Toolchain Path:  C:\Keil_v5\ARM\ARMCC\Bin
C Compiler:      Armcc.exe V5.05 update 1 (build 106)
Assembler:       Armasm.exe V5.05 update 1 (build 106)
Linker/Locator:  ArmLink.exe V5.05 update 1 (build 106)
Library Manager: ArmAr.exe V5.05 update 1 (build 106)
Hex Converter:   FromElf.exe V5.05 update 1 (build 106)
CPU DLL:         SARMCM3.DLL V5.14.0.0
Dialog DLL:      DCM.DLL V1.13.1.0
Target DLL:      CMSIS_AGDI.dll V1.21.0.0
Dialog DLL:      TCM.DLL V1.14.4.0
 
<h2>Project:</h2>
D:\GitHub kk\GDUT-RC-CONTROL\第三组\no.7 NEW DEMO\USER\FreeRTOS.uvprojx
Project File Date:  10/18/2022

<h2>Output:</h2>
Rebuild target 'FreeRTOS'
compiling main.c...
compiling stm32f4xx_it.c...
compiling system_stm32f4xx.c...
compiling action.c...
compiling bsp_air.c...
compiling can.c...
compiling control.c...
..\HARDWARE\control.c(68): warning:  #177-D: variable "time_con" was declared but never referenced
  int time_con = curve->aTimes-time_acc;//匀速时间。
..\HARDWARE\control.c: 1 warning, 0 errors
compiling m3508.c...
..\HARDWARE\m3508.c(104): warning:  #175-D: subscript out of range
                        M3508_CHASSIS_MOTOR_REAL_INFO[3].ANGLE   = (msg -> Data[0] << 8) | msg -> Data[1];  // 转子机械角度
..\HARDWARE\m3508.c(105): warning:  #175-D: subscript out of range
                        M3508_CHASSIS_MOTOR_REAL_INFO[3].RPM     = (msg -> Data[2] << 8) | msg -> Data[3];  // 实际转子转速
..\HARDWARE\m3508.c(106): warning:  #175-D: subscript out of range
                        M3508_CHASSIS_MOTOR_REAL_INFO[3].CURRENT = (msg -> Data[4] << 8) | msg -> Data[5];  // 实际转矩电流
..\HARDWARE\m3508.c(156): warning:  #175-D: subscript out of range
        tx_message_1.Data[6] = (uint8_t)(M3508_CHASSIS_MOTOR_REAL_INFO[3].TARGET_CURRENT >> 8);
..\HARDWARE\m3508.c(157): warning:  #175-D: subscript out of range
        tx_message_1.Data[7] = (uint8_t) M3508_CHASSIS_MOTOR_REAL_INFO[3].TARGET_CURRENT;
..\HARDWARE\m3508.c: 5 warnings, 0 errors
compiling move.c...
compiling path.c...
compiling pid.c...
compiling pstwo.c...
compiling TMOTOR.c...
compiling laser.c...
compiling imu_location.c...
compiling ladrc.c...
compiling tshooting.c...
compiling delay.c...
compiling sys.c...
compiling usart.c...
assembling startup_stm32f40_41xxx.s...
compiling croutine.c...
compiling event_groups.c...
compiling list.c...
compiling queue.c...
compiling tasks.c...
compiling timers.c...
compiling port.c...
compiling heap_4.c...
compiling Auto_Task.c...
compiling Robot_state_task.c...
compiling move_task.c...
..\TASK\move_task.c(145): warning:  #1-D: last line of file ends without a newline
  }
..\TASK\move_task.c: 1 warning, 0 errors
compiling MotorVelocityCurve.c...
compiling misc.c...
compiling stm32f4xx_adc.c...
compiling stm32f4xx_can.c...
compiling stm32f4xx_crc.c...
compiling stm32f4xx_cryp.c...
compiling stm32f4xx_cryp_aes.c...
compiling stm32f4xx_cryp_des.c...
compiling stm32f4xx_cryp_tdes.c...
compiling stm32f4xx_dac.c...
compiling stm32f4xx_dbgmcu.c...
compiling stm32f4xx_dcmi.c...
compiling stm32f4xx_dma.c...
compiling stm32f4xx_dma2d.c...
compiling stm32f4xx_exti.c...
compiling stm32f4xx_flash.c...
compiling stm32f4xx_flash_ramfunc.c...
compiling stm32f4xx_gpio.c...
compiling stm32f4xx_hash.c...
compiling stm32f4xx_hash_md5.c...
compiling stm32f4xx_hash_sha1.c...
compiling stm32f4xx_i2c.c...
compiling stm32f4xx_iwdg.c...
compiling stm32f4xx_ltdc.c...
compiling stm32f4xx_pwr.c...
compiling stm32f4xx_rcc.c...
compiling stm32f4xx_rng.c...
compiling stm32f4xx_rtc.c...
compiling stm32f4xx_sai.c...
compiling stm32f4xx_sdio.c...
compiling stm32f4xx_spi.c...
compiling stm32f4xx_syscfg.c...
compiling stm32f4xx_tim.c...
compiling stm32f4xx_usart.c...
compiling stm32f4xx_wwdg.c...
compiling stm32f4xx_fsmc.c...
compiling FSM.c...
compiling ros.c...
linking...
Program Size: Code=29586 RO-data=718 RW-data=932 ZI-data=24692  
FromELF: creating hex file...
"..\OBJ\LED.axf" - 0 Error(s), 7 Warning(s).

<h2>Collection of Component include folders:</h2>
  D:\GitHub kk\GDUT-RC-CONTROL\第三组\no.7 NEW DEMO\USER\RTE
  C:\Keil_v5\ARM\PACK\Keil\STM32F4xx_DFP\2.13.0

<h2>Collection of Component Files used:</h2>
</pre>
</body>
</html>
