<html>
<body>
<pre>
<h1>礦ision Build Log</h1>
<h2>Tool Versions:</h2>
IDE-Version: μVision V5.22.0.0
Copyright (C) 2016 ARM Ltd and ARM Germany GmbH. All rights reserved.
License Information: 15 2495477531@qq.com, 56165, LIC=D0DTG-VKJUD-ZWP2V-PD78Z-HSE4C-XXYJY
 
Tool Versions:
Toolchain:       MDK-ARM Plus  Version: 5.22
Toolchain Path:  D:\keil5\ARM\ARMCC\Bin
C Compiler:      Armcc.exe V5.06 update 4 (build 422)
Assembler:       Armasm.exe V5.06 update 4 (build 422)
Linker/Locator:  ArmLink.exe V5.06 update 4 (build 422)
Library Manager: ArmAr.exe V5.06 update 4 (build 422)
Hex Converter:   FromElf.exe V5.06 update 4 (build 422)
CPU DLL:         SARMCM3.DLL V5.22
Dialog DLL:      DCM.DLL V1.13.9.0
Target DLL:      CMSIS_AGDI.dll V1.27.0.0
Dialog DLL:      TCM.DLL V1.21.0.0
 
<h2>Project:</h2>
E:\github\GDUT-RC-CONTROL\第三组\no.7 NEW DEMO\USER\FreeRTOS.uvprojx
Project File Date:  10/20/2022

<h2>Output:</h2>
*** Using Compiler 'V5.06 update 4 (build 422)', folder: 'D:\keil5\ARM\ARMCC\Bin'
Build target 'FreeRTOS'
compiling stm32f4xx_it.c...
compiling system_stm32f4xx.c...
compiling bsp_air.c...
compiling pid.c...
compiling path.c...
compiling main.c...
compiling control.c...
..\HARDWARE\control.c(68): warning:  #177-D: variable "time_con"  was declared but never referenced
  int time_con = curve->aTimes-time_acc;//匀速时间。
..\HARDWARE\control.c: 1 warning, 0 errors
compiling action.c...
..\HARDWARE\action.c(255): warning:  #236-D: controlling expression is constant
  	if(YawAdjust)
..\HARDWARE\action.c: 1 warning, 0 errors
compiling pstwo.c...
compiling can.c...
compiling move.c...
..\HARDWARE\move.c(180): warning:  #940-D: missing return statement at end of non-void function "LaserLockPoint" 
  }
..\HARDWARE\move.c: 1 warning, 0 errors
compiling imu_location.c...
assembling startup_stm32f40_41xxx.s...
compiling ladrc.c...
compiling sys.c...
compiling usart.c...
compiling delay.c...
compiling m3508.c...
..\HARDWARE\m3508.c(104): warning:  #175-D: subscript out of range
  			M3508_CHASSIS_MOTOR_REAL_INFO[3].ANGLE   = (msg -> Data[0] << 8) | msg -> Data[1];  // 转子机械角度
..\HARDWARE\m3508.c(105): warning:  #175-D: subscript out of range
  			M3508_CHASSIS_MOTOR_REAL_INFO[3].RPM     = (msg -> Data[2] << 8) | msg -> Data[3];  // 实际转子转速
..\HARDWARE\m3508.c(106): warning:  #175-D: subscript out of range
  			M3508_CHASSIS_MOTOR_REAL_INFO[3].CURRENT = (msg -> Data[4] << 8) | msg -> Data[5];  // 实际转矩电流
..\HARDWARE\m3508.c: 3 warnings, 0 errors
compiling MIT.c...
..\HARDWARE\MIT.c(162): warning:  #1-D: last line of file ends without a newline
  }
..\HARDWARE\MIT.c: 1 warning, 0 errors
compiling TMOTOR.c...
compiling croutine.c...
compiling laser.c...
compiling jiguang.c...
..\HARDWARE\jiguang.c(22): warning:  #550-D: variable "checkSum"  was set but never used
  	static unsigned char checkSum             = 0;
..\HARDWARE\jiguang.c: 1 warning, 0 errors
compiling event_groups.c...
compiling misc.c...
compiling list.c...
compiling port.c...
compiling heap_4.c...
compiling queue.c...
compiling MotorVelocityCurve.c...
compiling Auto_Task.c...
compiling Robot_state_task.c...
compiling timers.c...
compiling move_task.c...
..\TASK\move_task.c(84): warning:  #236-D: controlling expression is constant
  										if(Jiguang_Action_Update)
..\TASK\move_task.c(98): warning:  #236-D: controlling expression is constant
  										if(Jiguang_Action_Update)
..\TASK\move_task.c(110): warning:  #236-D: controlling expression is constant
  										if(Jiguang_Action_Update)
..\TASK\move_task.c: 3 warnings, 0 errors
compiling tasks.c...
compiling stm32f4xx_crc.c...
compiling stm32f4xx_adc.c...
compiling stm32f4xx_can.c...
compiling stm32f4xx_cryp_des.c...
compiling stm32f4xx_dbgmcu.c...
compiling stm32f4xx_cryp.c...
compiling stm32f4xx_dcmi.c...
compiling stm32f4xx_dac.c...
compiling stm32f4xx_cryp_tdes.c...
compiling stm32f4xx_dma.c...
compiling stm32f4xx_cryp_aes.c...
compiling stm32f4xx_exti.c...
compiling stm32f4xx_flash_ramfunc.c...
compiling stm32f4xx_dma2d.c...
compiling stm32f4xx_gpio.c...
compiling stm32f4xx_iwdg.c...
compiling stm32f4xx_hash_sha1.c...
compiling stm32f4xx_hash.c...
compiling stm32f4xx_hash_md5.c...
compiling stm32f4xx_flash.c...
compiling stm32f4xx_i2c.c...
compiling stm32f4xx_ltdc.c...
compiling stm32f4xx_syscfg.c...
compiling stm32f4xx_pwr.c...
compiling stm32f4xx_rng.c...
compiling stm32f4xx_sai.c...
compiling stm32f4xx_wwdg.c...
compiling stm32f4xx_usart.c...
compiling stm32f4xx_rcc.c...
compiling stm32f4xx_spi.c...
compiling stm32f4xx_sdio.c...
compiling stm32f4xx_tim.c...
compiling stm32f4xx_rtc.c...
compiling stm32f4xx_fsmc.c...
compiling FSM.c...
compiling ros.c...
linking...
Program Size: Code=30560 RO-data=712 RW-data=1156 ZI-data=24972  
FromELF: creating hex file...
"..\OBJ\LED.axf" - 0 Error(s), 11 Warning(s).

<h2>Collection of Component include folders:</h2>
  E:\github\GDUT-RC-CONTROL\第三组\no.7 NEW DEMO\USER\RTE\_FreeRTOS
  D:\keil5\ARM\PACK\Keil\STM32F4xx_DFP\2.11.0\Drivers\CMSIS\Device\ST\STM32F4xx\Include

<h2>Collection of Component Files used:</h2>
Build Time Elapsed:  00:00:08
</pre>
</body>
</html>
