<html>
<body>
<pre>
<h1>礦ision Build Log</h1>
<h2>Tool Versions:</h2>
IDE-Version: μVision V5.14.0.0
Copyright (C) 2015 ARM Ltd and ARM Germany GmbH. All rights reserved.
License Information: kkk 王茗康, kkk, LIC=LSNXV-P70TS-12RLE-56P56-X0RQE-5HNHL
 
Tool Versions:
Toolchain:       MDK-ARM Standard  Version: 5.14.0.0
Toolchain Path:  C:\Keil_v5\ARM\ARMCC\Bin
C Compiler:      Armcc.exe V5.05 update 1 (build 106)
Assembler:       Armasm.exe V5.05 update 1 (build 106)
Linker/Locator:  ArmLink.exe V5.05 update 1 (build 106)
Library Manager: ArmAr.exe V5.05 update 1 (build 106)
Hex Converter:   FromElf.exe V5.05 update 1 (build 106)
CPU DLL:         SARMCM3.DLL V5.14.0.0
Dialog DLL:      DCM.DLL V1.13.1.0
Target DLL:      CMSIS_AGDI.dll V1.21.0.0
Dialog DLL:      TCM.DLL V1.14.4.0
 
<h2>Project:</h2>
C:\Users\王茗康\Documents\WeChat Files\wxid_p3dez3ftjaib22\FileStorage\File\2022-10\新   激光3.5校准版0308\USER\ADC.uvprojx
Project File Date:  10/12/2022

<h2>Output:</h2>
Build target 'ADC'
compiling show.c...
..\HARDWARE\show\show.c(311): warning:  #1-D: last line of file ends without a newline
   
..\HARDWARE\show\show.c: 1 warning, 0 errors
linking...
Program Size: Code=10926 RO-data=2414 RW-data=1016 ZI-data=1880  
FromELF: creating hex file...
"..\OBJ\ADC.axf" - 0 Error(s), 1 Warning(s).

<h2>Collection of Component include folders:</h2>
  C:\Users\王茗康\Documents\WeChat Files\wxid_p3dez3ftjaib22\FileStorage\File\2022-10\新   激光3.5校准版0308\USER\RTE
  C:\Keil_v5\ARM\PACK\Keil\STM32F1xx_DFP\2.2.0

<h2>Collection of Component Files used:</h2>
</pre>
</body>
</html>
